******************************************************************************
                  TI ARM Linker Unix v16.9.6                   
******************************************************************************
>> Linked Fri May  4 18:27:07 2018

OUTPUT FILE NAME:   <VirtualHorizon.out>
ENTRY POINT SYMBOL: "_c_int00"  address: 00000fcd


MEMORY CONFIGURATION

         name            origin    length      used     unused   attr    fill
----------------------  --------  ---------  --------  --------  ----  --------
  MAIN                  00000000   00040000  00001437  0003ebc9  R  X
  INFO                  00200000   00004000  00000000  00004000  R  X
  SRAM_CODE             01000000   00010000  0000461c  0000b9e4  RW X
  SRAM_DATA             20000000   00010000  0000461c  0000b9e4  RW  


SEGMENT ALLOCATION MAP

run origin  load origin   length   init length attrs members
----------  ----------- ---------- ----------- ----- -------
00000000    00000000    00001438   00001438    r-x
  00000000    00000000    000000e4   000000e4    r-- .intvecs
  000000e4    000000e4    0000115c   0000115c    r-x .text
  00001240    00001240    000001a7   000001a7    r-- .const
  000013e8    000013e8    00000008   00000008    r-- .init_array
  000013f0    000013f0    00000048   00000048    r-- .cinit
20000000    20000000    00004420   00000000    rw-
  20000000    20000000    00003fe4   00000000    rw- .bss
  20003fe8    20003fe8    00000400   00000000    rw- .sysmem
  200043e8    200043e8    00000038   00000000    rw- .data
2000fe00    2000fe00    00000200   00000000    rw-
  2000fe00    2000fe00    00000200   00000000    rw- .stack


SECTION ALLOCATION MAP

 output                                  attributes/
section   page    origin      length       input sections
--------  ----  ----------  ----------   ----------------
.intvecs   0    00000000    000000e4     
                  00000000    000000e4     startup_msp432p401r_ccs.obj (.intvecs:retain)

.binit     0    00000000    00000000     

.text      0    000000e4    0000115c     
                  000000e4    000003d0     rtsv7M4_T_le_v4SPD16_eabi.lib : memory.obj (.text)
                  000004b4    0000032c     system_msp432p401r.obj (.text)
                  000007e0    00000262     Scheduler.obj (.text)
                  00000a42    00000002     rtsv7M4_T_le_v4SPD16_eabi.lib : mpu_init.obj (.text)
                  00000a44    00000178     main.obj (.text)
                  00000bbc    000000bc     rtsv7M4_T_le_v4SPD16_eabi.lib : typeinfo_.obj (.text)
                  00000c78    0000009c                                   : memcpy_t2.obj (.text)
                  00000d14    0000008c     Mailbox.obj (.text)
                  00000da0    0000007a     rtsv7M4_T_le_v4SPD16_eabi.lib : memset_t2.obj (.text)
                  00000e1a    00000002                                   : newhandler.obj (.text)
                  00000e1c    00000070     Task.obj (.text)
                  00000e8c    00000070     rtsv7M4_T_le_v4SPD16_eabi.lib : autoinit.obj (.text)
                  00000efc    00000068     LED.obj (.text)
                  00000f64    00000068     rtsv7M4_T_le_v4SPD16_eabi.lib : copy_decompress_lzss.obj (.text:decompress:lzss)
                  00000fcc    00000054                                   : boot.obj (.text)
                  00001020    00000054                                   : exit.obj (.text)
                  00001074    0000004c                                   : cpy_tbl.obj (.text)
                  000010c0    00000030                                   : new_.obj (.text)
                  000010f0    00000022     Mailbox.obj (.text:_ZNSt4priv12_Vector_baseI10st_MessageSaIS1_EEC1ERKS2_)
                  00001112    0000001c     Mailbox.obj (.text:_ZN7MailboxC1Ev)
                  0000112e    0000001a     Mailbox.obj (.text:_ZNSt4priv17_STLP_alloc_proxyIP10st_MessageS1_SaIS1_EEC1ERKS3_S2_)
                  00001148    00000018     Mailbox.obj (.text:_ZNSt6vectorI10st_MessageSaIS0_EEixEj)
                  00001160    00000018     rtsv7M4_T_le_v4SPD16_eabi.lib : args_main.obj (.text)
                  00001178    00000014                                   : _lock.obj (.text)
                  0000118c    00000012     Mailbox.obj (.text:_ZNSt6vectorI10st_MessageSaIS0_EEC1ERKS1_)
                  0000119e    00000010     Mailbox.obj (.text:_ZNSaI10st_MessageEC2ERKS0_)
                  000011ae    00000010     Mailbox.obj (.text:_ZNSt4priv12_Vector_baseI10st_MessageSaIS1_EEC2ERKS2_)
                  000011be    0000000e     Mailbox.obj (.text:_ZNSaI10st_MessageEC1ERKS0_)
                  000011cc    0000000e     Mailbox.obj (.text:_ZNSt6vectorI10st_MessageSaIS0_EE5beginEv)
                  000011da    0000000e     rtsv7M4_T_le_v4SPD16_eabi.lib : copy_decompress_none.obj (.text:decompress:none)
                  000011e8    0000000e     startup_msp432p401r_ccs.obj (.text)
                  000011f6    0000000c     Task.obj (.text:_ZN4Task3runEv)
                  00001202    0000000c     Task.obj (.text:_ZN4Task5setupEv)
                  0000120e    0000000c     Mailbox.obj (.text:_ZNSaI10st_MessageEC1Ev)
                  0000121a    0000000c     Mailbox.obj (.text:_ZNSaI10st_MessageED1Ev)
                  00001226    0000000c     rtsv7M4_T_le_v4SPD16_eabi.lib : copy_zero_init.obj (.text:decompress:ZI)
                  00001232    00000008                                   : delete.obj (.text)
                  0000123a    00000004                                   : pre_init.obj (.text)
                  0000123e    00000002                                   : startup.obj (.text)

.const     0    00001240    000001a7     
                  00001240    00000028     rtsv7M4_T_le_v4SPD16_eabi.lib : typeinfo_.obj (.const:.typeinfo:_ZTSN10__cxxabiv123__fundamental_type_infoE)
                  00001268    00000025                                   : typeinfo_.obj (.const:.typeinfo:_ZTSN10__cxxabiv120__si_class_type_infoE)
                  0000128d    00000024                                   : typeinfo_.obj (.const:.typeinfo:_ZTSN10__cxxabiv119__pointer_type_infoE)
                  000012b1    00000022                                   : typeinfo_.obj (.const:.typeinfo:_ZTSN10__cxxabiv117__class_type_infoE)
                  000012d3    00000022                                   : typeinfo_.obj (.const:.typeinfo:_ZTSN10__cxxabiv117__pbase_type_infoE)
                  000012f5    00000002                                   : typeinfo_.obj (.const:.typeinfo:_ZTSe)
                  000012f7    00000001     --HOLE-- [fill = 0]
                  000012f8    00000010                                   : typeinfo_.obj (.const:.typeinfo:_ZTIPKe)
                  00001308    00000010     LED.obj (.const:_ZTV3LED)
                  00001318    00000010     Task.obj (.const:_ZTV4Task)
                  00001328    00000010     rtsv7M4_T_le_v4SPD16_eabi.lib : typeinfo_.obj (.const:_ZTVN10__cxxabiv117__class_type_infoE)
                  00001338    00000010                                   : typeinfo_.obj (.const:_ZTVN10__cxxabiv119__pointer_type_infoE)
                  00001348    00000010                                   : typeinfo_.obj (.const:_ZTVN10__cxxabiv120__si_class_type_infoE)
                  00001358    00000010                                   : typeinfo_.obj (.const:_ZTVN10__cxxabiv123__fundamental_type_infoE)
                  00001368    0000000d                                   : typeinfo_.obj (.const:.typeinfo:_ZTSSt9type_info)
                  00001375    00000003     --HOLE-- [fill = 0]
                  00001378    0000000c     LED.obj (.const:.typeinfo:_ZTI3LED)
                  00001384    0000000c     rtsv7M4_T_le_v4SPD16_eabi.lib : typeinfo_.obj (.const:.typeinfo:_ZTIN10__cxxabiv117__class_type_infoE)
                  00001390    0000000c                                   : typeinfo_.obj (.const:.typeinfo:_ZTIN10__cxxabiv117__pbase_type_infoE)
                  0000139c    0000000c                                   : typeinfo_.obj (.const:.typeinfo:_ZTIN10__cxxabiv119__pointer_type_infoE)
                  000013a8    0000000c                                   : typeinfo_.obj (.const:.typeinfo:_ZTIN10__cxxabiv120__si_class_type_infoE)
                  000013b4    0000000c                                   : typeinfo_.obj (.const:.typeinfo:_ZTIN10__cxxabiv123__fundamental_type_infoE)
                  000013c0    00000008     LED.obj (.const:.typeinfo:_ZTI4Task)
                  000013c8    00000008     rtsv7M4_T_le_v4SPD16_eabi.lib : typeinfo_.obj (.const:.typeinfo:_ZTISt9type_info)
                  000013d0    00000008                                   : typeinfo_.obj (.const:.typeinfo:_ZTIe)
                  000013d8    00000006     LED.obj (.const:.typeinfo:_ZTS4Task)
                  000013de    00000005     LED.obj (.const:.typeinfo:_ZTS3LED)
                  000013e3    00000004     rtsv7M4_T_le_v4SPD16_eabi.lib : typeinfo_.obj (.const:.typeinfo:_ZTSPKe)

.cinit     0    000013f0    00000048     
                  000013f0    00000021     (.cinit..data.load) [load image, compression = lzss]
                  00001411    00000003     --HOLE-- [fill = 0]
                  00001414    0000000c     (__TI_handler_table)
                  00001420    00000008     (.cinit..bss.load) [load image, compression = zero_init]
                  00001428    00000010     (__TI_cinit_table)

.init_array 
*          0    000013e8    00000008     
                  000013e8    00000004     Mailbox.obj (.init_array)
                  000013ec    00000004     main.obj (.init_array)

.bss       0    20000000    00003fe4     UNINITIALIZED
                  20000000    00003fd8     main.obj (.bss:g_MainScheduler)
                  20003fd8    00000004     Mailbox.obj (.bss)
                  20003fdc    00000004     main.obj (.bss)
                  20003fe0    00000004     (.common:_ZSt16__dummy_typeinfo)

.sysmem    0    20003fe8    00000400     UNINITIALIZED
                  20003fe8    00000008     rtsv7M4_T_le_v4SPD16_eabi.lib : memory.obj (.sysmem)
                  20003ff0    000003f8     --HOLE--

.data      0    200043e8    00000038     UNINITIALIZED
                  200043e8    0000000c     rtsv7M4_T_le_v4SPD16_eabi.lib : exit.obj (.data:$O1$$)
                  200043f4    0000000c                                   : memory.obj (.data:$O1$$)
                  20004400    00000009     main.obj (.data)
                  20004409    00000003     --HOLE--
                  2000440c    00000008     rtsv7M4_T_le_v4SPD16_eabi.lib : _lock.obj (.data:$O1$$)
                  20004414    00000004                                   : stkdepth_vars.obj (.data)
                  20004418    00000004                                   : vars.obj (.data)
                  2000441c    00000004     system_msp432p401r.obj (.data)

.stack     0    2000fe00    00000200     UNINITIALIZED
                  2000fe00    00000200     --HOLE--

MODULE SUMMARY

       Module                        code   ro data   rw data
       ------                        ----   -------   -------
    ./
       main.obj                      376    4         32714  
       system_msp432p401r.obj        812    0         8      
       Scheduler.obj                 610    0         0      
       Mailbox.obj                   354    4         8      
       startup_msp432p401r_ccs.obj   14     228       0      
       Task.obj                      136    16        0      
       LED.obj                       104    47        0      
    +--+-----------------------------+------+---------+---------+
       Total:                        2406   299       32730  
                                                             
    /home/david/ti/ccsv7/tools/compiler/ti-cgt-arm_16.9.6.LTS/lib/rtsv7M4_T_le_v4SPD16_eabi.lib
       memory.obj                    976    0         24     
       typeinfo_.obj                 188    356       8      
       memcpy_t2.obj                 156    0         0      
       memset_t2.obj                 122    0         0      
       autoinit.obj                  112    0         0      
       exit.obj                      84     0         24     
       copy_decompress_lzss.obj      104    0         0      
       boot.obj                      84     0         0      
       cpy_tbl.obj                   76     0         0      
       new_.obj                      48     0         0      
       _lock.obj                     20     0         16     
       args_main.obj                 24     0         0      
       copy_decompress_none.obj      14     0         0      
       copy_zero_init.obj            12     0         0      
       delete.obj                    8      0         0      
       stkdepth_vars.obj             0      0         8      
       vars.obj                      0      0         8      
       pre_init.obj                  4      0         0      
       mpu_init.obj                  2      0         0      
       newhandler.obj                2      0         0      
       startup.obj                   2      0         0      
    +--+-----------------------------+------+---------+---------+
       Total:                        2038   356       88     
                                                             
       Heap:                         0      0         2048   
       Stack:                        0      0         1024   
       Linker Generated:             0      69        0      
    +--+-----------------------------+------+---------+---------+
       Grand Total:                  4444   724       35890  


LINKER GENERATED COPY TABLES

__TI_cinit_table @ 00001428 records: 2, size/record: 8, table size: 16
	.data: load addr=000013f0, load size=00000021 bytes, run addr=200043e8, run size=00000038 bytes, compression=lzss
	.bss: load addr=00001420, load size=00000008 bytes, run addr=20000000, run size=00003fe4 bytes, compression=zero_init


LINKER GENERATED HANDLER TABLE

__TI_handler_table @ 00001414 records: 3, size/record: 4, table size: 12
	index: 0, handler: __TI_decompress_lzss
	index: 1, handler: __TI_decompress_none
	index: 2, handler: __TI_zero_init


GLOBAL SYMBOLS: SORTED ALPHABETICALLY BY Name 

address   name                                                             
-------   ----                                                             
000011f5  ADC14_IRQHandler                                                 
000011f5  AES256_IRQHandler                                                
000011f5  BusFault_Handler                                                 
00001021  C$$EXIT                                                          
000011f5  COMP_E0_IRQHandler                                               
000011f5  COMP_E1_IRQHandler                                               
000011f5  CS_IRQHandler                                                    
000011f5  DMA_ERR_IRQHandler                                               
000011f5  DMA_INT0_IRQHandler                                              
000011f5  DMA_INT1_IRQHandler                                              
000011f5  DMA_INT2_IRQHandler                                              
000011f5  DMA_INT3_IRQHandler                                              
000011f5  DebugMon_Handler                                                 
000011f5  Default_Handler                                                  
000011f5  EUSCIA0_IRQHandler                                               
000011f5  EUSCIA1_IRQHandler                                               
000011f5  EUSCIA2_IRQHandler                                               
000011f5  EUSCIA3_IRQHandler                                               
000011f5  EUSCIB0_IRQHandler                                               
000011f5  EUSCIB1_IRQHandler                                               
000011f5  EUSCIB2_IRQHandler                                               
000011f5  EUSCIB3_IRQHandler                                               
000011f5  FLCTL_IRQHandler                                                 
000011f5  FPU_IRQHandler                                                   
000011f5  HardFault_Handler                                                
000011f5  MemManage_Handler                                                
000011f5  NMI_Handler                                                      
000011f5  PCM_IRQHandler                                                   
000011f5  PORT1_IRQHandler                                                 
000011f5  PORT2_IRQHandler                                                 
000011f5  PORT3_IRQHandler                                                 
000011f5  PORT4_IRQHandler                                                 
000011f5  PORT5_IRQHandler                                                 
000011f5  PORT6_IRQHandler                                                 
000011f5  PSS_IRQHandler                                                   
000011f5  PendSV_Handler                                                   
000011f5  RTC_C_IRQHandler                                                 
000011e9  Reset_Handler                                                    
000013e8  SHT$$INIT_ARRAY$$Base                                            
000013f0  SHT$$INIT_ARRAY$$Limit                                           
000011f5  SVC_Handler                                                      
000011f5  SysTick_Handler                                                  
2000441c  SystemCoreClock                                                  
000004b5  SystemCoreClockUpdate                                            
00000729  SystemInit                                                       
00000b53  T32_INT1_IRQHandler                                              
00000b53  T32_INT1_IRQHandler                                              
000011f5  T32_INT2_IRQHandler                                              
000011f5  T32_INTC_IRQHandler                                              
000011f5  TA0_0_IRQHandler                                                 
000011f5  TA0_N_IRQHandler                                                 
000011f5  TA1_0_IRQHandler                                                 
000011f5  TA1_N_IRQHandler                                                 
000011f5  TA2_0_IRQHandler                                                 
000011f5  TA2_N_IRQHandler                                                 
000011f5  TA3_0_IRQHandler                                                 
000011f5  TA3_N_IRQHandler                                                 
000011f5  UsageFault_Handler                                               
4000480c  WDTCTL_SYM                                                       
000011f5  WDT_A_IRQHandler                                                 
00000e1b  _Z21__default_new_handlerv                                       
00000b1f  _Z5Setupv                                                        
00000c69  _ZN10__cxxabiv116__enum_type_infoD0Ev                            
00000c67  _ZN10__cxxabiv116__enum_type_infoD1Ev                            
00000c67  _ZN10__cxxabiv116__enum_type_infoD2Ev                            
00000c5f  _ZN10__cxxabiv117__array_type_infoD0Ev                           
00000c5d  _ZN10__cxxabiv117__array_type_infoD1Ev                           
00000c5d  _ZN10__cxxabiv117__array_type_infoD2Ev                           
00000c55  _ZN10__cxxabiv117__class_type_infoD0Ev                           
00000c53  _ZN10__cxxabiv117__class_type_infoD1Ev                           
00000c53  _ZN10__cxxabiv117__class_type_infoD2Ev                           
00000c4b  _ZN10__cxxabiv117__pbase_type_infoD0Ev                           
00000c49  _ZN10__cxxabiv117__pbase_type_infoD1Ev                           
00000c49  _ZN10__cxxabiv117__pbase_type_infoD2Ev                           
00000c41  _ZN10__cxxabiv119__pointer_type_infoD0Ev                         
00000c3f  _ZN10__cxxabiv119__pointer_type_infoD1Ev                         
00000c3f  _ZN10__cxxabiv119__pointer_type_infoD2Ev                         
00000c37  _ZN10__cxxabiv120__function_type_infoD0Ev                        
00000c35  _ZN10__cxxabiv120__function_type_infoD1Ev                        
00000c35  _ZN10__cxxabiv120__function_type_infoD2Ev                        
00000c2d  _ZN10__cxxabiv120__si_class_type_infoD0Ev                        
00000c2b  _ZN10__cxxabiv120__si_class_type_infoD1Ev                        
00000c2b  _ZN10__cxxabiv120__si_class_type_infoD2Ev                        
00000c23  _ZN10__cxxabiv121__vmi_class_type_infoD0Ev                       
00000c21  _ZN10__cxxabiv121__vmi_class_type_infoD1Ev                       
00000c21  _ZN10__cxxabiv121__vmi_class_type_infoD2Ev                       
00000c19  _ZN10__cxxabiv123__fundamental_type_infoD0Ev                     
00000c17  _ZN10__cxxabiv123__fundamental_type_infoD1Ev                     
00000c17  _ZN10__cxxabiv123__fundamental_type_infoD2Ev                     
00000c0f  _ZN10__cxxabiv129__pointer_to_member_type_infoD0Ev               
00000c0d  _ZN10__cxxabiv129__pointer_to_member_type_infoD1Ev               
00000c0d  _ZN10__cxxabiv129__pointer_to_member_type_infoD2Ev               
00000f1d  _ZN3LED3runEv                                                    
00000f35  _ZN3LED5setupEv                                                  
00000efd  _ZN3LEDC1Et                                                      
00000efd  _ZN3LEDC2Et                                                      
00000e49  _ZN4Task10getMessageEh                                           
00000e5f  _ZN4Task11sendMessageE10st_Message                               
20004408  _ZN4Task14m_u8NextTaskIDE                                        
000011f7  _ZN4Task3runEv                                                   
00001203  _ZN4Task5setupEv                                                 
00000e1d  _ZN4TaskC1Ev                                                     
00000e1d  _ZN4TaskC2Ev                                                     
00000d15  _ZN7Mailbox10getMailboxEv                                        
00000d55  _ZN7Mailbox10getMessageEh                                        
00000d1b  _ZN7Mailbox11sendMessageE10st_Message                            
20003fd8  _ZN7Mailbox7MailObjE                                             
00001113  _ZN7MailboxC1Ev                                                  
00000a29  _ZN9Scheduler21CalculateNextScheduleEv                           
00000a35  _ZN9Scheduler22SortScheduleByPriorityEP4Task                     
000008bd  _ZN9Scheduler3runEv                                              
000009dd  _ZN9Scheduler5setupEv                                            
00000823  _ZN9Scheduler6attachEP4Task8TaskType10TaskActivey                
000007e1  _ZN9SchedulerC1Ev                                                
000007e1  _ZN9SchedulerC2Ev                                                
00000bcf  _ZNKSt9type_info4nameEv                                          
00000bff  _ZNKSt9type_info6beforeERKS_                                     
00000be9  _ZNKSt9type_infoeqERKS_                                          
00000bd3  _ZNKSt9type_infoneERKS_                                          
000011bf  _ZNSaI10st_MessageEC1ERKS0_                                      
0000120f  _ZNSaI10st_MessageEC1Ev                                          
0000119f  _ZNSaI10st_MessageEC2ERKS0_                                      
0000121b  _ZNSaI10st_MessageED1Ev                                          
000010f1  _ZNSt4priv12_Vector_baseI10st_MessageSaIS1_EEC1ERKS2_            
000011af  _ZNSt4priv12_Vector_baseI10st_MessageSaIS1_EEC2ERKS2_            
0000112f  _ZNSt4priv17_STLP_alloc_proxyIP10st_MessageS1_SaIS1_EEC1ERKS3_S2_
000011cd  _ZNSt6vectorI10st_MessageSaIS0_EE5beginEv                        
0000118d  _ZNSt6vectorI10st_MessageSaIS0_EEC1ERKS1_                        
00001149  _ZNSt6vectorI10st_MessageSaIS0_EEixEj                            
00000bc7  _ZNSt9type_infoD0Ev                                              
00000bc5  _ZNSt9type_infoD1Ev                                              
00000bc5  _ZNSt9type_infoD2Ev                                              
20003fe0  _ZSt16__dummy_typeinfo                                           
00000bbd  _ZSt21__gen_dummy_typeinfosv                                     
00001378  _ZTI3LED                                                         
000013c0  _ZTI4Task                                                        
00001384  _ZTIN10__cxxabiv117__class_type_infoE                            
00001390  _ZTIN10__cxxabiv117__pbase_type_infoE                            
0000139c  _ZTIN10__cxxabiv119__pointer_type_infoE                          
000013a8  _ZTIN10__cxxabiv120__si_class_type_infoE                         
000013b4  _ZTIN10__cxxabiv123__fundamental_type_infoE                      
000012f8  _ZTIPKe                                                          
000013c8  _ZTISt9type_info                                                 
000013d0  _ZTIe                                                            
000013de  _ZTS3LED                                                         
000013d8  _ZTS4Task                                                        
000012b1  _ZTSN10__cxxabiv117__class_type_infoE                            
000012d3  _ZTSN10__cxxabiv117__pbase_type_infoE                            
0000128d  _ZTSN10__cxxabiv119__pointer_type_infoE                          
00001268  _ZTSN10__cxxabiv120__si_class_type_infoE                         
00001240  _ZTSN10__cxxabiv123__fundamental_type_infoE                      
000013e3  _ZTSPKe                                                          
00001368  _ZTSSt9type_info                                                 
000012f5  _ZTSe                                                            
00001308  _ZTV3LED                                                         
00001318  _ZTV4Task                                                        
00001328  _ZTVN10__cxxabiv117__class_type_infoE                            
00001338  _ZTVN10__cxxabiv119__pointer_type_infoE                          
00001348  _ZTVN10__cxxabiv120__si_class_type_infoE                         
00001358  _ZTVN10__cxxabiv123__fundamental_type_infoE                      
00001233  _ZdlPv                                                           
000010c1  _Znwj                                                            
20010000  __STACK_END                                                      
00000200  __STACK_SIZE                                                     
00000400  __SYSMEM_SIZE                                                    
00001428  __TI_CINIT_Base                                                  
00001438  __TI_CINIT_Limit                                                 
00001414  __TI_Handler_Table_Base                                          
00001420  __TI_Handler_Table_Limit                                         
00000e8d  __TI_auto_init                                                   
200043e8  __TI_cleanup_ptr                                                 
00000f65  __TI_decompress_lzss                                             
000011db  __TI_decompress_none                                             
200043ec  __TI_dtors_ptr                                                   
200043f0  __TI_enable_exit_profile_output                                  
ffffffff  __TI_pprof_out_hndl                                              
ffffffff  __TI_prof_data_size                                              
ffffffff  __TI_prof_data_start                                             
00000000  __TI_static_base__                                               
00001227  __TI_zero_init                                                   
00000da1  __aeabi_memclr                                                   
00000da1  __aeabi_memclr4                                                  
00000da1  __aeabi_memclr8                                                  
00000c79  __aeabi_memcpy                                                   
00000c79  __aeabi_memcpy4                                                  
00000c79  __aeabi_memcpy8                                                  
00000da3  __aeabi_memset                                                   
00000da3  __aeabi_memset4                                                  
00000da3  __aeabi_memset8                                                  
ffffffff  __binit__                                                        
ffffffff  __c_args__                                                       
00000a43  __mpu_init                                                       
2000fe00  __stack                                                          
00000d7f  __sti___11_Mailbox_cpp_00b36d32                                  
00000b7b  __sti___8_main_cpp_937618a8                                      
00001161  _args_main                                                       
00000fcd  _c_int00                                                         
2000440c  _lock                                                            
20004418  _new_handler                                                     
00001187  _nop                                                             
0000117f  _register_lock                                                   
00001179  _register_unlock                                                 
20003fe8  _sys_memory                                                      
0000123f  _system_post_cinit                                               
0000123b  _system_pre_init                                                 
20004410  _unlock                                                          
00001025  abort                                                            
ffffffff  binit                                                            
00000485  calloc                                                           
00001075  copy_in                                                          
0000102d  exit                                                             
000001cf  free                                                             
20003fdc  g_Mailbox                                                        
20000000  g_MainScheduler                                                  
00000000  interruptVectors                                                 
00000aaf  main                                                             
20004414  main_func_sp                                                     
00000165  malloc                                                           
00000399  memalign                                                         
00000c79  memcpy                                                           
00000da9  memset                                                           
000000e5  minit                                                            
0000028f  realloc                                                          


GLOBAL SYMBOLS: SORTED BY Symbol Address 

address   name                                                             
-------   ----                                                             
00000000  __TI_static_base__                                               
00000000  interruptVectors                                                 
000000e5  minit                                                            
00000165  malloc                                                           
000001cf  free                                                             
00000200  __STACK_SIZE                                                     
0000028f  realloc                                                          
00000399  memalign                                                         
00000400  __SYSMEM_SIZE                                                    
00000485  calloc                                                           
000004b5  SystemCoreClockUpdate                                            
00000729  SystemInit                                                       
000007e1  _ZN9SchedulerC1Ev                                                
000007e1  _ZN9SchedulerC2Ev                                                
00000823  _ZN9Scheduler6attachEP4Task8TaskType10TaskActivey                
000008bd  _ZN9Scheduler3runEv                                              
000009dd  _ZN9Scheduler5setupEv                                            
00000a29  _ZN9Scheduler21CalculateNextScheduleEv                           
00000a35  _ZN9Scheduler22SortScheduleByPriorityEP4Task                     
00000a43  __mpu_init                                                       
00000aaf  main                                                             
00000b1f  _Z5Setupv                                                        
00000b53  T32_INT1_IRQHandler                                              
00000b53  T32_INT1_IRQHandler                                              
00000b7b  __sti___8_main_cpp_937618a8                                      
00000bbd  _ZSt21__gen_dummy_typeinfosv                                     
00000bc5  _ZNSt9type_infoD1Ev                                              
00000bc5  _ZNSt9type_infoD2Ev                                              
00000bc7  _ZNSt9type_infoD0Ev                                              
00000bcf  _ZNKSt9type_info4nameEv                                          
00000bd3  _ZNKSt9type_infoneERKS_                                          
00000be9  _ZNKSt9type_infoeqERKS_                                          
00000bff  _ZNKSt9type_info6beforeERKS_                                     
00000c0d  _ZN10__cxxabiv129__pointer_to_member_type_infoD1Ev               
00000c0d  _ZN10__cxxabiv129__pointer_to_member_type_infoD2Ev               
00000c0f  _ZN10__cxxabiv129__pointer_to_member_type_infoD0Ev               
00000c17  _ZN10__cxxabiv123__fundamental_type_infoD1Ev                     
00000c17  _ZN10__cxxabiv123__fundamental_type_infoD2Ev                     
00000c19  _ZN10__cxxabiv123__fundamental_type_infoD0Ev                     
00000c21  _ZN10__cxxabiv121__vmi_class_type_infoD1Ev                       
00000c21  _ZN10__cxxabiv121__vmi_class_type_infoD2Ev                       
00000c23  _ZN10__cxxabiv121__vmi_class_type_infoD0Ev                       
00000c2b  _ZN10__cxxabiv120__si_class_type_infoD1Ev                        
00000c2b  _ZN10__cxxabiv120__si_class_type_infoD2Ev                        
00000c2d  _ZN10__cxxabiv120__si_class_type_infoD0Ev                        
00000c35  _ZN10__cxxabiv120__function_type_infoD1Ev                        
00000c35  _ZN10__cxxabiv120__function_type_infoD2Ev                        
00000c37  _ZN10__cxxabiv120__function_type_infoD0Ev                        
00000c3f  _ZN10__cxxabiv119__pointer_type_infoD1Ev                         
00000c3f  _ZN10__cxxabiv119__pointer_type_infoD2Ev                         
00000c41  _ZN10__cxxabiv119__pointer_type_infoD0Ev                         
00000c49  _ZN10__cxxabiv117__pbase_type_infoD1Ev                           
00000c49  _ZN10__cxxabiv117__pbase_type_infoD2Ev                           
00000c4b  _ZN10__cxxabiv117__pbase_type_infoD0Ev                           
00000c53  _ZN10__cxxabiv117__class_type_infoD1Ev                           
00000c53  _ZN10__cxxabiv117__class_type_infoD2Ev                           
00000c55  _ZN10__cxxabiv117__class_type_infoD0Ev                           
00000c5d  _ZN10__cxxabiv117__array_type_infoD1Ev                           
00000c5d  _ZN10__cxxabiv117__array_type_infoD2Ev                           
00000c5f  _ZN10__cxxabiv117__array_type_infoD0Ev                           
00000c67  _ZN10__cxxabiv116__enum_type_infoD1Ev                            
00000c67  _ZN10__cxxabiv116__enum_type_infoD2Ev                            
00000c69  _ZN10__cxxabiv116__enum_type_infoD0Ev                            
00000c79  __aeabi_memcpy                                                   
00000c79  __aeabi_memcpy4                                                  
00000c79  __aeabi_memcpy8                                                  
00000c79  memcpy                                                           
00000d15  _ZN7Mailbox10getMailboxEv                                        
00000d1b  _ZN7Mailbox11sendMessageE10st_Message                            
00000d55  _ZN7Mailbox10getMessageEh                                        
00000d7f  __sti___11_Mailbox_cpp_00b36d32                                  
00000da1  __aeabi_memclr                                                   
00000da1  __aeabi_memclr4                                                  
00000da1  __aeabi_memclr8                                                  
00000da3  __aeabi_memset                                                   
00000da3  __aeabi_memset4                                                  
00000da3  __aeabi_memset8                                                  
00000da9  memset                                                           
00000e1b  _Z21__default_new_handlerv                                       
00000e1d  _ZN4TaskC1Ev                                                     
00000e1d  _ZN4TaskC2Ev                                                     
00000e49  _ZN4Task10getMessageEh                                           
00000e5f  _ZN4Task11sendMessageE10st_Message                               
00000e8d  __TI_auto_init                                                   
00000efd  _ZN3LEDC1Et                                                      
00000efd  _ZN3LEDC2Et                                                      
00000f1d  _ZN3LED3runEv                                                    
00000f35  _ZN3LED5setupEv                                                  
00000f65  __TI_decompress_lzss                                             
00000fcd  _c_int00                                                         
00001021  C$$EXIT                                                          
00001025  abort                                                            
0000102d  exit                                                             
00001075  copy_in                                                          
000010c1  _Znwj                                                            
000010f1  _ZNSt4priv12_Vector_baseI10st_MessageSaIS1_EEC1ERKS2_            
00001113  _ZN7MailboxC1Ev                                                  
0000112f  _ZNSt4priv17_STLP_alloc_proxyIP10st_MessageS1_SaIS1_EEC1ERKS3_S2_
00001149  _ZNSt6vectorI10st_MessageSaIS0_EEixEj                            
00001161  _args_main                                                       
00001179  _register_unlock                                                 
0000117f  _register_lock                                                   
00001187  _nop                                                             
0000118d  _ZNSt6vectorI10st_MessageSaIS0_EEC1ERKS1_                        
0000119f  _ZNSaI10st_MessageEC2ERKS0_                                      
000011af  _ZNSt4priv12_Vector_baseI10st_MessageSaIS1_EEC2ERKS2_            
000011bf  _ZNSaI10st_MessageEC1ERKS0_                                      
000011cd  _ZNSt6vectorI10st_MessageSaIS0_EE5beginEv                        
000011db  __TI_decompress_none                                             
000011e9  Reset_Handler                                                    
000011f5  ADC14_IRQHandler                                                 
000011f5  AES256_IRQHandler                                                
000011f5  BusFault_Handler                                                 
000011f5  COMP_E0_IRQHandler                                               
000011f5  COMP_E1_IRQHandler                                               
000011f5  CS_IRQHandler                                                    
000011f5  DMA_ERR_IRQHandler                                               
000011f5  DMA_INT0_IRQHandler                                              
000011f5  DMA_INT1_IRQHandler                                              
000011f5  DMA_INT2_IRQHandler                                              
000011f5  DMA_INT3_IRQHandler                                              
000011f5  DebugMon_Handler                                                 
000011f5  Default_Handler                                                  
000011f5  EUSCIA0_IRQHandler                                               
000011f5  EUSCIA1_IRQHandler                                               
000011f5  EUSCIA2_IRQHandler                                               
000011f5  EUSCIA3_IRQHandler                                               
000011f5  EUSCIB0_IRQHandler                                               
000011f5  EUSCIB1_IRQHandler                                               
000011f5  EUSCIB2_IRQHandler                                               
000011f5  EUSCIB3_IRQHandler                                               
000011f5  FLCTL_IRQHandler                                                 
000011f5  FPU_IRQHandler                                                   
000011f5  HardFault_Handler                                                
000011f5  MemManage_Handler                                                
000011f5  NMI_Handler                                                      
000011f5  PCM_IRQHandler                                                   
000011f5  PORT1_IRQHandler                                                 
000011f5  PORT2_IRQHandler                                                 
000011f5  PORT3_IRQHandler                                                 
000011f5  PORT4_IRQHandler                                                 
000011f5  PORT5_IRQHandler                                                 
000011f5  PORT6_IRQHandler                                                 
000011f5  PSS_IRQHandler                                                   
000011f5  PendSV_Handler                                                   
000011f5  RTC_C_IRQHandler                                                 
000011f5  SVC_Handler                                                      
000011f5  SysTick_Handler                                                  
000011f5  T32_INT2_IRQHandler                                              
000011f5  T32_INTC_IRQHandler                                              
000011f5  TA0_0_IRQHandler                                                 
000011f5  TA0_N_IRQHandler                                                 
000011f5  TA1_0_IRQHandler                                                 
000011f5  TA1_N_IRQHandler                                                 
000011f5  TA2_0_IRQHandler                                                 
000011f5  TA2_N_IRQHandler                                                 
000011f5  TA3_0_IRQHandler                                                 
000011f5  TA3_N_IRQHandler                                                 
000011f5  UsageFault_Handler                                               
000011f5  WDT_A_IRQHandler                                                 
000011f7  _ZN4Task3runEv                                                   
00001203  _ZN4Task5setupEv                                                 
0000120f  _ZNSaI10st_MessageEC1Ev                                          
0000121b  _ZNSaI10st_MessageED1Ev                                          
00001227  __TI_zero_init                                                   
00001233  _ZdlPv                                                           
0000123b  _system_pre_init                                                 
0000123f  _system_post_cinit                                               
00001240  _ZTSN10__cxxabiv123__fundamental_type_infoE                      
00001268  _ZTSN10__cxxabiv120__si_class_type_infoE                         
0000128d  _ZTSN10__cxxabiv119__pointer_type_infoE                          
000012b1  _ZTSN10__cxxabiv117__class_type_infoE                            
000012d3  _ZTSN10__cxxabiv117__pbase_type_infoE                            
000012f5  _ZTSe                                                            
000012f8  _ZTIPKe                                                          
00001308  _ZTV3LED                                                         
00001318  _ZTV4Task                                                        
00001328  _ZTVN10__cxxabiv117__class_type_infoE                            
00001338  _ZTVN10__cxxabiv119__pointer_type_infoE                          
00001348  _ZTVN10__cxxabiv120__si_class_type_infoE                         
00001358  _ZTVN10__cxxabiv123__fundamental_type_infoE                      
00001368  _ZTSSt9type_info                                                 
00001378  _ZTI3LED                                                         
00001384  _ZTIN10__cxxabiv117__class_type_infoE                            
00001390  _ZTIN10__cxxabiv117__pbase_type_infoE                            
0000139c  _ZTIN10__cxxabiv119__pointer_type_infoE                          
000013a8  _ZTIN10__cxxabiv120__si_class_type_infoE                         
000013b4  _ZTIN10__cxxabiv123__fundamental_type_infoE                      
000013c0  _ZTI4Task                                                        
000013c8  _ZTISt9type_info                                                 
000013d0  _ZTIe                                                            
000013d8  _ZTS4Task                                                        
000013de  _ZTS3LED                                                         
000013e3  _ZTSPKe                                                          
000013e8  SHT$$INIT_ARRAY$$Base                                            
000013f0  SHT$$INIT_ARRAY$$Limit                                           
00001414  __TI_Handler_Table_Base                                          
00001420  __TI_Handler_Table_Limit                                         
00001428  __TI_CINIT_Base                                                  
00001438  __TI_CINIT_Limit                                                 
20000000  g_MainScheduler                                                  
20003fd8  _ZN7Mailbox7MailObjE                                             
20003fdc  g_Mailbox                                                        
20003fe0  _ZSt16__dummy_typeinfo                                           
20003fe8  _sys_memory                                                      
200043e8  __TI_cleanup_ptr                                                 
200043ec  __TI_dtors_ptr                                                   
200043f0  __TI_enable_exit_profile_output                                  
20004408  _ZN4Task14m_u8NextTaskIDE                                        
2000440c  _lock                                                            
20004410  _unlock                                                          
20004414  main_func_sp                                                     
20004418  _new_handler                                                     
2000441c  SystemCoreClock                                                  
2000fe00  __stack                                                          
20010000  __STACK_END                                                      
4000480c  WDTCTL_SYM                                                       
ffffffff  __TI_pprof_out_hndl                                              
ffffffff  __TI_prof_data_size                                              
ffffffff  __TI_prof_data_start                                             
ffffffff  __binit__                                                        
ffffffff  __c_args__                                                       
ffffffff  binit                                                            

[223 symbols]
