<?xml version="1.0"?>
<link_info>
   <banner>TI ARM Linker Unix v16.9.6.LTS</banner>
   <copyright>Copyright (c) 1996-2017 Texas Instruments Incorporated</copyright>
   <link_time>0x5afa285a</link_time>
   <link_errors>0x0</link_errors>
   <output_file>VirtualHorizon.out</output_file>
   <entry_point>
      <name>_c_int00</name>
      <address>0x29a1</address>
   </entry_point>
   <input_file_list>
      <input_file id="fl-2">
         <path>./</path>
         <kind>object</kind>
         <file>LED.obj</file>
         <name>LED.obj</name>
      </input_file>
      <input_file id="fl-3">
         <path>./</path>
         <kind>object</kind>
         <file>Mailbox.obj</file>
         <name>Mailbox.obj</name>
      </input_file>
      <input_file id="fl-4">
         <path>./</path>
         <kind>object</kind>
         <file>Scheduler.obj</file>
         <name>Scheduler.obj</name>
      </input_file>
      <input_file id="fl-5">
         <path>./</path>
         <kind>object</kind>
         <file>Task.obj</file>
         <name>Task.obj</name>
      </input_file>
      <input_file id="fl-6">
         <path>./</path>
         <kind>object</kind>
         <file>Timer32.obj</file>
         <name>Timer32.obj</name>
      </input_file>
      <input_file id="fl-7">
         <path>./</path>
         <kind>object</kind>
         <file>main.obj</file>
         <name>main.obj</name>
      </input_file>
      <input_file id="fl-8">
         <path>./</path>
         <kind>object</kind>
         <file>startup_msp432p401r_ccs.obj</file>
         <name>startup_msp432p401r_ccs.obj</name>
      </input_file>
      <input_file id="fl-9">
         <path>./</path>
         <kind>object</kind>
         <file>system_msp432p401r.obj</file>
         <name>system_msp432p401r.obj</name>
      </input_file>
      <input_file id="fl-d">
         <kind>object</kind>
         <file>&lt;internal&gt;</file>
         <name>&lt;internal&gt;</name>
      </input_file>
      <input_file id="fl-c3">
         <path>/home/david/ti/ccsv7/tools/compiler/ti-cgt-arm_16.9.6.LTS/lib/</path>
         <kind>archive</kind>
         <file>rtsv7M4_T_le_v4SPD16_eabi.lib</file>
         <name>boot.obj</name>
      </input_file>
      <input_file id="fl-c4">
         <path>/home/david/ti/ccsv7/tools/compiler/ti-cgt-arm_16.9.6.LTS/lib/</path>
         <kind>archive</kind>
         <file>rtsv7M4_T_le_v4SPD16_eabi.lib</file>
         <name>copy_decompress_lzss.obj</name>
      </input_file>
      <input_file id="fl-c5">
         <path>/home/david/ti/ccsv7/tools/compiler/ti-cgt-arm_16.9.6.LTS/lib/</path>
         <kind>archive</kind>
         <file>rtsv7M4_T_le_v4SPD16_eabi.lib</file>
         <name>copy_decompress_none.obj</name>
      </input_file>
      <input_file id="fl-c6">
         <path>/home/david/ti/ccsv7/tools/compiler/ti-cgt-arm_16.9.6.LTS/lib/</path>
         <kind>archive</kind>
         <file>rtsv7M4_T_le_v4SPD16_eabi.lib</file>
         <name>copy_zero_init.obj</name>
      </input_file>
      <input_file id="fl-c7">
         <path>/home/david/ti/ccsv7/tools/compiler/ti-cgt-arm_16.9.6.LTS/lib/</path>
         <kind>archive</kind>
         <file>rtsv7M4_T_le_v4SPD16_eabi.lib</file>
         <name>delete.obj</name>
      </input_file>
      <input_file id="fl-c8">
         <path>/home/david/ti/ccsv7/tools/compiler/ti-cgt-arm_16.9.6.LTS/lib/</path>
         <kind>archive</kind>
         <file>rtsv7M4_T_le_v4SPD16_eabi.lib</file>
         <name>dll_main.obj</name>
      </input_file>
      <input_file id="fl-c9">
         <path>/home/david/ti/ccsv7/tools/compiler/ti-cgt-arm_16.9.6.LTS/lib/</path>
         <kind>archive</kind>
         <file>rtsv7M4_T_le_v4SPD16_eabi.lib</file>
         <name>dtor_list.obj</name>
      </input_file>
      <input_file id="fl-ca">
         <path>/home/david/ti/ccsv7/tools/compiler/ti-cgt-arm_16.9.6.LTS/lib/</path>
         <kind>archive</kind>
         <file>rtsv7M4_T_le_v4SPD16_eabi.lib</file>
         <name>exit.obj</name>
      </input_file>
      <input_file id="fl-cb">
         <path>/home/david/ti/ccsv7/tools/compiler/ti-cgt-arm_16.9.6.LTS/lib/</path>
         <kind>archive</kind>
         <file>rtsv7M4_T_le_v4SPD16_eabi.lib</file>
         <name>fd_cmp_t2.obj</name>
      </input_file>
      <input_file id="fl-cc">
         <path>/home/david/ti/ccsv7/tools/compiler/ti-cgt-arm_16.9.6.LTS/lib/</path>
         <kind>archive</kind>
         <file>rtsv7M4_T_le_v4SPD16_eabi.lib</file>
         <name>fputs.obj</name>
      </input_file>
      <input_file id="fl-cd">
         <path>/home/david/ti/ccsv7/tools/compiler/ti-cgt-arm_16.9.6.LTS/lib/</path>
         <kind>archive</kind>
         <file>rtsv7M4_T_le_v4SPD16_eabi.lib</file>
         <name>fs_tod_t2.obj</name>
      </input_file>
      <input_file id="fl-ce">
         <path>/home/david/ti/ccsv7/tools/compiler/ti-cgt-arm_16.9.6.LTS/lib/</path>
         <kind>archive</kind>
         <file>rtsv7M4_T_le_v4SPD16_eabi.lib</file>
         <name>memchr.obj</name>
      </input_file>
      <input_file id="fl-cf">
         <path>/home/david/ti/ccsv7/tools/compiler/ti-cgt-arm_16.9.6.LTS/lib/</path>
         <kind>archive</kind>
         <file>rtsv7M4_T_le_v4SPD16_eabi.lib</file>
         <name>memcpy_t2.obj</name>
      </input_file>
      <input_file id="fl-d0">
         <path>/home/david/ti/ccsv7/tools/compiler/ti-cgt-arm_16.9.6.LTS/lib/</path>
         <kind>archive</kind>
         <file>rtsv7M4_T_le_v4SPD16_eabi.lib</file>
         <name>memory.obj</name>
      </input_file>
      <input_file id="fl-d1">
         <path>/home/david/ti/ccsv7/tools/compiler/ti-cgt-arm_16.9.6.LTS/lib/</path>
         <kind>archive</kind>
         <file>rtsv7M4_T_le_v4SPD16_eabi.lib</file>
         <name>memset_t2.obj</name>
      </input_file>
      <input_file id="fl-d2">
         <path>/home/david/ti/ccsv7/tools/compiler/ti-cgt-arm_16.9.6.LTS/lib/</path>
         <kind>archive</kind>
         <file>rtsv7M4_T_le_v4SPD16_eabi.lib</file>
         <name>mpu_init.obj</name>
      </input_file>
      <input_file id="fl-d3">
         <path>/home/david/ti/ccsv7/tools/compiler/ti-cgt-arm_16.9.6.LTS/lib/</path>
         <kind>archive</kind>
         <file>rtsv7M4_T_le_v4SPD16_eabi.lib</file>
         <name>new_.obj</name>
      </input_file>
      <input_file id="fl-d4">
         <path>/home/david/ti/ccsv7/tools/compiler/ti-cgt-arm_16.9.6.LTS/lib/</path>
         <kind>archive</kind>
         <file>rtsv7M4_T_le_v4SPD16_eabi.lib</file>
         <name>newhandler.obj</name>
      </input_file>
      <input_file id="fl-d5">
         <path>/home/david/ti/ccsv7/tools/compiler/ti-cgt-arm_16.9.6.LTS/lib/</path>
         <kind>archive</kind>
         <file>rtsv7M4_T_le_v4SPD16_eabi.lib</file>
         <name>placenew.obj</name>
      </input_file>
      <input_file id="fl-d6">
         <path>/home/david/ti/ccsv7/tools/compiler/ti-cgt-arm_16.9.6.LTS/lib/</path>
         <kind>archive</kind>
         <file>rtsv7M4_T_le_v4SPD16_eabi.lib</file>
         <name>pre_init.obj</name>
      </input_file>
      <input_file id="fl-d7">
         <path>/home/david/ti/ccsv7/tools/compiler/ti-cgt-arm_16.9.6.LTS/lib/</path>
         <kind>archive</kind>
         <file>rtsv7M4_T_le_v4SPD16_eabi.lib</file>
         <name>stkdepth_vars.obj</name>
      </input_file>
      <input_file id="fl-d8">
         <path>/home/david/ti/ccsv7/tools/compiler/ti-cgt-arm_16.9.6.LTS/lib/</path>
         <kind>archive</kind>
         <file>rtsv7M4_T_le_v4SPD16_eabi.lib</file>
         <name>strlen.obj</name>
      </input_file>
      <input_file id="fl-d9">
         <path>/home/david/ti/ccsv7/tools/compiler/ti-cgt-arm_16.9.6.LTS/lib/</path>
         <kind>archive</kind>
         <file>rtsv7M4_T_le_v4SPD16_eabi.lib</file>
         <name>typeinfo_.obj</name>
      </input_file>
      <input_file id="fl-da">
         <path>/home/david/ti/ccsv7/tools/compiler/ti-cgt-arm_16.9.6.LTS/lib/</path>
         <kind>archive</kind>
         <file>rtsv7M4_T_le_v4SPD16_eabi.lib</file>
         <name>vars.obj</name>
      </input_file>
      <input_file id="fl-db">
         <path>/home/david/ti/ccsv7/tools/compiler/ti-cgt-arm_16.9.6.LTS/lib/</path>
         <kind>archive</kind>
         <file>rtsv7M4_T_le_v4SPD16_eabi.lib</file>
         <name>vec_newdel.obj</name>
      </input_file>
      <input_file id="fl-dc">
         <path>/home/david/ti/ccsv7/tools/compiler/ti-cgt-arm_16.9.6.LTS/lib/</path>
         <kind>archive</kind>
         <file>rtsv7M4_T_le_v4SPD16_eabi.lib</file>
         <name>write.obj</name>
      </input_file>
      <input_file id="fl-dd">
         <path>/home/david/ti/ccsv7/tools/compiler/ti-cgt-arm_16.9.6.LTS/lib/</path>
         <kind>archive</kind>
         <file>rtsv7M4_T_le_v4SPD16_eabi.lib</file>
         <name>_io_perm.obj</name>
      </input_file>
      <input_file id="fl-de">
         <path>/home/david/ti/ccsv7/tools/compiler/ti-cgt-arm_16.9.6.LTS/lib/</path>
         <kind>archive</kind>
         <file>rtsv7M4_T_le_v4SPD16_eabi.lib</file>
         <name>_lock.obj</name>
      </input_file>
      <input_file id="fl-df">
         <path>/home/david/ti/ccsv7/tools/compiler/ti-cgt-arm_16.9.6.LTS/lib/</path>
         <kind>archive</kind>
         <file>rtsv7M4_T_le_v4SPD16_eabi.lib</file>
         <name>args_main.obj</name>
      </input_file>
      <input_file id="fl-e0">
         <path>/home/david/ti/ccsv7/tools/compiler/ti-cgt-arm_16.9.6.LTS/lib/</path>
         <kind>archive</kind>
         <file>rtsv7M4_T_le_v4SPD16_eabi.lib</file>
         <name>array_del.obj</name>
      </input_file>
      <input_file id="fl-e1">
         <path>/home/david/ti/ccsv7/tools/compiler/ti-cgt-arm_16.9.6.LTS/lib/</path>
         <kind>archive</kind>
         <file>rtsv7M4_T_le_v4SPD16_eabi.lib</file>
         <name>array_new.obj</name>
      </input_file>
      <input_file id="fl-e2">
         <path>/home/david/ti/ccsv7/tools/compiler/ti-cgt-arm_16.9.6.LTS/lib/</path>
         <kind>archive</kind>
         <file>rtsv7M4_T_le_v4SPD16_eabi.lib</file>
         <name>autoinit.obj</name>
      </input_file>
      <input_file id="fl-e3">
         <path>/home/david/ti/ccsv7/tools/compiler/ti-cgt-arm_16.9.6.LTS/lib/</path>
         <kind>archive</kind>
         <file>rtsv7M4_T_le_v4SPD16_eabi.lib</file>
         <name>cpy_tbl.obj</name>
      </input_file>
      <input_file id="fl-e4">
         <path>/home/david/ti/ccsv7/tools/compiler/ti-cgt-arm_16.9.6.LTS/lib/</path>
         <kind>archive</kind>
         <file>rtsv7M4_T_le_v4SPD16_eabi.lib</file>
         <name>defs.obj</name>
      </input_file>
      <input_file id="fl-e5">
         <path>/home/david/ti/ccsv7/tools/compiler/ti-cgt-arm_16.9.6.LTS/lib/</path>
         <kind>archive</kind>
         <file>rtsv7M4_T_le_v4SPD16_eabi.lib</file>
         <name>fflush.obj</name>
      </input_file>
      <input_file id="fl-e6">
         <path>/home/david/ti/ccsv7/tools/compiler/ti-cgt-arm_16.9.6.LTS/lib/</path>
         <kind>archive</kind>
         <file>rtsv7M4_T_le_v4SPD16_eabi.lib</file>
         <name>fseek.obj</name>
      </input_file>
      <input_file id="fl-e7">
         <path>/home/david/ti/ccsv7/tools/compiler/ti-cgt-arm_16.9.6.LTS/lib/</path>
         <kind>archive</kind>
         <file>rtsv7M4_T_le_v4SPD16_eabi.lib</file>
         <name>hostclose.obj</name>
      </input_file>
      <input_file id="fl-e8">
         <path>/home/david/ti/ccsv7/tools/compiler/ti-cgt-arm_16.9.6.LTS/lib/</path>
         <kind>archive</kind>
         <file>rtsv7M4_T_le_v4SPD16_eabi.lib</file>
         <name>hostlseek.obj</name>
      </input_file>
      <input_file id="fl-e9">
         <path>/home/david/ti/ccsv7/tools/compiler/ti-cgt-arm_16.9.6.LTS/lib/</path>
         <kind>archive</kind>
         <file>rtsv7M4_T_le_v4SPD16_eabi.lib</file>
         <name>hostopen.obj</name>
      </input_file>
      <input_file id="fl-ea">
         <path>/home/david/ti/ccsv7/tools/compiler/ti-cgt-arm_16.9.6.LTS/lib/</path>
         <kind>archive</kind>
         <file>rtsv7M4_T_le_v4SPD16_eabi.lib</file>
         <name>hostread.obj</name>
      </input_file>
      <input_file id="fl-eb">
         <path>/home/david/ti/ccsv7/tools/compiler/ti-cgt-arm_16.9.6.LTS/lib/</path>
         <kind>archive</kind>
         <file>rtsv7M4_T_le_v4SPD16_eabi.lib</file>
         <name>hostrename.obj</name>
      </input_file>
      <input_file id="fl-ec">
         <path>/home/david/ti/ccsv7/tools/compiler/ti-cgt-arm_16.9.6.LTS/lib/</path>
         <kind>archive</kind>
         <file>rtsv7M4_T_le_v4SPD16_eabi.lib</file>
         <name>hostunlink.obj</name>
      </input_file>
      <input_file id="fl-ed">
         <path>/home/david/ti/ccsv7/tools/compiler/ti-cgt-arm_16.9.6.LTS/lib/</path>
         <kind>archive</kind>
         <file>rtsv7M4_T_le_v4SPD16_eabi.lib</file>
         <name>hostwrite.obj</name>
      </input_file>
      <input_file id="fl-ee">
         <path>/home/david/ti/ccsv7/tools/compiler/ti-cgt-arm_16.9.6.LTS/lib/</path>
         <kind>archive</kind>
         <file>rtsv7M4_T_le_v4SPD16_eabi.lib</file>
         <name>lseek.obj</name>
      </input_file>
      <input_file id="fl-ef">
         <path>/home/david/ti/ccsv7/tools/compiler/ti-cgt-arm_16.9.6.LTS/lib/</path>
         <kind>archive</kind>
         <file>rtsv7M4_T_le_v4SPD16_eabi.lib</file>
         <name>setvbuf.obj</name>
      </input_file>
      <input_file id="fl-f0">
         <path>/home/david/ti/ccsv7/tools/compiler/ti-cgt-arm_16.9.6.LTS/lib/</path>
         <kind>archive</kind>
         <file>rtsv7M4_T_le_v4SPD16_eabi.lib</file>
         <name>startup.obj</name>
      </input_file>
      <input_file id="fl-f1">
         <path>/home/david/ti/ccsv7/tools/compiler/ti-cgt-arm_16.9.6.LTS/lib/</path>
         <kind>archive</kind>
         <file>rtsv7M4_T_le_v4SPD16_eabi.lib</file>
         <name>strcpy.obj</name>
      </input_file>
      <input_file id="fl-f2">
         <path>/home/david/ti/ccsv7/tools/compiler/ti-cgt-arm_16.9.6.LTS/lib/</path>
         <kind>archive</kind>
         <file>rtsv7M4_T_le_v4SPD16_eabi.lib</file>
         <name>trgmsg.obj</name>
      </input_file>
      <input_file id="fl-f3">
         <path>/home/david/ti/ccsv7/tools/compiler/ti-cgt-arm_16.9.6.LTS/lib/</path>
         <kind>archive</kind>
         <file>rtsv7M4_T_le_v4SPD16_eabi.lib</file>
         <name>fopen.obj</name>
      </input_file>
      <input_file id="fl-f4">
         <path>/home/david/ti/ccsv7/tools/compiler/ti-cgt-arm_16.9.6.LTS/lib/</path>
         <kind>archive</kind>
         <file>rtsv7M4_T_le_v4SPD16_eabi.lib</file>
         <name>open.obj</name>
      </input_file>
      <input_file id="fl-f5">
         <path>/home/david/ti/ccsv7/tools/compiler/ti-cgt-arm_16.9.6.LTS/lib/</path>
         <kind>archive</kind>
         <file>rtsv7M4_T_le_v4SPD16_eabi.lib</file>
         <name>fclose.obj</name>
      </input_file>
      <input_file id="fl-f6">
         <path>/home/david/ti/ccsv7/tools/compiler/ti-cgt-arm_16.9.6.LTS/lib/</path>
         <kind>archive</kind>
         <file>rtsv7M4_T_le_v4SPD16_eabi.lib</file>
         <name>getdevice.obj</name>
      </input_file>
      <input_file id="fl-f7">
         <path>/home/david/ti/ccsv7/tools/compiler/ti-cgt-arm_16.9.6.LTS/lib/</path>
         <kind>archive</kind>
         <file>rtsv7M4_T_le_v4SPD16_eabi.lib</file>
         <name>remove.obj</name>
      </input_file>
      <input_file id="fl-f8">
         <path>/home/david/ti/ccsv7/tools/compiler/ti-cgt-arm_16.9.6.LTS/lib/</path>
         <kind>archive</kind>
         <file>rtsv7M4_T_le_v4SPD16_eabi.lib</file>
         <name>strchr.obj</name>
      </input_file>
      <input_file id="fl-f9">
         <path>/home/david/ti/ccsv7/tools/compiler/ti-cgt-arm_16.9.6.LTS/lib/</path>
         <kind>archive</kind>
         <file>rtsv7M4_T_le_v4SPD16_eabi.lib</file>
         <name>strcmp.obj</name>
      </input_file>
      <input_file id="fl-fa">
         <path>/home/david/ti/ccsv7/tools/compiler/ti-cgt-arm_16.9.6.LTS/lib/</path>
         <kind>archive</kind>
         <file>rtsv7M4_T_le_v4SPD16_eabi.lib</file>
         <name>strncpy.obj</name>
      </input_file>
      <input_file id="fl-fb">
         <path>/home/david/ti/ccsv7/tools/compiler/ti-cgt-arm_16.9.6.LTS/lib/</path>
         <kind>archive</kind>
         <file>rtsv7M4_T_le_v4SPD16_eabi.lib</file>
         <name>unlink.obj</name>
      </input_file>
      <input_file id="fl-fc">
         <path>/home/david/ti/ccsv7/tools/compiler/ti-cgt-arm_16.9.6.LTS/lib/</path>
         <kind>archive</kind>
         <file>rtsv7M4_T_le_v4SPD16_eabi.lib</file>
         <name>close.obj</name>
      </input_file>
   </input_file_list>
   <object_component_list>
      <object_component id="oc-2e">
         <name>.intvecs:retain</name>
         <load_address>0x0</load_address>
         <run_address>0x0</run_address>
         <size>0xe4</size>
         <input_file_ref idref="fl-8"/>
      </object_component>
      <object_component id="oc-f1">
         <name>.text</name>
         <load_address>0xe4</load_address>
         <run_address>0xe4</run_address>
         <size>0x544</size>
         <input_file_ref idref="fl-4"/>
      </object_component>
      <object_component id="oc-168">
         <name>.text</name>
         <load_address>0x628</load_address>
         <run_address>0x628</run_address>
         <size>0x3d0</size>
         <input_file_ref idref="fl-d0"/>
      </object_component>
      <object_component id="oc-20c">
         <name>.text</name>
         <load_address>0x9f8</load_address>
         <run_address>0x9f8</run_address>
         <size>0x3a0</size>
         <input_file_ref idref="fl-db"/>
      </object_component>
      <object_component id="oc-f7">
         <name>.text</name>
         <load_address>0xd98</load_address>
         <run_address>0xd98</run_address>
         <size>0x340</size>
         <input_file_ref idref="fl-6"/>
      </object_component>
      <object_component id="oc-121">
         <name>.text</name>
         <load_address>0x10d8</load_address>
         <run_address>0x10d8</run_address>
         <size>0x32c</size>
         <input_file_ref idref="fl-9"/>
      </object_component>
      <object_component id="oc-629">
         <name>.text</name>
         <load_address>0x1404</load_address>
         <run_address>0x1404</run_address>
         <size>0x1c4</size>
         <input_file_ref idref="fl-f3"/>
      </object_component>
      <object_component id="oc-42d">
         <name>.text:_ZNSt4priv8_S_mergeIP8TaskInfoSaIS2_EPFbRKS2_S5_EEEvRSt4listIT_T0_ESC_T1_</name>
         <load_address>0x15c8</load_address>
         <run_address>0x15c8</run_address>
         <size>0x190</size>
         <input_file_ref idref="fl-4"/>
      </object_component>
      <object_component id="oc-80">
         <name>.text</name>
         <load_address>0x1758</load_address>
         <run_address>0x1758</run_address>
         <size>0x170</size>
         <input_file_ref idref="fl-7"/>
      </object_component>
      <object_component id="oc-395">
         <name>.text:_ZNSt4priv7_S_sortIP8TaskInfoSaIS2_EPFbRKS2_S5_EEEvRSt4listIT_T0_ET1_</name>
         <load_address>0x18c8</load_address>
         <run_address>0x18c8</run_address>
         <size>0x144</size>
         <input_file_ref idref="fl-4"/>
      </object_component>
      <object_component id="oc-4e7">
         <name>.text</name>
         <load_address>0x1a0c</load_address>
         <run_address>0x1a0c</run_address>
         <size>0x134</size>
         <input_file_ref idref="fl-cc"/>
      </object_component>
      <object_component id="oc-fd">
         <name>.text</name>
         <load_address>0x1b40</load_address>
         <run_address>0x1b40</run_address>
         <size>0xf4</size>
         <input_file_ref idref="fl-c9"/>
      </object_component>
      <object_component id="oc-5d4">
         <name>.text</name>
         <load_address>0x1c34</load_address>
         <run_address>0x1c34</run_address>
         <size>0xdc</size>
         <input_file_ref idref="fl-ef"/>
      </object_component>
      <object_component id="oc-56a">
         <name>.text</name>
         <load_address>0x1d10</load_address>
         <run_address>0x1d10</run_address>
         <size>0xc8</size>
         <input_file_ref idref="fl-e5"/>
      </object_component>
      <object_component id="oc-675">
         <name>.text</name>
         <load_address>0x1dd8</load_address>
         <run_address>0x1dd8</run_address>
         <size>0xbc</size>
         <input_file_ref idref="fl-f4"/>
      </object_component>
      <object_component id="oc-41f">
         <name>.text:_ZNSt4listIP8TaskInfoSaIS1_EE6spliceENSt4priv14_List_iteratorIS1_St16_Nonconst_traitsIS1_EEERS3_S8_</name>
         <load_address>0x1e94</load_address>
         <run_address>0x1e94</run_address>
         <size>0xba</size>
         <input_file_ref idref="fl-4"/>
      </object_component>
      <object_component id="oc-558">
         <name>.text</name>
         <load_address>0x1f4e</load_address>
         <run_address>0x1f4e</run_address>
         <size>0xac</size>
         <input_file_ref idref="fl-dd"/>
      </object_component>
      <object_component id="oc-40">
         <name>.text</name>
         <load_address>0x1ffa</load_address>
         <run_address>0x1ffa</run_address>
         <size>0x9c</size>
         <input_file_ref idref="fl-cf"/>
      </object_component>
      <object_component id="oc-5c0">
         <name>.text:_ZNSt4listIP8TaskInfoSaIS1_EE6spliceENSt4priv14_List_iteratorIS1_St16_Nonconst_traitsIS1_EEERS3_</name>
         <load_address>0x2096</load_address>
         <run_address>0x2096</run_address>
         <size>0x9a</size>
         <input_file_ref idref="fl-4"/>
      </object_component>
      <object_component id="oc-67b">
         <name>.text</name>
         <load_address>0x2130</load_address>
         <run_address>0x2130</run_address>
         <size>0x98</size>
         <input_file_ref idref="fl-f5"/>
      </object_component>
      <object_component id="oc-7a">
         <name>.text</name>
         <load_address>0x21c8</load_address>
         <run_address>0x21c8</run_address>
         <size>0x8c</size>
         <input_file_ref idref="fl-3"/>
      </object_component>
      <object_component id="oc-2cc">
         <name>.text:__aeabi_cdcmple</name>
         <load_address>0x2254</load_address>
         <run_address>0x2254</run_address>
         <size>0x86</size>
         <input_file_ref idref="fl-cb"/>
      </object_component>
      <object_component id="oc-2ac">
         <name>.text:_ZN8TaskInfo7AddTickEv</name>
         <load_address>0x22da</load_address>
         <run_address>0x22da</run_address>
         <size>0x82</size>
         <input_file_ref idref="fl-4"/>
      </object_component>
      <object_component id="oc-4c">
         <name>.text</name>
         <load_address>0x235c</load_address>
         <run_address>0x235c</run_address>
         <size>0x7a</size>
         <input_file_ref idref="fl-d1"/>
      </object_component>
      <object_component id="oc-58">
         <name>.text</name>
         <load_address>0x23d6</load_address>
         <run_address>0x23d6</run_address>
         <size>0x2</size>
         <input_file_ref idref="fl-d2"/>
      </object_component>
      <object_component id="oc-64">
         <name>.text</name>
         <load_address>0x23d8</load_address>
         <run_address>0x23d8</run_address>
         <size>0x70</size>
         <input_file_ref idref="fl-e2"/>
      </object_component>
      <object_component id="oc-6c9">
         <name>.text</name>
         <load_address>0x2448</load_address>
         <run_address>0x2448</run_address>
         <size>0x70</size>
         <input_file_ref idref="fl-f6"/>
      </object_component>
      <object_component id="oc-14">
         <name>.text:decompress:lzss</name>
         <load_address>0x24b8</load_address>
         <run_address>0x24b8</run_address>
         <size>0x68</size>
         <input_file_ref idref="fl-c4"/>
      </object_component>
      <object_component id="oc-69e">
         <name>.text</name>
         <load_address>0x2520</load_address>
         <run_address>0x2520</run_address>
         <size>0x68</size>
         <input_file_ref idref="fl-e8"/>
      </object_component>
      <object_component id="oc-6aa">
         <name>.text</name>
         <load_address>0x2588</load_address>
         <run_address>0x2588</run_address>
         <size>0x68</size>
         <input_file_ref idref="fl-eb"/>
      </object_component>
      <object_component id="oc-6e3">
         <name>.text</name>
         <load_address>0x25f0</load_address>
         <run_address>0x25f0</run_address>
         <size>0x68</size>
         <input_file_ref idref="fl-f2"/>
      </object_component>
      <object_component id="oc-227">
         <name>.text:_ZN8TaskInfoC1EP4Task8TaskType10TaskActivey</name>
         <load_address>0x2658</load_address>
         <run_address>0x2658</run_address>
         <size>0x64</size>
         <input_file_ref idref="fl-4"/>
      </object_component>
      <object_component id="oc-38e">
         <name>.text:_ZNSt4priv12_S_remove_ifIP8TaskInfoSaIS2_EPFbRKS2_EEEvRSt4listIT_T0_ET1_</name>
         <load_address>0x26bc</load_address>
         <run_address>0x26bc</run_address>
         <size>0x64</size>
         <input_file_ref idref="fl-4"/>
      </object_component>
      <object_component id="oc-5ce">
         <name>.text</name>
         <load_address>0x2720</load_address>
         <run_address>0x2720</run_address>
         <size>0x64</size>
         <input_file_ref idref="fl-e6"/>
      </object_component>
      <object_component id="oc-686">
         <name>.text</name>
         <load_address>0x2784</load_address>
         <run_address>0x2784</run_address>
         <size>0x60</size>
         <input_file_ref idref="fl-e9"/>
      </object_component>
      <object_component id="oc-6d2">
         <name>.text</name>
         <load_address>0x27e4</load_address>
         <run_address>0x27e4</run_address>
         <size>0x5c</size>
         <input_file_ref idref="fl-fc"/>
      </object_component>
      <object_component id="oc-543">
         <name>.text:_ZNSt4listIP8TaskInfoSaIS1_EE25_M_splice_insert_dispatchINSt4priv14_List_iteratorIS1_St16_Nonconst_traitsIS1_EEEEEvS9_T_SA_RKSt12__false_type</name>
         <load_address>0x2840</load_address>
         <run_address>0x2840</run_address>
         <size>0x58</size>
         <input_file_ref idref="fl-4"/>
      </object_component>
      <object_component id="oc-434">
         <name>.text:_ZNSt4listIP8TaskInfoSaIS1_EE4swapERS3_</name>
         <load_address>0x2898</load_address>
         <run_address>0x2898</run_address>
         <size>0x58</size>
         <input_file_ref idref="fl-4"/>
      </object_component>
      <object_component id="oc-692">
         <name>.text</name>
         <load_address>0x28f0</load_address>
         <run_address>0x28f0</run_address>
         <size>0x58</size>
         <input_file_ref idref="fl-ea"/>
      </object_component>
      <object_component id="oc-698">
         <name>.text</name>
         <load_address>0x2948</load_address>
         <run_address>0x2948</run_address>
         <size>0x58</size>
         <input_file_ref idref="fl-ed"/>
      </object_component>
      <object_component id="oc-26">
         <name>.text</name>
         <load_address>0x29a0</load_address>
         <run_address>0x29a0</run_address>
         <size>0x54</size>
         <input_file_ref idref="fl-c3"/>
      </object_component>
      <object_component id="oc-70">
         <name>.text</name>
         <load_address>0x29f4</load_address>
         <run_address>0x29f4</run_address>
         <size>0x54</size>
         <input_file_ref idref="fl-ca"/>
      </object_component>
      <object_component id="oc-29e">
         <name>.text:_ZNSt4listIP8TaskInfoSaIS1_EE5eraseENSt4priv14_List_iteratorIS1_St16_Nonconst_traitsIS1_EEE</name>
         <load_address>0x2a48</load_address>
         <run_address>0x2a48</run_address>
         <size>0x4c</size>
         <input_file_ref idref="fl-4"/>
      </object_component>
      <object_component id="oc-ab">
         <name>.text</name>
         <load_address>0x2a94</load_address>
         <run_address>0x2a94</run_address>
         <size>0x4c</size>
         <input_file_ref idref="fl-e3"/>
      </object_component>
      <object_component id="oc-66a">
         <name>.text:_ZNSt4listIP8TaskInfoSaIS1_EE18_M_insert_dispatchINSt4priv14_List_iteratorIS1_St16_Nonconst_traitsIS1_EEEEEvS9_T_SA_RKSt12__false_type</name>
         <load_address>0x2ae0</load_address>
         <run_address>0x2ae0</run_address>
         <size>0x4a</size>
         <input_file_ref idref="fl-4"/>
      </object_component>
      <object_component id="oc-4bd">
         <name>.text:_ZNSt4priv12_List_globalIbE9_TransferEPNS_15_List_node_baseES3_S3_</name>
         <load_address>0x2b2a</load_address>
         <run_address>0x2b2a</run_address>
         <size>0x4a</size>
         <input_file_ref idref="fl-4"/>
      </object_component>
      <object_component id="oc-512">
         <name>.text:_ZNSaINSt4priv10_List_nodeIP8TaskInfoEEE8allocateEjPKv</name>
         <load_address>0x2b74</load_address>
         <run_address>0x2b74</run_address>
         <size>0x48</size>
         <input_file_ref idref="fl-4"/>
      </object_component>
      <object_component id="oc-387">
         <name>.text:_ZNSt4listIP8TaskInfoSaIS1_EE6insertENSt4priv14_List_iteratorIS1_St16_Nonconst_traitsIS1_EEERKS1_</name>
         <load_address>0x2bbc</load_address>
         <run_address>0x2bbc</run_address>
         <size>0x48</size>
         <input_file_ref idref="fl-4"/>
      </object_component>
      <object_component id="oc-442">
         <name>.text</name>
         <load_address>0x2c04</load_address>
         <run_address>0x2c04</run_address>
         <size>0x48</size>
         <input_file_ref idref="fl-c8"/>
      </object_component>
      <object_component id="oc-5b2">
         <name>.text:_ZNSt4listIP8TaskInfoSaIS1_EEC1ERKS3_</name>
         <load_address>0x2c4c</load_address>
         <run_address>0x2c4c</run_address>
         <size>0x44</size>
         <input_file_ref idref="fl-4"/>
      </object_component>
      <object_component id="oc-68c">
         <name>.text</name>
         <load_address>0x2c90</load_address>
         <run_address>0x2c90</run_address>
         <size>0x44</size>
         <input_file_ref idref="fl-e7"/>
      </object_component>
      <object_component id="oc-6a4">
         <name>.text</name>
         <load_address>0x2cd4</load_address>
         <run_address>0x2cd4</run_address>
         <size>0x44</size>
         <input_file_ref idref="fl-ec"/>
      </object_component>
      <object_component id="oc-663">
         <name>.text:_ZNSt4listIP8TaskInfoSaIS1_EE18_M_insert_dispatchINSt4priv14_List_iteratorIS1_St13_Const_traitsIS1_EEEEEvNS6_IS1_St16_Nonconst_traitsIS1_EEET_SD_RKSt12__false_type</name>
         <load_address>0x2d18</load_address>
         <run_address>0x2d18</run_address>
         <size>0x42</size>
         <input_file_ref idref="fl-4"/>
      </object_component>
      <object_component id="oc-5b9">
         <name>.text:_ZNSt4listIP8TaskInfoSaIS1_EEC1INSt4priv14_List_iteratorIS1_St16_Nonconst_traitsIS1_EEEEET_SA_RKS2_</name>
         <load_address>0x2d5a</load_address>
         <run_address>0x2d5a</run_address>
         <size>0x42</size>
         <input_file_ref idref="fl-4"/>
      </object_component>
      <object_component id="oc-4c4">
         <name>.text:_ZNSt4listIP8TaskInfoSaIS1_EE6insertINSt4priv14_List_iteratorIS1_St16_Nonconst_traitsIS1_EEEEEvS9_T_SA_</name>
         <load_address>0x2d9c</load_address>
         <run_address>0x2d9c</run_address>
         <size>0x3e</size>
         <input_file_ref idref="fl-4"/>
      </object_component>
      <object_component id="oc-61a">
         <name>.text:_ZNSt4listIP8TaskInfoSaIS1_EE9_M_insertINSt4priv14_List_iteratorIS1_St16_Nonconst_traitsIS1_EEEEEvS9_T_SA_</name>
         <load_address>0x2dda</load_address>
         <run_address>0x2dda</run_address>
         <size>0x3e</size>
         <input_file_ref idref="fl-4"/>
      </object_component>
      <object_component id="oc-4cb">
         <name>.text:_ZNSt4priv10_List_baseIP8TaskInfoSaIS2_EE5clearEv</name>
         <load_address>0x2e18</load_address>
         <run_address>0x2e18</run_address>
         <size>0x3e</size>
         <input_file_ref idref="fl-4"/>
      </object_component>
      <object_component id="oc-3f0">
         <name>.text:_ZNSt4priv10_List_baseIP8TaskInfoSaIS2_EEC1ERKS3_</name>
         <load_address>0x2e56</load_address>
         <run_address>0x2e56</run_address>
         <size>0x3c</size>
         <input_file_ref idref="fl-4"/>
      </object_component>
      <object_component id="oc-2c7">
         <name>.text</name>
         <load_address>0x2e92</load_address>
         <run_address>0x2e92</run_address>
         <size>0x38</size>
         <input_file_ref idref="fl-cd"/>
      </object_component>
      <object_component id="oc-4d2">
         <name>.text:_ZNSt4listIP8TaskInfoSaIS1_EE11_M_swap_auxERS3_</name>
         <load_address>0x2eca</load_address>
         <run_address>0x2eca</run_address>
         <size>0x36</size>
         <input_file_ref idref="fl-4"/>
      </object_component>
      <object_component id="oc-70b">
         <name>.text</name>
         <load_address>0x2f00</load_address>
         <run_address>0x2f00</run_address>
         <size>0x36</size>
         <input_file_ref idref="fl-fa"/>
      </object_component>
      <object_component id="oc-5f5">
         <name>.text:_ZSt19__destroy_range_auxIPSt4listIP8TaskInfoSaIS2_EES4_EvT_S6_PT0_RKSt12__false_type</name>
         <load_address>0x2f36</load_address>
         <run_address>0x2f36</run_address>
         <size>0x30</size>
         <input_file_ref idref="fl-4"/>
      </object_component>
      <object_component id="oc-171">
         <name>.text</name>
         <load_address>0x2f66</load_address>
         <run_address>0x2f66</run_address>
         <size>0x2</size>
         <input_file_ref idref="fl-d4"/>
      </object_component>
      <object_component id="oc-cd">
         <name>.text</name>
         <load_address>0x2f68</load_address>
         <run_address>0x2f68</run_address>
         <size>0x30</size>
         <input_file_ref idref="fl-d3"/>
      </object_component>
      <object_component id="oc-418">
         <name>.text:_ZNSt4priv7_CArrayISt4listIP8TaskInfoSaIS3_EELj64EEC1ERKS5_</name>
         <load_address>0x2f98</load_address>
         <run_address>0x2f98</run_address>
         <size>0x2e</size>
         <input_file_ref idref="fl-4"/>
      </object_component>
      <object_component id="oc-47e">
         <name>.text:_ZNSt4priv17_STLP_alloc_proxyINS_15_List_node_baseENS_10_List_nodeIP8TaskInfoEESaIS5_EEC1ERKS6_S1_</name>
         <load_address>0x2fc6</load_address>
         <run_address>0x2fc6</run_address>
         <size>0x2c</size>
         <input_file_ref idref="fl-4"/>
      </object_component>
      <object_component id="oc-b1">
         <name>.text</name>
         <load_address>0x2ff2</load_address>
         <run_address>0x2ff2</run_address>
         <size>0x2</size>
         <input_file_ref idref="fl-f0"/>
      </object_component>
      <object_component id="oc-6d8">
         <name>.text</name>
         <load_address>0x2ff4</load_address>
         <run_address>0x2ff4</run_address>
         <size>0x2c</size>
         <input_file_ref idref="fl-fb"/>
      </object_component>
      <object_component id="oc-613">
         <name>.text:_ZNSt4listIP8TaskInfoSaIS1_EE9_M_insertINSt4priv14_List_iteratorIS1_St13_Const_traitsIS1_EEEEEvNS6_IS1_St16_Nonconst_traitsIS1_EEET_SD_</name>
         <load_address>0x3020</load_address>
         <run_address>0x3020</run_address>
         <size>0x2a</size>
         <input_file_ref idref="fl-4"/>
      </object_component>
      <object_component id="oc-551">
         <name>.text:_ZSt4swapINSt4priv15_List_node_baseEEvRT_S3_</name>
         <load_address>0x304a</load_address>
         <run_address>0x304a</run_address>
         <size>0x28</size>
         <input_file_ref idref="fl-4"/>
      </object_component>
      <object_component id="oc-621">
         <name>.text</name>
         <load_address>0x3074</load_address>
         <run_address>0x3074</run_address>
         <size>0x28</size>
         <input_file_ref idref="fl-ee"/>
      </object_component>
      <object_component id="oc-570">
         <name>.text</name>
         <load_address>0x309c</load_address>
         <run_address>0x309c</run_address>
         <size>0x28</size>
         <input_file_ref idref="fl-dc"/>
      </object_component>
      <object_component id="oc-24a">
         <name>.text:_ZNSt4priv14_List_iteratorIP8TaskInfoSt16_Nonconst_traitsIS2_EEppEi</name>
         <load_address>0x30c4</load_address>
         <run_address>0x30c4</run_address>
         <size>0x26</size>
         <input_file_ref idref="fl-4"/>
      </object_component>
      <object_component id="oc-535">
         <name>.text:_ZSt19_Copy_Construct_auxISt4listIP8TaskInfoSaIS2_EEEvPT_RKS5_RKSt12__false_type</name>
         <load_address>0x30ea</load_address>
         <run_address>0x30ea</run_address>
         <size>0x26</size>
         <input_file_ref idref="fl-4"/>
      </object_component>
      <object_component id="oc-274">
         <name>.text:_ZNSt4listIP8TaskInfoSaIS1_EE9push_backERKS1_</name>
         <load_address>0x3110</load_address>
         <run_address>0x3110</run_address>
         <size>0x22</size>
         <input_file_ref idref="fl-4"/>
      </object_component>
      <object_component id="oc-3e0">
         <name>.text:_ZNSt4priv12_Vector_baseI10st_MessageSaIS1_EEC1ERKS2_</name>
         <load_address>0x3132</load_address>
         <run_address>0x3132</run_address>
         <size>0x22</size>
         <input_file_ref idref="fl-3"/>
      </object_component>
      <object_component id="oc-49a">
         <name>.text:_ZSt15_Copy_ConstructIP8TaskInfoEvPT_RKS2_</name>
         <load_address>0x3154</load_address>
         <run_address>0x3154</run_address>
         <size>0x20</size>
         <input_file_ref idref="fl-4"/>
      </object_component>
      <object_component id="oc-4a8">
         <name>.text:_ZSt15_Copy_ConstructISt4listIP8TaskInfoSaIS2_EEEvPT_RKS5_</name>
         <load_address>0x3174</load_address>
         <run_address>0x3174</run_address>
         <size>0x20</size>
         <input_file_ref idref="fl-4"/>
      </object_component>
      <object_component id="oc-4e0">
         <name>.text:_ZSt4swapIPNSt4priv15_List_node_baseEEvRT_S4_</name>
         <load_address>0x3194</load_address>
         <run_address>0x3194</run_address>
         <size>0x20</size>
         <input_file_ref idref="fl-4"/>
      </object_component>
      <object_component id="oc-564">
         <name>.text</name>
         <load_address>0x31b4</load_address>
         <run_address>0x31b4</run_address>
         <size>0x20</size>
         <input_file_ref idref="fl-ce"/>
      </object_component>
      <object_component id="oc-243">
         <name>.text:_ZN8TaskInfo3runEv</name>
         <load_address>0x31d4</load_address>
         <run_address>0x31d4</run_address>
         <size>0x1e</size>
         <input_file_ref idref="fl-4"/>
      </object_component>
      <object_component id="oc-3fe">
         <name>.text:_ZNSt4listIP8TaskInfoSaIS1_EE14_M_create_nodeERKS1_</name>
         <load_address>0x31f2</load_address>
         <run_address>0x31f2</run_address>
         <size>0x1e</size>
         <input_file_ref idref="fl-4"/>
      </object_component>
      <object_component id="oc-d3">
         <name>.text:_ZN7MailboxC1Ev</name>
         <load_address>0x3210</load_address>
         <run_address>0x3210</run_address>
         <size>0x1c</size>
         <input_file_ref idref="fl-3"/>
      </object_component>
      <object_component id="oc-3a3">
         <name>.text:_ZNSaINSt4priv10_List_nodeIP8TaskInfoEEE10deallocateEPS3_j</name>
         <load_address>0x322c</load_address>
         <run_address>0x322c</run_address>
         <size>0x1c</size>
         <input_file_ref idref="fl-4"/>
      </object_component>
      <object_component id="oc-57d">
         <name>.text:_ZSt15__destroy_rangeIPSt4listIP8TaskInfoSaIS2_EES4_EvT_S6_PT0_</name>
         <load_address>0x3248</load_address>
         <run_address>0x3248</run_address>
         <size>0x1c</size>
         <input_file_ref idref="fl-4"/>
      </object_component>
      <object_component id="oc-1f7">
         <name>.text:_ZNK8TaskInfo12TaskInactiveEv</name>
         <load_address>0x3264</load_address>
         <run_address>0x3264</run_address>
         <size>0x1a</size>
         <input_file_ref idref="fl-4"/>
      </object_component>
      <object_component id="oc-6c0">
         <name>.text:_ZNKSt4priv14_List_iteratorIP8TaskInfoSt13_Const_traitsIS2_EEneES5_</name>
         <load_address>0x327e</load_address>
         <run_address>0x327e</run_address>
         <size>0x1a</size>
         <input_file_ref idref="fl-4"/>
      </object_component>
      <object_component id="oc-4af">
         <name>.text:_ZNKSt4priv14_List_iteratorIP8TaskInfoSt16_Nonconst_traitsIS2_EEeqENS0_IS2_St13_Const_traitsIS2_EEE</name>
         <load_address>0x3298</load_address>
         <run_address>0x3298</run_address>
         <size>0x1a</size>
         <input_file_ref idref="fl-4"/>
      </object_component>
      <object_component id="oc-25f">
         <name>.text:_ZNKSt4priv14_List_iteratorIP8TaskInfoSt16_Nonconst_traitsIS2_EEneENS0_IS2_St13_Const_traitsIS2_EEE</name>
         <load_address>0x32b2</load_address>
         <run_address>0x32b2</run_address>
         <size>0x1a</size>
         <input_file_ref idref="fl-4"/>
      </object_component>
      <object_component id="oc-46e">
         <name>.text:_ZNSt4priv17_STLP_alloc_proxyIP10st_MessageS1_SaIS1_EEC1ERKS3_S2_</name>
         <load_address>0x32cc</load_address>
         <run_address>0x32cc</run_address>
         <size>0x1a</size>
         <input_file_ref idref="fl-3"/>
      </object_component>
      <object_component id="oc-43b">
         <name>.text:_ZNKSt4priv10_List_baseIP8TaskInfoSaIS2_EE5emptyEv</name>
         <load_address>0x32e6</load_address>
         <run_address>0x32e6</run_address>
         <size>0x18</size>
         <input_file_ref idref="fl-4"/>
      </object_component>
      <object_component id="oc-48c">
         <name>.text:_ZNSt4priv10_List_baseIP8TaskInfoSaIS2_EE19_M_empty_initializeEv</name>
         <load_address>0x32fe</load_address>
         <run_address>0x32fe</run_address>
         <size>0x18</size>
         <input_file_ref idref="fl-4"/>
      </object_component>
      <object_component id="oc-4d9">
         <name>.text:_ZNSt4priv17_STLP_alloc_proxyINS_15_List_node_baseENS_10_List_nodeIP8TaskInfoEESaIS5_EE4swapERS7_</name>
         <load_address>0x3316</load_address>
         <run_address>0x3316</run_address>
         <size>0x18</size>
         <input_file_ref idref="fl-4"/>
      </object_component>
      <object_component id="oc-c6">
         <name>.text:_ZNSt6vectorI10st_MessageSaIS0_EEixEj</name>
         <load_address>0x332e</load_address>
         <run_address>0x332e</run_address>
         <size>0x18</size>
         <input_file_ref idref="fl-3"/>
      </object_component>
      <object_component id="oc-6a">
         <name>.text</name>
         <load_address>0x3348</load_address>
         <run_address>0x3348</run_address>
         <size>0x18</size>
         <input_file_ref idref="fl-df"/>
      </object_component>
      <object_component id="oc-6ff">
         <name>.text</name>
         <load_address>0x3360</load_address>
         <run_address>0x3360</run_address>
         <size>0x18</size>
         <input_file_ref idref="fl-f9"/>
      </object_component>
      <object_component id="oc-ea">
         <name>.text:_ZN9Scheduler16getSchedulerTickEv</name>
         <load_address>0x3378</load_address>
         <run_address>0x3378</run_address>
         <size>0x16</size>
         <input_file_ref idref="fl-4"/>
      </object_component>
      <object_component id="oc-520">
         <name>.text:_ZSt19_Copy_Construct_auxIP8TaskInfoEvPT_RKS2_RKSt11__true_type</name>
         <load_address>0x338e</load_address>
         <run_address>0x338e</run_address>
         <size>0x16</size>
         <input_file_ref idref="fl-4"/>
      </object_component>
      <object_component id="oc-705">
         <name>.text</name>
         <load_address>0x33a4</load_address>
         <run_address>0x33a4</run_address>
         <size>0x16</size>
         <input_file_ref idref="fl-f8"/>
      </object_component>
      <object_component id="oc-10c">
         <name>.text:_ZN9SchedulerD1Ev</name>
         <load_address>0x33ba</load_address>
         <run_address>0x33ba</run_address>
         <size>0x14</size>
         <input_file_ref idref="fl-7"/>
      </object_component>
      <object_component id="oc-467">
         <name>.text:_ZNSt4priv10_List_baseIP8TaskInfoSaIS2_EED1Ev</name>
         <load_address>0x33ce</load_address>
         <run_address>0x33ce</run_address>
         <size>0x14</size>
         <input_file_ref idref="fl-4"/>
      </object_component>
      <object_component id="oc-258">
         <name>.text:_ZNSt4priv14_List_iteratorIP8TaskInfoSt13_Const_traitsIS2_EEC1ERKNS0_IS2_St16_Nonconst_traitsIS2_EEE</name>
         <load_address>0x33e2</load_address>
         <run_address>0x33e2</run_address>
         <size>0x14</size>
         <input_file_ref idref="fl-4"/>
      </object_component>
      <object_component id="oc-297">
         <name>.text:_ZNSt4priv14_List_iteratorIP8TaskInfoSt16_Nonconst_traitsIS2_EEC1ERKS5_</name>
         <load_address>0x33f6</load_address>
         <run_address>0x33f6</run_address>
         <size>0x14</size>
         <input_file_ref idref="fl-4"/>
      </object_component>
      <object_component id="oc-380">
         <name>.text:_ZNSt4priv19_List_iterator_base7_M_incrEv</name>
         <load_address>0x340a</load_address>
         <run_address>0x340a</run_address>
         <size>0x14</size>
         <input_file_ref idref="fl-4"/>
      </object_component>
      <object_component id="oc-3f7">
         <name>.text:_ZNSt4priv19_List_iterator_baseC1EPNS_15_List_node_baseE</name>
         <load_address>0x341e</load_address>
         <run_address>0x341e</run_address>
         <size>0x14</size>
         <input_file_ref idref="fl-4"/>
      </object_component>
      <object_component id="oc-448">
         <name>.text:_ZNSt4priv7_CArrayISt4listIP8TaskInfoSaIS3_EELj64EED1Ev</name>
         <load_address>0x3432</load_address>
         <run_address>0x3432</run_address>
         <size>0x14</size>
         <input_file_ref idref="fl-4"/>
      </object_component>
      <object_component id="oc-426">
         <name>.text:_ZNSt4priv7_CArrayISt4listIP8TaskInfoSaIS3_EELj64EEixEj</name>
         <load_address>0x3446</load_address>
         <run_address>0x3446</run_address>
         <size>0x14</size>
         <input_file_ref idref="fl-4"/>
      </object_component>
      <object_component id="oc-150">
         <name>.text</name>
         <load_address>0x345c</load_address>
         <run_address>0x345c</run_address>
         <size>0x14</size>
         <input_file_ref idref="fl-de"/>
      </object_component>
      <object_component id="oc-6f7">
         <name>.text</name>
         <load_address>0x3470</load_address>
         <run_address>0x3470</run_address>
         <size>0x14</size>
         <input_file_ref idref="fl-f1"/>
      </object_component>
      <object_component id="oc-55e">
         <name>.text</name>
         <load_address>0x3484</load_address>
         <run_address>0x3484</run_address>
         <size>0x14</size>
         <input_file_ref idref="fl-d8"/>
      </object_component>
      <object_component id="oc-2ba">
         <name>.text:_ZN8TaskInfo13ResetRunValueEv</name>
         <load_address>0x3498</load_address>
         <run_address>0x3498</run_address>
         <size>0x12</size>
         <input_file_ref idref="fl-4"/>
      </object_component>
      <object_component id="oc-289">
         <name>.text:_ZN8TaskInfoC1Ev</name>
         <load_address>0x34aa</load_address>
         <run_address>0x34aa</run_address>
         <size>0x12</size>
         <input_file_ref idref="fl-4"/>
      </object_component>
      <object_component id="oc-605">
         <name>.text:_ZNKSt4listIP8TaskInfoSaIS1_EE5beginEv</name>
         <load_address>0x34bc</load_address>
         <run_address>0x34bc</run_address>
         <size>0x12</size>
         <input_file_ref idref="fl-4"/>
      </object_component>
      <object_component id="oc-235">
         <name>.text:_ZNSt4listIP8TaskInfoSaIS1_EE5beginEv</name>
         <load_address>0x34ce</load_address>
         <run_address>0x34ce</run_address>
         <size>0x12</size>
         <input_file_ref idref="fl-4"/>
      </object_component>
      <object_component id="oc-219">
         <name>.text:_ZNSt4listIP8TaskInfoSaIS1_EEC1ERKS2_</name>
         <load_address>0x34e0</load_address>
         <run_address>0x34e0</run_address>
         <size>0x12</size>
         <input_file_ref idref="fl-4"/>
      </object_component>
      <object_component id="oc-65c">
         <name>.text:_ZNSt4priv14_List_iteratorIP8TaskInfoSt13_Const_traitsIS2_EEC1EPNS_15_List_node_baseE</name>
         <load_address>0x34f2</load_address>
         <run_address>0x34f2</run_address>
         <size>0x12</size>
         <input_file_ref idref="fl-4"/>
      </object_component>
      <object_component id="oc-379">
         <name>.text:_ZNSt4priv14_List_iteratorIP8TaskInfoSt16_Nonconst_traitsIS2_EEC1EPNS_15_List_node_baseE</name>
         <load_address>0x3504</load_address>
         <run_address>0x3504</run_address>
         <size>0x12</size>
         <input_file_ref idref="fl-4"/>
      </object_component>
      <object_component id="oc-54a">
         <name>.text:_ZNSt4priv17_STLP_alloc_proxyINS_15_List_node_baseENS_10_List_nodeIP8TaskInfoEESaIS5_EE13_M_swap_allocERS7_</name>
         <load_address>0x3516</load_address>
         <run_address>0x3516</run_address>
         <size>0x12</size>
         <input_file_ref idref="fl-4"/>
      </object_component>
      <object_component id="oc-493">
         <name>.text:_ZNSt4priv17_STLP_alloc_proxyINS_15_List_node_baseENS_10_List_nodeIP8TaskInfoEESaIS5_EE8allocateEj</name>
         <load_address>0x3528</load_address>
         <run_address>0x3528</run_address>
         <size>0x12</size>
         <input_file_ref idref="fl-4"/>
      </object_component>
      <object_component id="oc-18a">
         <name>.text:_ZNSt6vectorI10st_MessageSaIS0_EEC1ERKS1_</name>
         <load_address>0x353a</load_address>
         <run_address>0x353a</run_address>
         <size>0x12</size>
         <input_file_ref idref="fl-3"/>
      </object_component>
      <object_component id="oc-4ef">
         <name>.text:_ZSt14_Destroy_RangeIPSt4listIP8TaskInfoSaIS2_EEEvT_S6_</name>
         <load_address>0x354c</load_address>
         <run_address>0x354c</run_address>
         <size>0x12</size>
         <input_file_ref idref="fl-4"/>
      </object_component>
      <object_component id="oc-290">
         <name>.text:_ZN4Task13getTaskTimemsEv</name>
         <load_address>0x355e</load_address>
         <run_address>0x355e</run_address>
         <size>0x10</size>
         <input_file_ref idref="fl-4"/>
      </object_component>
      <object_component id="oc-2a5">
         <name>.text:_ZN8TaskInfo14DeactivateTaskEv</name>
         <load_address>0x356e</load_address>
         <run_address>0x356e</run_address>
         <size>0x10</size>
         <input_file_ref idref="fl-4"/>
      </object_component>
      <object_component id="oc-1fe">
         <name>.text:_ZNK8TaskInfo15GetTaskPriorityEv</name>
         <load_address>0x357e</load_address>
         <run_address>0x357e</run_address>
         <size>0x10</size>
         <input_file_ref idref="fl-4"/>
      </object_component>
      <object_component id="oc-205">
         <name>.text:_ZNK8TaskInfo15GetTickIntervalEv</name>
         <load_address>0x358e</load_address>
         <run_address>0x358e</run_address>
         <size>0x10</size>
         <input_file_ref idref="fl-4"/>
      </object_component>
      <object_component id="oc-599">
         <name>.text:_ZNKSaINSt4priv10_List_nodeIP8TaskInfoEEE8max_sizeEv</name>
         <load_address>0x35a0</load_address>
         <run_address>0x35a0</run_address>
         <size>0x10</size>
         <input_file_ref idref="fl-4"/>
      </object_component>
      <object_component id="oc-60c">
         <name>.text:_ZNKSt4listIP8TaskInfoSaIS1_EE3endEv</name>
         <load_address>0x35b0</load_address>
         <run_address>0x35b0</run_address>
         <size>0x10</size>
         <input_file_ref idref="fl-4"/>
      </object_component>
      <object_component id="oc-411">
         <name>.text:_ZNKSt4priv10_List_baseIP8TaskInfoSaIS2_EE13get_allocatorEv</name>
         <load_address>0x35c0</load_address>
         <run_address>0x35c0</run_address>
         <size>0x10</size>
         <input_file_ref idref="fl-4"/>
      </object_component>
      <object_component id="oc-6b2">
         <name>.text:_ZNKSt4priv14_List_iteratorIP8TaskInfoSt13_Const_traitsIS2_EEdeEv</name>
         <load_address>0x35d0</load_address>
         <run_address>0x35d0</run_address>
         <size>0x10</size>
         <input_file_ref idref="fl-4"/>
      </object_component>
      <object_component id="oc-23c">
         <name>.text:_ZNKSt4priv14_List_iteratorIP8TaskInfoSt16_Nonconst_traitsIS2_EEdeEv</name>
         <load_address>0x35e0</load_address>
         <run_address>0x35e0</run_address>
         <size>0x10</size>
         <input_file_ref idref="fl-4"/>
      </object_component>
      <object_component id="oc-504">
         <name>.text:_ZNSaI10st_MessageEC2ERKS0_</name>
         <load_address>0x35f0</load_address>
         <run_address>0x35f0</run_address>
         <size>0x10</size>
         <input_file_ref idref="fl-3"/>
      </object_component>
      <object_component id="oc-50b">
         <name>.text:_ZNSaINSt4priv10_List_nodeIP8TaskInfoEEEC2ERKS4_</name>
         <load_address>0x3600</load_address>
         <run_address>0x3600</run_address>
         <size>0x10</size>
         <input_file_ref idref="fl-4"/>
      </object_component>
      <object_component id="oc-251">
         <name>.text:_ZNSt4listIP8TaskInfoSaIS1_EE3endEv</name>
         <load_address>0x3610</load_address>
         <run_address>0x3610</run_address>
         <size>0x10</size>
         <input_file_ref idref="fl-4"/>
      </object_component>
      <object_component id="oc-282">
         <name>.text:_ZNSt4listIP8TaskInfoSaIS1_EE4sortIPFbRKS1_S6_EEEvT_</name>
         <load_address>0x3620</load_address>
         <run_address>0x3620</run_address>
         <size>0x10</size>
         <input_file_ref idref="fl-4"/>
      </object_component>
      <object_component id="oc-27b">
         <name>.text:_ZNSt4listIP8TaskInfoSaIS1_EE9remove_ifIPFbRKS1_EEEvT_</name>
         <load_address>0x3630</load_address>
         <run_address>0x3630</run_address>
         <size>0x10</size>
         <input_file_ref idref="fl-4"/>
      </object_component>
      <object_component id="oc-36b">
         <name>.text:_ZNSt4priv10_List_baseIP8TaskInfoSaIS2_EEC2ERKS3_</name>
         <load_address>0x3640</load_address>
         <run_address>0x3640</run_address>
         <size>0x10</size>
         <input_file_ref idref="fl-4"/>
      </object_component>
      <object_component id="oc-32b">
         <name>.text:_ZNSt4priv12_Vector_baseI10st_MessageSaIS1_EEC2ERKS2_</name>
         <load_address>0x3650</load_address>
         <run_address>0x3650</run_address>
         <size>0x10</size>
         <input_file_ref idref="fl-3"/>
      </object_component>
      <object_component id="oc-22e">
         <name>.text:_ZNSt4priv14_List_iteratorIP8TaskInfoSt16_Nonconst_traitsIS2_EEC1Ev</name>
         <load_address>0x3660</load_address>
         <run_address>0x3660</run_address>
         <size>0x10</size>
         <input_file_ref idref="fl-4"/>
      </object_component>
      <object_component id="oc-372">
         <name>.text:_ZNSt4priv19_List_iterator_baseC2EPNS_15_List_node_baseE</name>
         <load_address>0x3670</load_address>
         <run_address>0x3670</run_address>
         <size>0x10</size>
         <input_file_ref idref="fl-4"/>
      </object_component>
      <object_component id="oc-26d">
         <name>.text:_ZN8TaskInfo10GetTaskPtrEv</name>
         <load_address>0x3680</load_address>
         <run_address>0x3680</run_address>
         <size>0xe</size>
         <input_file_ref idref="fl-4"/>
      </object_component>
      <object_component id="oc-266">
         <name>.text:_ZN8TaskInfo10TaskExistsEv</name>
         <load_address>0x368e</load_address>
         <run_address>0x368e</run_address>
         <size>0xe</size>
         <input_file_ref idref="fl-4"/>
      </object_component>
      <object_component id="oc-2b3">
         <name>.text:_ZN8TaskInfo11GetTaskTypeEv</name>
         <load_address>0x369c</load_address>
         <run_address>0x369c</run_address>
         <size>0xe</size>
         <input_file_ref idref="fl-4"/>
      </object_component>
      <object_component id="oc-1f0">
         <name>.text:_ZNK8TaskInfo10TaskActiveEv</name>
         <load_address>0x36aa</load_address>
         <run_address>0x36aa</run_address>
         <size>0xe</size>
         <input_file_ref idref="fl-4"/>
      </object_component>
      <object_component id="oc-58b">
         <name>.text:_ZNSaI10st_MessageEC1ERKS0_</name>
         <load_address>0x36b8</load_address>
         <run_address>0x36b8</run_address>
         <size>0xe</size>
         <input_file_ref idref="fl-3"/>
      </object_component>
      <object_component id="oc-592">
         <name>.text:_ZNSaINSt4priv10_List_nodeIP8TaskInfoEEEC1ERKS4_</name>
         <load_address>0x36c6</load_address>
         <run_address>0x36c6</run_address>
         <size>0xe</size>
         <input_file_ref idref="fl-4"/>
      </object_component>
      <object_component id="oc-477">
         <name>.text:_ZNSaINSt4priv10_List_nodeIP8TaskInfoEEEC1IS2_EERKSaIT_E</name>
         <load_address>0x36d4</load_address>
         <run_address>0x36d4</run_address>
         <size>0xe</size>
         <input_file_ref idref="fl-4"/>
      </object_component>
      <object_component id="oc-4a1">
         <name>.text:_ZNSaIP8TaskInfoEC1INSt4priv10_List_nodeIS0_EEEERKSaIT_E</name>
         <load_address>0x36e2</load_address>
         <run_address>0x36e2</run_address>
         <size>0xe</size>
         <input_file_ref idref="fl-4"/>
      </object_component>
      <object_component id="oc-460">
         <name>.text:_ZNSt11__new_alloc10deallocateEPvj</name>
         <load_address>0x36f0</load_address>
         <run_address>0x36f0</run_address>
         <size>0xe</size>
         <input_file_ref idref="fl-4"/>
      </object_component>
      <object_component id="oc-2fd">
         <name>.text:_ZNSt4listIP8TaskInfoSaIS1_EED1Ev</name>
         <load_address>0x36fe</load_address>
         <run_address>0x36fe</run_address>
         <size>0xe</size>
         <input_file_ref idref="fl-4"/>
      </object_component>
      <object_component id="oc-6b9">
         <name>.text:_ZNSt4priv14_List_iteratorIP8TaskInfoSt13_Const_traitsIS2_EEppEv</name>
         <load_address>0x370c</load_address>
         <run_address>0x370c</run_address>
         <size>0xe</size>
         <input_file_ref idref="fl-4"/>
      </object_component>
      <object_component id="oc-405">
         <name>.text:_ZNSt4priv14_List_iteratorIP8TaskInfoSt16_Nonconst_traitsIS2_EEppEv</name>
         <load_address>0x371a</load_address>
         <run_address>0x371a</run_address>
         <size>0xe</size>
         <input_file_ref idref="fl-4"/>
      </object_component>
      <object_component id="oc-5c7">
         <name>.text:_ZNSt4priv17_STLP_alloc_proxyINS_15_List_node_baseENS_10_List_nodeIP8TaskInfoEESaIS5_EE13_M_swap_allocERS7_RKSt11__true_type</name>
         <load_address>0x3728</load_address>
         <run_address>0x3728</run_address>
         <size>0xe</size>
         <input_file_ref idref="fl-4"/>
      </object_component>
      <object_component id="oc-4fd">
         <name>.text:_ZNSt4priv17_STLP_alloc_proxyINS_15_List_node_baseENS_10_List_nodeIP8TaskInfoEESaIS5_EED1Ev</name>
         <load_address>0x3736</load_address>
         <run_address>0x3736</run_address>
         <size>0xe</size>
         <input_file_ref idref="fl-4"/>
      </object_component>
      <object_component id="oc-15c">
         <name>.text:_ZNSt6vectorI10st_MessageSaIS0_EE5beginEv</name>
         <load_address>0x3744</load_address>
         <run_address>0x3744</run_address>
         <size>0xe</size>
         <input_file_ref idref="fl-3"/>
      </object_component>
      <object_component id="oc-653">
         <name>.text:_ZSt13__destroy_auxISt4listIP8TaskInfoSaIS2_EEEvPT_RKSt12__false_type</name>
         <load_address>0x3752</load_address>
         <run_address>0x3752</run_address>
         <size>0xe</size>
         <input_file_ref idref="fl-4"/>
      </object_component>
      <object_component id="oc-519">
         <name>.text:_ZSt7_Is_PODIP8TaskInfoESt6_IsPODIT_EPS3_</name>
         <load_address>0x3760</load_address>
         <run_address>0x3760</run_address>
         <size>0xe</size>
         <input_file_ref idref="fl-4"/>
      </object_component>
      <object_component id="oc-52e">
         <name>.text:_ZSt7_Is_PODISt4listIP8TaskInfoSaIS2_EEESt6_IsPODIT_EPS6_</name>
         <load_address>0x376e</load_address>
         <run_address>0x376e</run_address>
         <size>0xe</size>
         <input_file_ref idref="fl-4"/>
      </object_component>
      <object_component id="oc-39c">
         <name>.text:_ZSt8_DestroyIP8TaskInfoEvPT_</name>
         <load_address>0x377c</load_address>
         <run_address>0x377c</run_address>
         <size>0xe</size>
         <input_file_ref idref="fl-4"/>
      </object_component>
      <object_component id="oc-4b6">
         <name>.text:_ZSteqIP8TaskInfoS1_EbRKSaIT_ERKSaIT0_E</name>
         <load_address>0x378a</load_address>
         <run_address>0x378a</run_address>
         <size>0xe</size>
         <input_file_ref idref="fl-4"/>
      </object_component>
      <object_component id="oc-1a">
         <name>.text:decompress:none</name>
         <load_address>0x3798</load_address>
         <run_address>0x3798</run_address>
         <size>0xe</size>
         <input_file_ref idref="fl-c5"/>
      </object_component>
      <object_component id="oc-86">
         <name>.text</name>
         <load_address>0x37a6</load_address>
         <run_address>0x37a6</run_address>
         <size>0xe</size>
         <input_file_ref idref="fl-8"/>
      </object_component>
      <object_component id="oc-183">
         <name>.text:_ZNSaI10st_MessageEC1Ev</name>
         <load_address>0x37b4</load_address>
         <run_address>0x37b4</run_address>
         <size>0xc</size>
         <input_file_ref idref="fl-3"/>
      </object_component>
      <object_component id="oc-191">
         <name>.text:_ZNSaI10st_MessageED1Ev</name>
         <load_address>0x37c0</load_address>
         <run_address>0x37c0</run_address>
         <size>0xc</size>
         <input_file_ref idref="fl-3"/>
      </object_component>
      <object_component id="oc-485">
         <name>.text:_ZNSaINSt4priv10_List_nodeIP8TaskInfoEEED1Ev</name>
         <load_address>0x37cc</load_address>
         <run_address>0x37cc</run_address>
         <size>0xc</size>
         <input_file_ref idref="fl-4"/>
      </object_component>
      <object_component id="oc-584">
         <name>.text:_ZNSaINSt4priv10_List_nodeIP8TaskInfoEEED2Ev</name>
         <load_address>0x37d8</load_address>
         <run_address>0x37d8</run_address>
         <size>0xc</size>
         <input_file_ref idref="fl-4"/>
      </object_component>
      <object_component id="oc-212">
         <name>.text:_ZNSaIP8TaskInfoEC1Ev</name>
         <load_address>0x37e4</load_address>
         <run_address>0x37e4</run_address>
         <size>0xc</size>
         <input_file_ref idref="fl-4"/>
      </object_component>
      <object_component id="oc-220">
         <name>.text:_ZNSaIP8TaskInfoED1Ev</name>
         <load_address>0x37f0</load_address>
         <run_address>0x37f0</run_address>
         <size>0xc</size>
         <input_file_ref idref="fl-4"/>
      </object_component>
      <object_component id="oc-5a0">
         <name>.text:_ZNSt11__new_alloc8allocateEj</name>
         <load_address>0x37fc</load_address>
         <run_address>0x37fc</run_address>
         <size>0xc</size>
         <input_file_ref idref="fl-4"/>
      </object_component>
      <object_component id="oc-3d5">
         <name>.text:_ZNSt4priv10_List_baseIP8TaskInfoSaIS2_EED2Ev</name>
         <load_address>0x3808</load_address>
         <run_address>0x3808</run_address>
         <size>0xc</size>
         <input_file_ref idref="fl-4"/>
      </object_component>
      <object_component id="oc-527">
         <name>.text:_ZNSt6_IsPODIP8TaskInfoE7_AnswerEv</name>
         <load_address>0x3814</load_address>
         <run_address>0x3814</run_address>
         <size>0xc</size>
         <input_file_ref idref="fl-4"/>
      </object_component>
      <object_component id="oc-53c">
         <name>.text:_ZNSt6_IsPODISt4listIP8TaskInfoSaIS2_EEE7_AnswerEv</name>
         <load_address>0x3820</load_address>
         <run_address>0x3820</run_address>
         <size>0xc</size>
         <input_file_ref idref="fl-4"/>
      </object_component>
      <object_component id="oc-4f6">
         <name>.text:_ZSt12__stl_deletePv</name>
         <load_address>0x382c</load_address>
         <run_address>0x382c</run_address>
         <size>0xc</size>
         <input_file_ref idref="fl-4"/>
      </object_component>
      <object_component id="oc-454">
         <name>.text:_ZSt13__destroy_auxIP8TaskInfoEvPT_RKSt11__true_type</name>
         <load_address>0x3838</load_address>
         <run_address>0x3838</run_address>
         <size>0xc</size>
         <input_file_ref idref="fl-4"/>
      </object_component>
      <object_component id="oc-5fc">
         <name>.text:_ZSt9__stl_newj</name>
         <load_address>0x3844</load_address>
         <run_address>0x3844</run_address>
         <size>0xc</size>
         <input_file_ref idref="fl-4"/>
      </object_component>
      <object_component id="oc-20">
         <name>.text:decompress:ZI</name>
         <load_address>0x3850</load_address>
         <run_address>0x3850</run_address>
         <size>0xc</size>
         <input_file_ref idref="fl-c6"/>
      </object_component>
      <object_component id="oc-359">
         <name>.text</name>
         <load_address>0x385c</load_address>
         <run_address>0x385c</run_address>
         <size>0x8</size>
         <input_file_ref idref="fl-c7"/>
      </object_component>
      <object_component id="oc-5ac">
         <name>.text</name>
         <load_address>0x3864</load_address>
         <run_address>0x3864</run_address>
         <size>0x4</size>
         <input_file_ref idref="fl-d5"/>
      </object_component>
      <object_component id="oc-5e">
         <name>.text</name>
         <load_address>0x3868</load_address>
         <run_address>0x3868</run_address>
         <size>0x4</size>
         <input_file_ref idref="fl-d6"/>
      </object_component>
      <object_component id="oc-5a7">
         <name>.const:.string:_ZZNSaINSt4priv10_List_nodeIP8TaskInfoEEE8allocateEjPKvEs</name>
         <load_address>0x386c</load_address>
         <run_address>0x386c</run_address>
         <size>0xf</size>
         <input_file_ref idref="fl-4"/>
      </object_component>
      <object_component id="oc-44f">
         <name>.const:.string:_ZZNSt4priv7_S_sortIP8TaskInfoSaIS2_EPFbRKS2_S5_EEEvRSt4listIT_T0_ET1_Es</name>
         <load_address>0x387b</load_address>
         <run_address>0x387b</run_address>
         <size>0xb</size>
         <input_file_ref idref="fl-4"/>
      </object_component>
      <object_component id="oc-779">
         <name>.cinit..data.load</name>
         <load_address>0x3890</load_address>
         <run_address>0x3890</run_address>
         <size>0x7c</size>
      </object_component>
      <object_component id="oc-777">
         <name>__TI_handler_table</name>
         <load_address>0x390c</load_address>
         <run_address>0x390c</run_address>
         <size>0xc</size>
      </object_component>
      <object_component id="oc-77a">
         <name>.cinit..bss.load</name>
         <load_address>0x3918</load_address>
         <run_address>0x3918</run_address>
         <size>0x8</size>
      </object_component>
      <object_component id="oc-778">
         <name>__TI_cinit_table</name>
         <load_address>0x3920</load_address>
         <run_address>0x3920</run_address>
         <size>0x10</size>
      </object_component>
      <object_component id="oc-2c">
         <name>.init_array</name>
         <load_address>0x3888</load_address>
         <run_address>0x3888</run_address>
         <size>0x4</size>
         <input_file_ref idref="fl-3"/>
      </object_component>
      <object_component id="oc-2d">
         <name>.init_array</name>
         <load_address>0x388c</load_address>
         <run_address>0x388c</run_address>
         <size>0x4</size>
         <input_file_ref idref="fl-7"/>
      </object_component>
      <object_component id="oc-77b">
         <name>SHT$$INIT_ARRAY$$Limit</name>
         <load_address>0x3890</load_address>
         <run_address>0x3890</run_address>
         <size>0x0</size>
      </object_component>
      <object_component id="oc-754">
         <name>.binit</name>
         <load_address>0x0</load_address>
         <run_address>0x0</run_address>
         <size>0x0</size>
      </object_component>
      <object_component id="oc-2d4">
         <name>.data:_ZN7Timer3220m_pinBounceTIMER32_1E</name>
         <load_address>0x200037b0</load_address>
         <run_address>0x200037b0</run_address>
         <size>0xc</size>
         <input_file_ref idref="fl-6"/>
      </object_component>
      <object_component id="oc-2d7">
         <name>.data:_ZN7Timer3220m_pinBounceTIMER32_2E</name>
         <load_address>0x200037bc</load_address>
         <run_address>0x200037bc</run_address>
         <size>0xc</size>
         <input_file_ref idref="fl-6"/>
      </object_component>
      <object_component id="oc-2d1">
         <name>.data</name>
         <load_address>0x200037f0</load_address>
         <run_address>0x200037f0</run_address>
         <size>0x2</size>
         <input_file_ref idref="fl-6"/>
      </object_component>
      <object_component id="oc-106">
         <name>.data</name>
         <load_address>0x200037d0</load_address>
         <run_address>0x200037d0</run_address>
         <size>0x8</size>
         <input_file_ref idref="fl-7"/>
      </object_component>
      <object_component id="oc-306">
         <name>.data</name>
         <load_address>0x200037ec</load_address>
         <run_address>0x200037ec</run_address>
         <size>0x4</size>
         <input_file_ref idref="fl-9"/>
      </object_component>
      <object_component id="oc-2e2">
         <name>.data</name>
         <load_address>0x200037d8</load_address>
         <run_address>0x200037d8</run_address>
         <size>0x4</size>
         <input_file_ref idref="fl-c9"/>
      </object_component>
      <object_component id="oc-bb">
         <name>.data:$O1$$</name>
         <load_address>0x20003798</load_address>
         <run_address>0x20003798</run_address>
         <size>0xc</size>
         <input_file_ref idref="fl-ca"/>
      </object_component>
      <object_component id="oc-322">
         <name>.data:$O1$$</name>
         <load_address>0x200037a4</load_address>
         <run_address>0x200037a4</run_address>
         <size>0xc</size>
         <input_file_ref idref="fl-d0"/>
      </object_component>
      <object_component id="oc-76">
         <name>.data</name>
         <load_address>0x200037e4</load_address>
         <run_address>0x200037e4</run_address>
         <size>0x4</size>
         <input_file_ref idref="fl-d7"/>
      </object_component>
      <object_component id="oc-16e">
         <name>.data</name>
         <load_address>0x200037e8</load_address>
         <run_address>0x200037e8</run_address>
         <size>0x4</size>
         <input_file_ref idref="fl-da"/>
      </object_component>
      <object_component id="oc-640">
         <name>.data:_device</name>
         <load_address>0x200036c0</load_address>
         <run_address>0x200036c0</run_address>
         <size>0x78</size>
         <input_file_ref idref="fl-dc"/>
      </object_component>
      <object_component id="oc-5e5">
         <name>.data:_stream</name>
         <load_address>0x20003738</load_address>
         <run_address>0x20003738</run_address>
         <size>0x50</size>
         <input_file_ref idref="fl-dc"/>
      </object_component>
      <object_component id="oc-be">
         <name>.data:$O1$$</name>
         <load_address>0x200037c8</load_address>
         <run_address>0x200037c8</run_address>
         <size>0x8</size>
         <input_file_ref idref="fl-de"/>
      </object_component>
      <object_component id="oc-576">
         <name>.data:_ftable</name>
         <load_address>0x200035d0</load_address>
         <run_address>0x200035d0</run_address>
         <size>0xf0</size>
         <input_file_ref idref="fl-e4"/>
      </object_component>
      <object_component id="oc-5e0">
         <name>.data</name>
         <load_address>0x20003788</load_address>
         <run_address>0x20003788</run_address>
         <size>0x10</size>
         <input_file_ref idref="fl-e4"/>
      </object_component>
      <object_component id="oc-681">
         <name>.data</name>
         <load_address>0x200037dc</load_address>
         <run_address>0x200037dc</run_address>
         <size>0x4</size>
         <input_file_ref idref="fl-f3"/>
      </object_component>
      <object_component id="oc-6cf">
         <name>.data</name>
         <load_address>0x200037e0</load_address>
         <run_address>0x200037e0</run_address>
         <size>0x4</size>
         <input_file_ref idref="fl-f4"/>
      </object_component>
      <object_component id="oc-da">
         <name>.bss</name>
         <uninitialized>true</uninitialized>
         <run_address>0x200031c0</run_address>
         <size>0x4</size>
         <input_file_ref idref="fl-3"/>
      </object_component>
      <object_component id="oc-109">
         <name>.bss</name>
         <uninitialized>true</uninitialized>
         <run_address>0x200031c4</run_address>
         <size>0x4</size>
         <input_file_ref idref="fl-7"/>
      </object_component>
      <object_component id="oc-103">
         <name>.bss:g_MainScheduler</name>
         <uninitialized>true</uninitialized>
         <run_address>0x20000000</run_address>
         <size>0x2ff8</size>
         <input_file_ref idref="fl-7"/>
      </object_component>
      <object_component id="oc-71b">
         <name>.bss:_CIOBUF_</name>
         <uninitialized>true</uninitialized>
         <run_address>0x20002ff8</run_address>
         <size>0x120</size>
         <input_file_ref idref="fl-f2"/>
      </object_component>
      <object_component id="oc-113">
         <name>.common:__dso_handle</name>
         <uninitialized>true</uninitialized>
         <run_address>0x200031c8</run_address>
         <size>0x4</size>
      </object_component>
      <object_component id="oc-6de">
         <name>.common:__TI_tmpnams</name>
         <uninitialized>true</uninitialized>
         <run_address>0x20003118</run_address>
         <size>0xa0</size>
      </object_component>
      <object_component id="oc-6e9">
         <name>.common:parmbuf</name>
         <uninitialized>true</uninitialized>
         <run_address>0x200031b8</run_address>
         <size>0x8</size>
      </object_component>
      <object_component id="oc-32">
         <name>.sysmem</name>
         <uninitialized>true</uninitialized>
         <run_address>0x200031d0</run_address>
         <size>0x8</size>
         <input_file_ref idref="fl-d0"/>
      </object_component>
      <object_component id="oc-77d">
         <name>.sysmem</name>
         <uninitialized>true</uninitialized>
         <run_address>0x200031d0</run_address>
         <size>0x0</size>
      </object_component>
      <object_component id="oc-31">
         <name>.stack</name>
         <uninitialized>true</uninitialized>
         <run_address>0x2000fe00</run_address>
         <size>0x0</size>
         <input_file_ref idref="fl-c3"/>
      </object_component>
      <object_component id="oc-77c">
         <name>.stack</name>
         <uninitialized>true</uninitialized>
         <run_address>0x2000fe00</run_address>
         <size>0x0</size>
      </object_component>
      <object_component id="oc-19a">
         <name>.debug_info</name>
         <load_address>0x0</load_address>
         <run_address>0x0</run_address>
         <size>0x2dca</size>
         <input_file_ref idref="fl-2"/>
      </object_component>
      <object_component id="oc-1bc">
         <name>.debug_info</name>
         <load_address>0x2dca</load_address>
         <run_address>0x2dca</run_address>
         <size>0x2a7</size>
         <input_file_ref idref="fl-2"/>
      </object_component>
      <object_component id="oc-1c6">
         <name>.debug_info</name>
         <load_address>0x3071</load_address>
         <run_address>0x3071</run_address>
         <size>0x5df</size>
         <input_file_ref idref="fl-2"/>
      </object_component>
      <object_component id="oc-19e">
         <name>.debug_info</name>
         <load_address>0x3650</load_address>
         <run_address>0x3650</run_address>
         <size>0x1268</size>
         <input_file_ref idref="fl-2"/>
      </object_component>
      <object_component id="oc-11c">
         <name>.debug_info</name>
         <load_address>0x48b8</load_address>
         <run_address>0x48b8</run_address>
         <size>0x3fa4</size>
         <input_file_ref idref="fl-2"/>
      </object_component>
      <object_component id="oc-1a3">
         <name>.debug_info</name>
         <load_address>0x885c</load_address>
         <run_address>0x885c</run_address>
         <size>0xd8</size>
         <input_file_ref idref="fl-2"/>
      </object_component>
      <object_component id="oc-334">
         <name>.debug_info</name>
         <load_address>0x8934</load_address>
         <run_address>0x8934</run_address>
         <size>0xdc</size>
         <input_file_ref idref="fl-2"/>
      </object_component>
      <object_component id="oc-de">
         <name>.debug_info</name>
         <load_address>0x8a10</load_address>
         <run_address>0x8a10</run_address>
         <size>0x176</size>
         <input_file_ref idref="fl-2"/>
      </object_component>
      <object_component id="oc-1a8">
         <name>.debug_info</name>
         <load_address>0x8b86</load_address>
         <run_address>0x8b86</run_address>
         <size>0x5a</size>
         <input_file_ref idref="fl-2"/>
      </object_component>
      <object_component id="oc-339">
         <name>.debug_info</name>
         <load_address>0x8be0</load_address>
         <run_address>0x8be0</run_address>
         <size>0x150</size>
         <input_file_ref idref="fl-2"/>
      </object_component>
      <object_component id="oc-1ad">
         <name>.debug_info</name>
         <load_address>0x8d30</load_address>
         <run_address>0x8d30</run_address>
         <size>0x475</size>
         <input_file_ref idref="fl-2"/>
      </object_component>
      <object_component id="oc-31e">
         <name>.debug_info</name>
         <load_address>0x91a5</load_address>
         <run_address>0x91a5</run_address>
         <size>0x43</size>
         <input_file_ref idref="fl-2"/>
      </object_component>
      <object_component id="oc-1b2">
         <name>.debug_info</name>
         <load_address>0x91e8</load_address>
[...]
      </symbol>
      <symbol id="sm-8d6">
         <name>__aeabi_memset</name>
         <value>0x235f</value>
         <object_component_ref idref="oc-4c"/>
      </symbol>
      <symbol id="sm-8d7">
         <name>memset</name>
         <value>0x2365</value>
         <object_component_ref idref="oc-4c"/>
      </symbol>
      <symbol id="sm-8d8">
         <name>__aeabi_memset8</name>
         <value>0x235f</value>
         <object_component_ref idref="oc-4c"/>
      </symbol>
      <symbol id="sm-8d9">
         <name>__aeabi_memset4</name>
         <value>0x235f</value>
         <object_component_ref idref="oc-4c"/>
      </symbol>
      <symbol id="sm-8da">
         <name>__aeabi_memclr8</name>
         <value>0x235d</value>
         <object_component_ref idref="oc-4c"/>
      </symbol>
      <symbol id="sm-8db">
         <name>__aeabi_memclr4</name>
         <value>0x235d</value>
         <object_component_ref idref="oc-4c"/>
      </symbol>
      <symbol id="sm-8dc">
         <name>__aeabi_memclr</name>
         <value>0x235d</value>
         <object_component_ref idref="oc-4c"/>
      </symbol>
      <symbol id="sm-8e6">
         <name>__mpu_init</name>
         <value>0x23d7</value>
         <object_component_ref idref="oc-58"/>
      </symbol>
      <symbol id="sm-8fd">
         <name>_Znwj</name>
         <value>0x2f69</value>
         <object_component_ref idref="oc-cd"/>
      </symbol>
      <symbol id="sm-907">
         <name>_Z21__default_new_handlerv</name>
         <value>0x2f67</value>
         <object_component_ref idref="oc-171"/>
      </symbol>
      <symbol id="sm-914">
         <name>_ZnwjPv</name>
         <value>0x3865</value>
         <object_component_ref idref="oc-5ac"/>
      </symbol>
      <symbol id="sm-91e">
         <name>_system_pre_init</name>
         <value>0x3869</value>
         <object_component_ref idref="oc-5e"/>
      </symbol>
      <symbol id="sm-926">
         <name>main_func_sp</name>
         <value>0x200037e4</value>
         <object_component_ref idref="oc-76"/>
      </symbol>
      <symbol id="sm-934">
         <name>strlen</name>
         <value>0x3485</value>
         <object_component_ref idref="oc-55e"/>
      </symbol>
      <symbol id="sm-93d">
         <name>_new_handler</name>
         <value>0x200037e8</value>
         <object_component_ref idref="oc-16e"/>
      </symbol>
      <symbol id="sm-989">
         <name>__cxa_vec_cleanup</name>
         <value>0xc15</value>
         <object_component_ref idref="oc-20c"/>
      </symbol>
      <symbol id="sm-98a">
         <name>__cxa_vec_new</name>
         <value>0xac7</value>
         <object_component_ref idref="oc-20c"/>
      </symbol>
      <symbol id="sm-98b">
         <name>__aeabi_vec_ctor_nocookie_nodtor</name>
         <value>0xd3d</value>
         <object_component_ref idref="oc-20c"/>
      </symbol>
      <symbol id="sm-98c">
         <name>__cxa_vec_cctor</name>
         <value>0xc35</value>
         <object_component_ref idref="oc-20c"/>
      </symbol>
      <symbol id="sm-98d">
         <name>__aeabi_vec_delete3_nodtor</name>
         <value>0xcfb</value>
         <object_component_ref idref="oc-20c"/>
      </symbol>
      <symbol id="sm-98e">
         <name>__aeabi_vec_delete</name>
         <value>0xd31</value>
         <object_component_ref idref="oc-20c"/>
      </symbol>
      <symbol id="sm-98f">
         <name>__aeabi_vec_ctor_cookie_nodtor</name>
         <value>0xd4f</value>
         <object_component_ref idref="oc-20c"/>
      </symbol>
      <symbol id="sm-990">
         <name>__aeabi_vec_new_cookie_noctor</name>
         <value>0xc99</value>
         <object_component_ref idref="oc-20c"/>
      </symbol>
      <symbol id="sm-991">
         <name>__aeabi_vec_new_nocookie</name>
         <value>0xc5f</value>
         <object_component_ref idref="oc-20c"/>
      </symbol>
      <symbol id="sm-992">
         <name>__cxa_vec_delete2</name>
         <value>0xba5</value>
         <object_component_ref idref="oc-20c"/>
      </symbol>
      <symbol id="sm-993">
         <name>__cxa_vec_delete3</name>
         <value>0xb7f</value>
         <object_component_ref idref="oc-20c"/>
      </symbol>
      <symbol id="sm-994">
         <name>__cxa_vec_dtor</name>
         <value>0xb63</value>
         <object_component_ref idref="oc-20c"/>
      </symbol>
      <symbol id="sm-995">
         <name>__aeabi_vec_new_cookie</name>
         <value>0xcb5</value>
         <object_component_ref idref="oc-20c"/>
      </symbol>
      <symbol id="sm-996">
         <name>__aeabi_vec_delete3</name>
         <value>0xd15</value>
         <object_component_ref idref="oc-20c"/>
      </symbol>
      <symbol id="sm-997">
         <name>__cxa_vec_delete</name>
         <value>0xbcb</value>
         <object_component_ref idref="oc-20c"/>
      </symbol>
      <symbol id="sm-998">
         <name>__aeabi_vec_new_cookie_nodtor</name>
         <value>0xc73</value>
         <object_component_ref idref="oc-20c"/>
      </symbol>
      <symbol id="sm-999">
         <name>__cxa_vec_ctor</name>
         <value>0xbf1</value>
         <object_component_ref idref="oc-20c"/>
      </symbol>
      <symbol id="sm-99a">
         <name>__aeabi_vec_cctor_nocookie_nodtor</name>
         <value>0xd73</value>
         <object_component_ref idref="oc-20c"/>
      </symbol>
      <symbol id="sm-99b">
         <name>__aeabi_vec_dtor</name>
         <value>0xcc9</value>
         <object_component_ref idref="oc-20c"/>
      </symbol>
      <symbol id="sm-99c">
         <name>__aeabi_vec_dtor_cookie</name>
         <value>0xcdd</value>
         <object_component_ref idref="oc-20c"/>
      </symbol>
      <symbol id="sm-99d">
         <name>__cxa_vec_new2</name>
         <value>0xa9b</value>
         <object_component_ref idref="oc-20c"/>
      </symbol>
      <symbol id="sm-99e">
         <name>__cxa_vec_new3</name>
         <value>0xa6f</value>
         <object_component_ref idref="oc-20c"/>
      </symbol>
      <symbol id="sm-9c4">
         <name>_stream</name>
         <value>0x20003738</value>
         <object_component_ref idref="oc-5e5"/>
      </symbol>
      <symbol id="sm-9c5">
         <name>_device</name>
         <value>0x200036c0</value>
         <object_component_ref idref="oc-640"/>
      </symbol>
      <symbol id="sm-9c6">
         <name>write</name>
         <value>0x309d</value>
         <object_component_ref idref="oc-570"/>
      </symbol>
      <symbol id="sm-9e4">
         <name>__TI_wrt_ok</name>
         <value>0x1f4f</value>
         <object_component_ref idref="oc-558"/>
      </symbol>
      <symbol id="sm-9e5">
         <name>__TI_rd_ok</name>
         <value>0x1fb1</value>
         <object_component_ref idref="oc-558"/>
      </symbol>
      <symbol id="sm-9fe">
         <name>_nop</name>
         <value>0x346b</value>
         <object_component_ref idref="oc-150"/>
      </symbol>
      <symbol id="sm-9ff">
         <name>_lock</name>
         <value>0x200037c8</value>
         <object_component_ref idref="oc-be"/>
      </symbol>
      <symbol id="sm-a00">
         <name>_unlock</name>
         <value>0x200037cc</value>
         <object_component_ref idref="oc-be"/>
      </symbol>
      <symbol id="sm-a01">
         <name>_register_lock</name>
         <value>0x3463</value>
         <object_component_ref idref="oc-150"/>
      </symbol>
      <symbol id="sm-a02">
         <name>_register_unlock</name>
         <value>0x345d</value>
         <object_component_ref idref="oc-150"/>
      </symbol>
      <symbol id="sm-a16">
         <name>_args_main</name>
         <value>0x3349</value>
         <object_component_ref idref="oc-6a"/>
      </symbol>
      <symbol id="sm-a42">
         <name>__TI_auto_init</name>
         <value>0x23d9</value>
         <object_component_ref idref="oc-64"/>
      </symbol>
      <symbol id="sm-a5c">
         <name>copy_in</name>
         <value>0x2a95</value>
         <object_component_ref idref="oc-ab"/>
      </symbol>
      <symbol id="sm-a71">
         <name>__TI_tmpnams</name>
         <value>0x20003118</value>
      </symbol>
      <symbol id="sm-a72">
         <name>__aeabi_stdout</name>
         <value>0x20003790</value>
         <object_component_ref idref="oc-5e0"/>
      </symbol>
      <symbol id="sm-a73">
         <name>__aeabi_stderr</name>
         <value>0x20003794</value>
         <object_component_ref idref="oc-5e0"/>
      </symbol>
      <symbol id="sm-a74">
         <name>__aeabi_stdin</name>
         <value>0x2000378c</value>
         <object_component_ref idref="oc-5e0"/>
      </symbol>
      <symbol id="sm-a75">
         <name>_ftable</name>
         <value>0x200035d0</value>
         <object_component_ref idref="oc-576"/>
      </symbol>
      <symbol id="sm-a76">
         <name>__TI_ft_end</name>
         <value>0x20003788</value>
         <object_component_ref idref="oc-5e0"/>
      </symbol>
      <symbol id="sm-a90">
         <name>__TI_doflush</name>
         <value>0x1d11</value>
         <object_component_ref idref="oc-56a"/>
      </symbol>
      <symbol id="sm-a91">
         <name>fflush</name>
         <value>0x1d5d</value>
         <object_component_ref idref="oc-56a"/>
      </symbol>
      <symbol id="sm-aa3">
         <name>fseek</name>
         <value>0x2721</value>
         <object_component_ref idref="oc-5ce"/>
      </symbol>
      <symbol id="sm-ab4">
         <name>HOSTclose</name>
         <value>0x2c91</value>
         <object_component_ref idref="oc-68c"/>
      </symbol>
      <symbol id="sm-ac5">
         <name>HOSTlseek</name>
         <value>0x2521</value>
         <object_component_ref idref="oc-69e"/>
      </symbol>
      <symbol id="sm-ad7">
         <name>parmbuf</name>
         <value>0x200031b8</value>
      </symbol>
      <symbol id="sm-ad8">
         <name>HOSTopen</name>
         <value>0x2785</value>
         <object_component_ref idref="oc-686"/>
      </symbol>
      <symbol id="sm-ae9">
         <name>HOSTread</name>
         <value>0x28f1</value>
         <object_component_ref idref="oc-692"/>
      </symbol>
      <symbol id="sm-afa">
         <name>HOSTrename</name>
         <value>0x2589</value>
         <object_component_ref idref="oc-6aa"/>
      </symbol>
      <symbol id="sm-b0b">
         <name>HOSTunlink</name>
         <value>0x2cd5</value>
         <object_component_ref idref="oc-6a4"/>
      </symbol>
      <symbol id="sm-b1c">
         <name>HOSTwrite</name>
         <value>0x2949</value>
         <object_component_ref idref="oc-698"/>
      </symbol>
      <symbol id="sm-b2c">
         <name>lseek</name>
         <value>0x3075</value>
         <object_component_ref idref="oc-621"/>
      </symbol>
      <symbol id="sm-b48">
         <name>setvbuf</name>
         <value>0x1c35</value>
         <object_component_ref idref="oc-5d4"/>
      </symbol>
      <symbol id="sm-b52">
         <name>_system_post_cinit</name>
         <value>0x2ff3</value>
         <object_component_ref idref="oc-b1"/>
      </symbol>
      <symbol id="sm-b60">
         <name>strcpy</name>
         <value>0x3471</value>
         <object_component_ref idref="oc-6f7"/>
      </symbol>
      <symbol id="sm-b7b">
         <name>__TI_readmsg</name>
         <value>0x2623</value>
         <object_component_ref idref="oc-6e3"/>
      </symbol>
      <symbol id="sm-b7c">
         <name>C$$IO$$</name>
         <value>0x261f</value>
         <object_component_ref idref="oc-6e3"/>
      </symbol>
      <symbol id="sm-b7d">
         <name>__CIOBUF_</name>
         <value>0x20002ff8</value>
         <object_component_ref idref="oc-71b"/>
      </symbol>
      <symbol id="sm-b7e">
         <name>__TI_writemsg</name>
         <value>0x25f1</value>
         <object_component_ref idref="oc-6e3"/>
      </symbol>
      <symbol id="sm-bb0">
         <name>__TI_cleanup</name>
         <value>0x14cd</value>
         <object_component_ref idref="oc-629"/>
      </symbol>
      <symbol id="sm-bb1">
         <name>freopen</name>
         <value>0x14f9</value>
         <object_component_ref idref="oc-629"/>
      </symbol>
      <symbol id="sm-bb2">
         <name>fopen</name>
         <value>0x1523</value>
         <object_component_ref idref="oc-629"/>
      </symbol>
      <symbol id="sm-bcf">
         <name>open</name>
         <value>0x1dd9</value>
         <object_component_ref idref="oc-675"/>
      </symbol>
      <symbol id="sm-be5">
         <name>__TI_closefile</name>
         <value>0x2131</value>
         <object_component_ref idref="oc-67b"/>
      </symbol>
      <symbol id="sm-be6">
         <name>fclose</name>
         <value>0x2197</value>
         <object_component_ref idref="oc-67b"/>
      </symbol>
      <symbol id="sm-c05">
         <name>finddevice</name>
         <value>0x2449</value>
         <object_component_ref idref="oc-6c9"/>
      </symbol>
      <symbol id="sm-c06">
         <name>getdevice</name>
         <value>0x2473</value>
         <object_component_ref idref="oc-6c9"/>
      </symbol>
      <symbol id="sm-c17">
         <name>strchr</name>
         <value>0x33a5</value>
         <object_component_ref idref="oc-705"/>
      </symbol>
      <symbol id="sm-c26">
         <name>strcmp</name>
         <value>0x3361</value>
         <object_component_ref idref="oc-6ff"/>
      </symbol>
      <symbol id="sm-c36">
         <name>strncpy</name>
         <value>0x2f01</value>
         <object_component_ref idref="oc-70b"/>
      </symbol>
      <symbol id="sm-c46">
         <name>unlink</name>
         <value>0x2ff5</value>
         <object_component_ref idref="oc-6d8"/>
      </symbol>
      <symbol id="sm-c5a">
         <name>close</name>
         <value>0x27e5</value>
         <object_component_ref idref="oc-6d2"/>
      </symbol>
      <symbol id="sm-c5b">
         <name>__TI_static_base__</name>
         <value>0x0</value>
      </symbol>
      <symbol id="sm-c5e">
         <name>NMI_Handler</name>
         <value>0x37b3</value>
      </symbol>
      <symbol id="sm-c5f">
         <name>HardFault_Handler</name>
         <value>0x37b3</value>
      </symbol>
      <symbol id="sm-c60">
         <name>MemManage_Handler</name>
         <value>0x37b3</value>
      </symbol>
      <symbol id="sm-c61">
         <name>BusFault_Handler</name>
         <value>0x37b3</value>
      </symbol>
      <symbol id="sm-c62">
         <name>UsageFault_Handler</name>
         <value>0x37b3</value>
      </symbol>
      <symbol id="sm-c63">
         <name>SVC_Handler</name>
         <value>0x37b3</value>
      </symbol>
      <symbol id="sm-c64">
         <name>DebugMon_Handler</name>
         <value>0x37b3</value>
      </symbol>
      <symbol id="sm-c65">
         <name>PendSV_Handler</name>
         <value>0x37b3</value>
      </symbol>
      <symbol id="sm-c66">
         <name>SysTick_Handler</name>
         <value>0x37b3</value>
      </symbol>
      <symbol id="sm-c67">
         <name>PSS_IRQHandler</name>
         <value>0x37b3</value>
      </symbol>
      <symbol id="sm-c68">
         <name>CS_IRQHandler</name>
         <value>0x37b3</value>
      </symbol>
      <symbol id="sm-c69">
         <name>PCM_IRQHandler</name>
         <value>0x37b3</value>
      </symbol>
      <symbol id="sm-c6a">
         <name>WDT_A_IRQHandler</name>
         <value>0x37b3</value>
      </symbol>
      <symbol id="sm-c6b">
         <name>FPU_IRQHandler</name>
         <value>0x37b3</value>
      </symbol>
      <symbol id="sm-c6c">
         <name>FLCTL_IRQHandler</name>
         <value>0x37b3</value>
      </symbol>
      <symbol id="sm-c6d">
         <name>COMP_E0_IRQHandler</name>
         <value>0x37b3</value>
      </symbol>
      <symbol id="sm-c6e">
         <name>COMP_E1_IRQHandler</name>
         <value>0x37b3</value>
      </symbol>
      <symbol id="sm-c6f">
         <name>TA0_0_IRQHandler</name>
         <value>0x37b3</value>
      </symbol>
      <symbol id="sm-c70">
         <name>TA0_N_IRQHandler</name>
         <value>0x37b3</value>
      </symbol>
      <symbol id="sm-c71">
         <name>TA1_0_IRQHandler</name>
         <value>0x37b3</value>
      </symbol>
      <symbol id="sm-c72">
         <name>TA1_N_IRQHandler</name>
         <value>0x37b3</value>
      </symbol>
      <symbol id="sm-c73">
         <name>TA2_0_IRQHandler</name>
         <value>0x37b3</value>
      </symbol>
      <symbol id="sm-c74">
         <name>TA2_N_IRQHandler</name>
         <value>0x37b3</value>
      </symbol>
      <symbol id="sm-c75">
         <name>TA3_0_IRQHandler</name>
         <value>0x37b3</value>
      </symbol>
      <symbol id="sm-c76">
         <name>TA3_N_IRQHandler</name>
         <value>0x37b3</value>
      </symbol>
      <symbol id="sm-c77">
         <name>EUSCIA0_IRQHandler</name>
         <value>0x37b3</value>
      </symbol>
      <symbol id="sm-c78">
         <name>EUSCIA1_IRQHandler</name>
         <value>0x37b3</value>
      </symbol>
      <symbol id="sm-c79">
         <name>EUSCIA2_IRQHandler</name>
         <value>0x37b3</value>
      </symbol>
      <symbol id="sm-c7a">
         <name>EUSCIA3_IRQHandler</name>
         <value>0x37b3</value>
      </symbol>
      <symbol id="sm-c7b">
         <name>EUSCIB0_IRQHandler</name>
         <value>0x37b3</value>
      </symbol>
      <symbol id="sm-c7c">
         <name>EUSCIB1_IRQHandler</name>
         <value>0x37b3</value>
      </symbol>
      <symbol id="sm-c7d">
         <name>EUSCIB2_IRQHandler</name>
         <value>0x37b3</value>
      </symbol>
      <symbol id="sm-c7e">
         <name>EUSCIB3_IRQHandler</name>
         <value>0x37b3</value>
      </symbol>
      <symbol id="sm-c7f">
         <name>ADC14_IRQHandler</name>
         <value>0x37b3</value>
      </symbol>
      <symbol id="sm-c80">
         <name>T32_INT1_IRQHandler</name>
         <value>0x184b</value>
      </symbol>
      <symbol id="sm-c81">
         <name>T32_INT2_IRQHandler</name>
         <value>0x37b3</value>
      </symbol>
      <symbol id="sm-c82">
         <name>T32_INTC_IRQHandler</name>
         <value>0x37b3</value>
      </symbol>
      <symbol id="sm-c83">
         <name>AES256_IRQHandler</name>
         <value>0x37b3</value>
      </symbol>
      <symbol id="sm-c84">
         <name>RTC_C_IRQHandler</name>
         <value>0x37b3</value>
      </symbol>
      <symbol id="sm-c85">
         <name>DMA_ERR_IRQHandler</name>
         <value>0x37b3</value>
      </symbol>
      <symbol id="sm-c86">
         <name>DMA_INT3_IRQHandler</name>
         <value>0x37b3</value>
      </symbol>
      <symbol id="sm-c87">
         <name>DMA_INT2_IRQHandler</name>
         <value>0x37b3</value>
      </symbol>
      <symbol id="sm-c88">
         <name>DMA_INT1_IRQHandler</name>
         <value>0x37b3</value>
      </symbol>
      <symbol id="sm-c89">
         <name>DMA_INT0_IRQHandler</name>
         <value>0x37b3</value>
      </symbol>
      <symbol id="sm-c8a">
         <name>PORT1_IRQHandler</name>
         <value>0x37b3</value>
      </symbol>
      <symbol id="sm-c8b">
         <name>PORT2_IRQHandler</name>
         <value>0x37b3</value>
      </symbol>
      <symbol id="sm-c8c">
         <name>PORT3_IRQHandler</name>
         <value>0x37b3</value>
      </symbol>
      <symbol id="sm-c8d">
         <name>PORT4_IRQHandler</name>
         <value>0x37b3</value>
      </symbol>
      <symbol id="sm-c8e">
         <name>PORT5_IRQHandler</name>
         <value>0x37b3</value>
      </symbol>
      <symbol id="sm-c8f">
         <name>PORT6_IRQHandler</name>
         <value>0x37b3</value>
      </symbol>
      <symbol id="sm-c90">
         <name>_ZdaPv</name>
         <value>0x385d</value>
      </symbol>
      <symbol id="sm-c91">
         <name>_Znaj</name>
         <value>0x2f69</value>
      </symbol>
      <symbol id="sm-c92">
         <name>remove</name>
         <value>0x2ff5</value>
      </symbol>
   </symbol_table>
   <title>Link successful</title>
</link_info>
