******************************************************************************
                  TI ARM Linker Unix v16.9.6                   
******************************************************************************
>> Linked Sat May  5 20:47:17 2018

OUTPUT FILE NAME:   <VirtualHorizon.out>
ENTRY POINT SYMBOL: "_c_int00"  address: 00002571


MEMORY CONFIGURATION

         name            origin    length      used     unused   attr    fill
----------------------  --------  ---------  --------  --------  ----  --------
  MAIN                  00000000   00040000  00003721  0003c8df  R  X
  INFO                  00200000   00004000  00000000  00004000  R  X
  SRAM_CODE             01000000   00010000  00000a23  0000f5dd  RW X
  SRAM_DATA             20000000   00010000  00000a23  0000f5dd  RW  


SEGMENT ALLOCATION MAP

run origin  load origin   length   init length attrs members
----------  ----------- ---------- ----------- ----- -------
00000000    00000000    00003728   00003728    r-x
  00000000    00000000    000000e4   000000e4    r-- .intvecs
  000000e4    000000e4    000033d6   000033d6    r-x .text
  000034bc    000034bc    000001bf   000001bf    r-- .const
  0000367c    0000367c    00000008   00000008    r-- .init_array
  00003688    00003688    000000a0   000000a0    r-- .cinit
20000000    20000000    00000828   00000000    rw-
  20000000    20000000    00000400   00000000    rw- .sysmem
  20000400    20000400    00000223   00000000    rw- .data
  20000628    20000628    00000200   00000000    rw- .bss
2000fe00    2000fe00    00000200   00000000    rw-
  2000fe00    2000fe00    00000200   00000000    rw- .stack


SECTION ALLOCATION MAP

 output                                  attributes/
section   page    origin      length       input sections
--------  ----  ----------  ----------   ----------------
.intvecs   0    00000000    000000e4     
                  00000000    000000e4     startup_msp432p401r_ccs.obj (.intvecs:retain)

.binit     0    00000000    00000000     

.text      0    000000e4    000033d6     
                  000000e4    000003d0     rtsv7M4_T_le_v4SPD16_eabi.lib : memory.obj (.text)
                  000004b4    00000340     Timer32.obj (.text)
                  000007f4    0000032c     system_msp432p401r.obj (.text)
                  00000b20    00000304     Scheduler.obj (.text)
                  00000e24    000001c4     rtsv7M4_T_le_v4SPD16_eabi.lib : fopen.obj (.text)
                  00000fe8    000001b0     main.obj (.text)
                  00001198    00000190     Scheduler.obj (.text:_ZNSt4priv8_S_mergeI11st_TaskInfoSaIS1_EPFbRKS1_S4_EEEvRSt4listIT_T0_ESB_T1_)
                  00001328    00000144     Scheduler.obj (.text:_ZNSt4priv7_S_sortI11st_TaskInfoSaIS1_EPFbRKS1_S4_EEEvRSt4listIT_T0_ET1_)
                  0000146c    00000134     rtsv7M4_T_le_v4SPD16_eabi.lib : fputs.obj (.text)
                  000015a0    000000f4                                   : dtor_list.obj (.text)
                  00001694    000000dc                                   : setvbuf.obj (.text)
                  00001770    000000c8                                   : fflush.obj (.text)
                  00001838    000000c4     Scheduler.obj (.text:_ZNSt4listI11st_TaskInfoSaIS0_EEaSERKS2_)
                  000018fc    000000bc     rtsv7M4_T_le_v4SPD16_eabi.lib : open.obj (.text)
                  000019b8    000000bc                                   : typeinfo_.obj (.text)
                  00001a74    000000ba     Scheduler.obj (.text:_ZNSt4listI11st_TaskInfoSaIS0_EE6spliceENSt4priv14_List_iteratorIS0_St16_Nonconst_traitsIS0_EEERS2_S7_)
                  00001b2e    000000ac     rtsv7M4_T_le_v4SPD16_eabi.lib : _io_perm.obj (.text)
                  00001bda    0000009c                                   : memcpy_t2.obj (.text)
                  00001c76    0000009a     Scheduler.obj (.text:_ZNSt4listI11st_TaskInfoSaIS0_EE6spliceENSt4priv14_List_iteratorIS0_St16_Nonconst_traitsIS0_EEERS2_)
                  00001d10    00000098     rtsv7M4_T_le_v4SPD16_eabi.lib : fclose.obj (.text)
                  00001da8    0000008c     Mailbox.obj (.text)
                  00001e34    00000086     rtsv7M4_T_le_v4SPD16_eabi.lib : fd_cmp_t2.obj (.text:__aeabi_cdcmple)
                  00001eba    0000007a                                   : memset_t2.obj (.text)
                  00001f34    00000070     Task.obj (.text)
                  00001fa4    00000070     rtsv7M4_T_le_v4SPD16_eabi.lib : autoinit.obj (.text)
                  00002014    00000070                                   : getdevice.obj (.text)
                  00002084    00000068     LED.obj (.text)
                  000020ec    00000068     rtsv7M4_T_le_v4SPD16_eabi.lib : copy_decompress_lzss.obj (.text:decompress:lzss)
                  00002154    00000068                                   : hostlseek.obj (.text)
                  000021bc    00000068                                   : hostrename.obj (.text)
                  00002224    00000068                                   : trgmsg.obj (.text)
                  0000228c    00000064     Scheduler.obj (.text:_ZNSt4priv12_S_remove_ifI11st_TaskInfoSaIS1_EPFbRKS1_EEEvRSt4listIT_T0_ET1_)
                  000022f0    00000064     rtsv7M4_T_le_v4SPD16_eabi.lib : fseek.obj (.text)
                  00002354    00000060                                   : hostopen.obj (.text)
                  000023b4    0000005c                                   : close.obj (.text)
                  00002410    00000058     Scheduler.obj (.text:_ZNSt4listI11st_TaskInfoSaIS0_EE25_M_splice_insert_dispatchINSt4priv14_List_iteratorIS0_St16_Nonconst_traitsIS0_EEEEEvS8_T_S9_RKSt12__false_type)
                  00002468    00000058     Scheduler.obj (.text:_ZNSt4listI11st_TaskInfoSaIS0_EE4swapERS2_)
                  000024c0    00000058     rtsv7M4_T_le_v4SPD16_eabi.lib : hostread.obj (.text)
                  00002518    00000058                                   : hostwrite.obj (.text)
                  00002570    00000054                                   : boot.obj (.text)
                  000025c4    00000054                                   : exit.obj (.text)
                  00002618    0000004c     Scheduler.obj (.text:_ZNSt4listI11st_TaskInfoSaIS0_EE5eraseENSt4priv14_List_iteratorIS0_St16_Nonconst_traitsIS0_EEE)
                  00002664    0000004c     rtsv7M4_T_le_v4SPD16_eabi.lib : cpy_tbl.obj (.text)
                  000026b0    0000004a     Scheduler.obj (.text:_ZNSt4listI11st_TaskInfoSaIS0_EE18_M_insert_dispatchINSt4priv14_List_iteratorIS0_St16_Nonconst_traitsIS0_EEEEEvS8_T_S9_RKSt12__false_type)
                  000026fa    0000004a     Scheduler.obj (.text:_ZNSt4priv12_List_globalIbE9_TransferEPNS_15_List_node_baseES3_S3_)
                  00002744    00000048     Scheduler.obj (.text:_ZNSaINSt4priv10_List_nodeI11st_TaskInfoEEE8allocateEjPKv)
                  0000278c    00000048     Scheduler.obj (.text:_ZNSt4listI11st_TaskInfoSaIS0_EE6insertENSt4priv14_List_iteratorIS0_St16_Nonconst_traitsIS0_EEERKS0_)
                  000027d4    00000048     rtsv7M4_T_le_v4SPD16_eabi.lib : dll_main.obj (.text)
                  0000281c    00000044     Scheduler.obj (.text:_ZNSt4listI11st_TaskInfoSaIS0_EE25_M_splice_insert_dispatchINSt4priv14_List_iteratorIS0_St13_Const_traitsIS0_EEEEEvNS5_IS0_St16_Nonconst_traitsIS0_EEET_SC_RKSt12__false_type)
                  00002860    00000044     Scheduler.obj (.text:_ZNSt4listI11st_TaskInfoSaIS0_EE5eraseENSt4priv14_List_iteratorIS0_St16_Nonconst_traitsIS0_EEES7_)
                  000028a4    00000044     Scheduler.obj (.text:_ZNSt4listI11st_TaskInfoSaIS0_EEC1ERKS2_)
                  000028e8    00000044     rtsv7M4_T_le_v4SPD16_eabi.lib : hostclose.obj (.text)
                  0000292c    00000044                                   : hostunlink.obj (.text)
                  00002970    00000042     Scheduler.obj (.text:_ZNSt4listI11st_TaskInfoSaIS0_EE18_M_insert_dispatchINSt4priv14_List_iteratorIS0_St13_Const_traitsIS0_EEEEEvNS5_IS0_St16_Nonconst_traitsIS0_EEET_SC_RKSt12__false_type)
                  000029b2    00000042     Scheduler.obj (.text:_ZNSt4listI11st_TaskInfoSaIS0_EEC1INSt4priv14_List_iteratorIS0_St16_Nonconst_traitsIS0_EEEEET_S9_RKS1_)
                  000029f4    0000003e     Scheduler.obj (.text:_ZNSt4listI11st_TaskInfoSaIS0_EE6insertINSt4priv14_List_iteratorIS0_St16_Nonconst_traitsIS0_EEEEEvS8_T_S9_)
                  00002a32    0000003e     Scheduler.obj (.text:_ZNSt4listI11st_TaskInfoSaIS0_EE9_M_insertINSt4priv14_List_iteratorIS0_St16_Nonconst_traitsIS0_EEEEEvS8_T_S9_)
                  00002a70    0000003e     Scheduler.obj (.text:_ZNSt4priv10_List_baseI11st_TaskInfoSaIS1_EE5clearEv)
                  00002aae    0000003c     Scheduler.obj (.text:_ZNSt4priv10_List_baseI11st_TaskInfoSaIS1_EEC1ERKS2_)
                  00002aea    00000038     rtsv7M4_T_le_v4SPD16_eabi.lib : fs_tod_t2.obj (.text)
                  00002b22    00000036     Scheduler.obj (.text:_ZNSt4listI11st_TaskInfoSaIS0_EE11_M_swap_auxERS2_)
                  00002b58    00000036     rtsv7M4_T_le_v4SPD16_eabi.lib : strncpy.obj (.text)
                  00002b8e    00000030     Scheduler.obj (.text:_ZNSt4listI11st_TaskInfoSaIS0_EEC1INSt4priv14_List_iteratorIS0_St13_Const_traitsIS0_EEEEET_S9_RKS1_)
                  00002bbe    00000030     Scheduler.obj (.text:_ZSt19__destroy_range_auxIPSt4listI11st_TaskInfoSaIS1_EES3_EvT_S5_PT0_RKSt12__false_type)
                  00002bee    00000002     rtsv7M4_T_le_v4SPD16_eabi.lib : mpu_init.obj (.text)
                  00002bf0    00000030                                   : new_.obj (.text)
                  00002c20    0000002e     Scheduler.obj (.text:_ZNSt4priv7_CArrayISt4listI11st_TaskInfoSaIS2_EELj64EEC1ERKS4_)
                  00002c4e    0000002c     Scheduler.obj (.text:_ZNSt4priv17_STLP_alloc_proxyINS_15_List_node_baseENS_10_List_nodeI11st_TaskInfoEESaIS4_EEC1ERKS5_S1_)
                  00002c7a    0000002c     Scheduler.obj (.text:_ZSt19_Copy_Construct_auxI11st_TaskInfoEvPT_RKS1_RKSt12__false_type)
                  00002ca6    00000002     rtsv7M4_T_le_v4SPD16_eabi.lib : newhandler.obj (.text)
                  00002ca8    0000002c                                   : unlink.obj (.text)
                  00002cd4    0000002a     Scheduler.obj (.text:_ZNSt4listI11st_TaskInfoSaIS0_EE6insertINSt4priv14_List_iteratorIS0_St13_Const_traitsIS0_EEEEEvNS5_IS0_St16_Nonconst_traitsIS0_EEET_SC_)
                  00002cfe    0000002a     Scheduler.obj (.text:_ZNSt4listI11st_TaskInfoSaIS0_EE9_M_insertINSt4priv14_List_iteratorIS0_St13_Const_traitsIS0_EEEEEvNS5_IS0_St16_Nonconst_traitsIS0_EEET_SC_)
                  00002d28    00000028     Scheduler.obj (.text:_ZSt4swapINSt4priv15_List_node_baseEEvRT_S3_)
                  00002d50    00000028     rtsv7M4_T_le_v4SPD16_eabi.lib : lseek.obj (.text)
                  00002d78    00000028                                   : write.obj (.text)
                  00002da0    00000026     Scheduler.obj (.text:_ZNSt4priv14_List_iteratorI11st_TaskInfoSt16_Nonconst_traitsIS1_EEppEi)
                  00002dc6    00000026     Scheduler.obj (.text:_ZSt19_Copy_Construct_auxISt4listI11st_TaskInfoSaIS1_EEEvPT_RKS4_RKSt12__false_type)
                  00002dec    00000022     Scheduler.obj (.text:_ZNSt4listI11st_TaskInfoSaIS0_EE9push_backERKS0_)
                  00002e0e    00000022     Mailbox.obj (.text:_ZNSt4priv12_Vector_baseI10st_MessageSaIS1_EEC1ERKS2_)
                  00002e30    00000020     Scheduler.obj (.text:_ZSt15_Copy_ConstructI11st_TaskInfoEvPT_RKS1_)
                  00002e50    00000020     Scheduler.obj (.text:_ZSt15_Copy_ConstructISt4listI11st_TaskInfoSaIS1_EEEvPT_RKS4_)
                  00002e70    00000020     Scheduler.obj (.text:_ZSt4swapIPNSt4priv15_List_node_baseEEvRT_S4_)
                  00002e90    00000020     rtsv7M4_T_le_v4SPD16_eabi.lib : memchr.obj (.text)
                  00002eb0    0000001e     Scheduler.obj (.text:_ZNSt4listI11st_TaskInfoSaIS0_EE14_M_create_nodeERKS0_)
                  00002ece    0000001c     Mailbox.obj (.text:_ZN7MailboxC1Ev)
                  00002eea    0000001c     Scheduler.obj (.text:_ZNSaINSt4priv10_List_nodeI11st_TaskInfoEEE10deallocateEPS2_j)
                  00002f06    0000001c     Scheduler.obj (.text:_ZSt15__destroy_rangeIPSt4listI11st_TaskInfoSaIS1_EES3_EvT_S5_PT0_)
                  00002f22    0000001a     Scheduler.obj (.text:_ZNKSt4priv14_List_iteratorI11st_TaskInfoSt13_Const_traitsIS1_EEeqES4_)
                  00002f3c    0000001a     Scheduler.obj (.text:_ZNKSt4priv14_List_iteratorI11st_TaskInfoSt13_Const_traitsIS1_EEneES4_)
                  00002f56    0000001a     Scheduler.obj (.text:_ZNKSt4priv14_List_iteratorI11st_TaskInfoSt16_Nonconst_traitsIS1_EEeqENS0_IS1_St13_Const_traitsIS1_EEE)
                  00002f70    0000001a     Scheduler.obj (.text:_ZNKSt4priv14_List_iteratorI11st_TaskInfoSt16_Nonconst_traitsIS1_EEneENS0_IS1_St13_Const_traitsIS1_EEE)
                  00002f8a    0000001a     Mailbox.obj (.text:_ZNSt4priv17_STLP_alloc_proxyIP10st_MessageS1_SaIS1_EEC1ERKS3_S2_)
                  00002fa4    00000018     main.obj (.text:_ZN9SchedulerD1Ev)
                  00002fbc    00000018     Scheduler.obj (.text:_ZNKSt4priv10_List_baseI11st_TaskInfoSaIS1_EE5emptyEv)
                  00002fd4    00000018     Scheduler.obj (.text:_ZNSt4priv10_List_baseI11st_TaskInfoSaIS1_EE19_M_empty_initializeEv)
                  00002fec    00000018     Scheduler.obj (.text:_ZNSt4priv17_STLP_alloc_proxyINS_15_List_node_baseENS_10_List_nodeI11st_TaskInfoEESaIS4_EE4swapERS6_)
                  00003004    00000018     Mailbox.obj (.text:_ZNSt6vectorI10st_MessageSaIS0_EEixEj)
                  0000301c    00000018     rtsv7M4_T_le_v4SPD16_eabi.lib : args_main.obj (.text)
                  00003034    00000018                                   : strcmp.obj (.text)
                  0000304c    00000016     Scheduler.obj (.text:_ZNSt4priv14_List_iteratorI11st_TaskInfoSt13_Const_traitsIS1_EEppEi)
                  00003062    00000016     rtsv7M4_T_le_v4SPD16_eabi.lib : strchr.obj (.text)
                  00003078    00000014     Scheduler.obj (.text:_ZNSt4priv10_List_baseI11st_TaskInfoSaIS1_EED1Ev)
                  0000308c    00000014     Scheduler.obj (.text:_ZNSt4priv14_List_iteratorI11st_TaskInfoSt13_Const_traitsIS1_EEC1ERKNS0_IS1_St16_Nonconst_traitsIS1_EEE)
                  000030a0    00000014     Scheduler.obj (.text:_ZNSt4priv14_List_iteratorI11st_TaskInfoSt16_Nonconst_traitsIS1_EEC1ERKS4_)
                  000030b4    00000014     Scheduler.obj (.text:_ZNSt4priv19_List_iterator_base7_M_incrEv)
                  000030c8    00000014     Scheduler.obj (.text:_ZNSt4priv19_List_iterator_baseC1EPNS_15_List_node_baseE)
                  000030dc    00000014     Scheduler.obj (.text:_ZNSt4priv7_CArrayISt4listI11st_TaskInfoSaIS2_EELj64EED1Ev)
                  000030f0    00000014     Scheduler.obj (.text:_ZNSt4priv7_CArrayISt4listI11st_TaskInfoSaIS2_EELj64EEixEj)
                  00003104    00000014     rtsv7M4_T_le_v4SPD16_eabi.lib : _lock.obj (.text)
                  00003118    00000014                                   : strcpy.obj (.text)
                  0000312c    00000014                                   : strlen.obj (.text)
                  00003140    00000012     Scheduler.obj (.text:_ZNKSt4listI11st_TaskInfoSaIS0_EE5beginEv)
                  00003152    00000012     Scheduler.obj (.text:_ZNSt4listI11st_TaskInfoSaIS0_EE5beginEv)
                  00003164    00000012     Scheduler.obj (.text:_ZNSt4listI11st_TaskInfoSaIS0_EEC1ERKS1_)
                  00003176    00000012     Scheduler.obj (.text:_ZNSt4priv14_List_iteratorI11st_TaskInfoSt13_Const_traitsIS1_EEC1EPNS_15_List_node_baseE)
                  00003188    00000012     Scheduler.obj (.text:_ZNSt4priv14_List_iteratorI11st_TaskInfoSt16_Nonconst_traitsIS1_EEC1EPNS_15_List_node_baseE)
                  0000319a    00000012     Scheduler.obj (.text:_ZNSt4priv17_STLP_alloc_proxyINS_15_List_node_baseENS_10_List_nodeI11st_TaskInfoEESaIS4_EE13_M_swap_allocERS6_)
                  000031ac    00000012     Scheduler.obj (.text:_ZNSt4priv17_STLP_alloc_proxyINS_15_List_node_baseENS_10_List_nodeI11st_TaskInfoEESaIS4_EE8allocateEj)
                  000031be    00000012     Mailbox.obj (.text:_ZNSt6vectorI10st_MessageSaIS0_EEC1ERKS1_)
                  000031d0    00000012     Scheduler.obj (.text:_ZSt14_Destroy_RangeIPSt4listI11st_TaskInfoSaIS1_EEEvT_S5_)
                  000031e2    00000010     Scheduler.obj (.text:_ZN4Task13getTaskTimemsEv)
                  000031f2    00000010     Scheduler.obj (.text:_ZN9Scheduler16getSchedulerTickEv)
                  00003202    00000002     rtsv7M4_T_le_v4SPD16_eabi.lib : startup.obj (.text)
                  00003204    00000010     Scheduler.obj (.text:_ZNKSaINSt4priv10_List_nodeI11st_TaskInfoEEE8max_sizeEv)
                  00003214    00000010     Scheduler.obj (.text:_ZNKSt4listI11st_TaskInfoSaIS0_EE3endEv)
                  00003224    00000010     Scheduler.obj (.text:_ZNKSt4priv10_List_baseI11st_TaskInfoSaIS1_EE13get_allocatorEv)
                  00003234    00000010     Scheduler.obj (.text:_ZNKSt4priv14_List_iteratorI11st_TaskInfoSt13_Const_traitsIS1_EEdeEv)
                  00003244    00000010     Scheduler.obj (.text:_ZNKSt4priv14_List_iteratorI11st_TaskInfoSt16_Nonconst_traitsIS1_EEdeEv)
                  00003254    00000010     Mailbox.obj (.text:_ZNSaI10st_MessageEC2ERKS0_)
                  00003264    00000010     Scheduler.obj (.text:_ZNSaINSt4priv10_List_nodeI11st_TaskInfoEEEC2ERKS3_)
                  00003274    00000010     Scheduler.obj (.text:_ZNSt4listI11st_TaskInfoSaIS0_EE3endEv)
                  00003284    00000010     Scheduler.obj (.text:_ZNSt4listI11st_TaskInfoSaIS0_EE4sortIPFbRKS0_S5_EEEvT_)
                  00003294    00000010     Scheduler.obj (.text:_ZNSt4listI11st_TaskInfoSaIS0_EE9remove_ifIPFbRKS0_EEEvT_)
                  000032a4    00000010     Scheduler.obj (.text:_ZNSt4priv10_List_baseI11st_TaskInfoSaIS1_EEC2ERKS2_)
                  000032b4    00000010     Mailbox.obj (.text:_ZNSt4priv12_Vector_baseI10st_MessageSaIS1_EEC2ERKS2_)
                  000032c4    00000010     Scheduler.obj (.text:_ZNSt4priv19_List_iterator_baseC2EPNS_15_List_node_baseE)
                  000032d4    0000000e     Scheduler.obj (.text:_ZN4Task15GetTaskPriorityEv)
                  000032e2    0000000e     Mailbox.obj (.text:_ZNSaI10st_MessageEC1ERKS0_)
                  000032f0    0000000e     Scheduler.obj (.text:_ZNSaI11st_TaskInfoEC1INSt4priv10_List_nodeIS_EEEERKSaIT_E)
                  000032fe    0000000e     Scheduler.obj (.text:_ZNSaINSt4priv10_List_nodeI11st_TaskInfoEEEC1ERKS3_)
                  0000330c    0000000e     Scheduler.obj (.text:_ZNSaINSt4priv10_List_nodeI11st_TaskInfoEEEC1IS1_EERKSaIT_E)
                  0000331a    0000000e     Scheduler.obj (.text:_ZNSt11__new_alloc10deallocateEPvj)
                  00003328    0000000e     Scheduler.obj (.text:_ZNSt4listI11st_TaskInfoSaIS0_EED1Ev)
                  00003336    0000000e     Scheduler.obj (.text:_ZNSt4priv14_List_iteratorI11st_TaskInfoSt13_Const_traitsIS1_EEppEv)
                  00003344    0000000e     Scheduler.obj (.text:_ZNSt4priv14_List_iteratorI11st_TaskInfoSt16_Nonconst_traitsIS1_EEppEv)
                  00003352    0000000e     Scheduler.obj (.text:_ZNSt4priv17_STLP_alloc_proxyINS_15_List_node_baseENS_10_List_nodeI11st_TaskInfoEESaIS4_EE13_M_swap_allocERS6_RKSt11__true_type)
                  00003360    0000000e     Scheduler.obj (.text:_ZNSt4priv17_STLP_alloc_proxyINS_15_List_node_baseENS_10_List_nodeI11st_TaskInfoEESaIS4_EED1Ev)
                  0000336e    0000000e     Mailbox.obj (.text:_ZNSt6vectorI10st_MessageSaIS0_EE5beginEv)
                  0000337c    0000000e     Scheduler.obj (.text:_ZSt13__destroy_auxISt4listI11st_TaskInfoSaIS1_EEEvPT_RKSt12__false_type)
                  0000338a    0000000e     Scheduler.obj (.text:_ZSt7_Is_PODI11st_TaskInfoESt6_IsPODIT_EPS2_)
                  00003398    0000000e     Scheduler.obj (.text:_ZSt7_Is_PODISt4listI11st_TaskInfoSaIS1_EEESt6_IsPODIT_EPS5_)
                  000033a6    0000000e     Scheduler.obj (.text:_ZSt8_DestroyI11st_TaskInfoEvPT_)
                  000033b4    0000000e     Scheduler.obj (.text:_ZSteqI11st_TaskInfoS0_EbRKSaIT_ERKSaIT0_E)
                  000033c2    0000000e     rtsv7M4_T_le_v4SPD16_eabi.lib : copy_decompress_none.obj (.text:decompress:none)
                  000033d0    0000000e     startup_msp432p401r_ccs.obj (.text)
                  000033de    0000000c     Task.obj (.text:_ZN4Task3runEv)
                  000033ea    0000000c     Task.obj (.text:_ZN4Task5setupEv)
                  000033f6    0000000c     Scheduler.obj (.text:_ZNKSt4priv14_List_iteratorI11st_TaskInfoSt16_Nonconst_traitsIS1_EEptEv)
                  00003402    0000000c     Mailbox.obj (.text:_ZNSaI10st_MessageEC1Ev)
                  0000340e    0000000c     Mailbox.obj (.text:_ZNSaI10st_MessageED1Ev)
                  0000341a    0000000c     Scheduler.obj (.text:_ZNSaI11st_TaskInfoEC1Ev)
                  00003426    0000000c     Scheduler.obj (.text:_ZNSaI11st_TaskInfoED1Ev)
                  00003432    0000000c     Scheduler.obj (.text:_ZNSaINSt4priv10_List_nodeI11st_TaskInfoEEED1Ev)
                  0000343e    0000000c     Scheduler.obj (.text:_ZNSaINSt4priv10_List_nodeI11st_TaskInfoEEED2Ev)
                  0000344a    0000000c     Scheduler.obj (.text:_ZNSt11__new_alloc8allocateEj)
                  00003456    0000000c     Scheduler.obj (.text:_ZNSt4priv10_List_baseI11st_TaskInfoSaIS1_EED2Ev)
                  00003462    0000000c     Scheduler.obj (.text:_ZNSt6_IsPODI11st_TaskInfoE7_AnswerEv)
                  0000346e    0000000c     Scheduler.obj (.text:_ZNSt6_IsPODISt4listI11st_TaskInfoSaIS1_EEE7_AnswerEv)
                  0000347a    0000000c     Scheduler.obj (.text:_ZSt12__stl_deletePv)
                  00003486    0000000c     Scheduler.obj (.text:_ZSt13__destroy_auxI11st_TaskInfoEvPT_RKSt12__false_type)
                  00003492    0000000c     Scheduler.obj (.text:_ZSt9__stl_newj)
                  0000349e    0000000c     rtsv7M4_T_le_v4SPD16_eabi.lib : copy_zero_init.obj (.text:decompress:ZI)
                  000034aa    00000008                                   : delete.obj (.text)
                  000034b2    00000004                                   : placenew.obj (.text)
                  000034b6    00000004                                   : pre_init.obj (.text)

.const     0    000034bc    000001bf     
                  000034bc    00000028     rtsv7M4_T_le_v4SPD16_eabi.lib : typeinfo_.obj (.const:.typeinfo:_ZTSN10__cxxabiv123__fundamental_type_infoE)
                  000034e4    00000025                                   : typeinfo_.obj (.const:.typeinfo:_ZTSN10__cxxabiv120__si_class_type_infoE)
                  00003509    00000024                                   : typeinfo_.obj (.const:.typeinfo:_ZTSN10__cxxabiv119__pointer_type_infoE)
                  0000352d    00000022                                   : typeinfo_.obj (.const:.typeinfo:_ZTSN10__cxxabiv117__class_type_infoE)
                  0000354f    00000022                                   : typeinfo_.obj (.const:.typeinfo:_ZTSN10__cxxabiv117__pbase_type_infoE)
                  00003571    00000002                                   : typeinfo_.obj (.const:.typeinfo:_ZTSe)
                  00003573    00000001     --HOLE-- [fill = 0]
                  00003574    00000010                                   : typeinfo_.obj (.const:.typeinfo:_ZTIPKe)
                  00003584    00000010     LED.obj (.const:_ZTV3LED)
                  00003594    00000010     Task.obj (.const:_ZTV4Task)
                  000035a4    00000010     rtsv7M4_T_le_v4SPD16_eabi.lib : typeinfo_.obj (.const:_ZTVN10__cxxabiv117__class_type_infoE)
                  000035b4    00000010                                   : typeinfo_.obj (.const:_ZTVN10__cxxabiv119__pointer_type_infoE)
                  000035c4    00000010                                   : typeinfo_.obj (.const:_ZTVN10__cxxabiv120__si_class_type_infoE)
                  000035d4    00000010                                   : typeinfo_.obj (.const:_ZTVN10__cxxabiv123__fundamental_type_infoE)
                  000035e4    0000000f     Scheduler.obj (.const:.string:_ZZNSaINSt4priv10_List_nodeI11st_TaskInfoEEE8allocateEjPKvEs)
                  000035f3    0000000d     rtsv7M4_T_le_v4SPD16_eabi.lib : typeinfo_.obj (.const:.typeinfo:_ZTSSt9type_info)
                  00003600    0000000c     LED.obj (.const:.typeinfo:_ZTI3LED)
                  0000360c    0000000c     rtsv7M4_T_le_v4SPD16_eabi.lib : typeinfo_.obj (.const:.typeinfo:_ZTIN10__cxxabiv117__class_type_infoE)
                  00003618    0000000c                                   : typeinfo_.obj (.const:.typeinfo:_ZTIN10__cxxabiv117__pbase_type_infoE)
                  00003624    0000000c                                   : typeinfo_.obj (.const:.typeinfo:_ZTIN10__cxxabiv119__pointer_type_infoE)
                  00003630    0000000c                                   : typeinfo_.obj (.const:.typeinfo:_ZTIN10__cxxabiv120__si_class_type_infoE)
                  0000363c    0000000c                                   : typeinfo_.obj (.const:.typeinfo:_ZTIN10__cxxabiv123__fundamental_type_infoE)
                  00003648    0000000b     Scheduler.obj (.const:.string:_ZZNSt4priv7_S_sortI11st_TaskInfoSaIS1_EPFbRKS1_S4_EEEvRSt4listIT_T0_ET1_Es)
                  00003653    00000001     --HOLE-- [fill = 0]
                  00003654    00000008     LED.obj (.const:.typeinfo:_ZTI4Task)
                  0000365c    00000008     rtsv7M4_T_le_v4SPD16_eabi.lib : typeinfo_.obj (.const:.typeinfo:_ZTISt9type_info)
                  00003664    00000008                                   : typeinfo_.obj (.const:.typeinfo:_ZTIe)
                  0000366c    00000006     LED.obj (.const:.typeinfo:_ZTS4Task)
                  00003672    00000005     LED.obj (.const:.typeinfo:_ZTS3LED)
                  00003677    00000004     rtsv7M4_T_le_v4SPD16_eabi.lib : typeinfo_.obj (.const:.typeinfo:_ZTSPKe)

.cinit     0    00003688    000000a0     
                  00003688    0000007b     (.cinit..data.load) [load image, compression = lzss]
                  00003703    00000001     --HOLE-- [fill = 0]
                  00003704    0000000c     (__TI_handler_table)
                  00003710    00000008     (.cinit..bss.load) [load image, compression = zero_init]
                  00003718    00000010     (__TI_cinit_table)

.init_array 
*          0    0000367c    00000008     
                  0000367c    00000004     Mailbox.obj (.init_array)
                  00003680    00000004     main.obj (.init_array)

.sysmem    0    20000000    00000400     UNINITIALIZED
                  20000000    00000008     rtsv7M4_T_le_v4SPD16_eabi.lib : memory.obj (.sysmem)
                  20000008    000003f8     --HOLE--

.data      0    20000400    00000223     UNINITIALIZED
                  20000400    000000f0     rtsv7M4_T_le_v4SPD16_eabi.lib : defs.obj (.data:_ftable)
                  200004f0    00000078                                   : write.obj (.data:_device)
                  20000568    00000050                                   : write.obj (.data:_stream)
                  200005b8    00000010                                   : defs.obj (.data)
                  200005c8    0000000c                                   : exit.obj (.data:$O1$$)
                  200005d4    0000000c                                   : memory.obj (.data:$O1$$)
                  200005e0    0000000c     Timer32.obj (.data:_ZN7Timer3220m_pinBounceTIMER32_1E)
                  200005ec    0000000c     Timer32.obj (.data:_ZN7Timer3220m_pinBounceTIMER32_2E)
                  200005f8    00000008     rtsv7M4_T_le_v4SPD16_eabi.lib : _lock.obj (.data:$O1$$)
                  20000600    00000008     main.obj (.data)
                  20000608    00000004     rtsv7M4_T_le_v4SPD16_eabi.lib : dtor_list.obj (.data)
                  2000060c    00000004                                   : fopen.obj (.data)
                  20000610    00000004                                   : open.obj (.data)
                  20000614    00000004                                   : stkdepth_vars.obj (.data)
                  20000618    00000004                                   : vars.obj (.data)
                  2000061c    00000004     system_msp432p401r.obj (.data)
                  20000620    00000002     Timer32.obj (.data)
                  20000622    00000001     Task.obj (.data)

.bss       0    20000628    00000200     UNINITIALIZED
                  20000628    00000120     rtsv7M4_T_le_v4SPD16_eabi.lib : trgmsg.obj (.bss:_CIOBUF_)
                  20000748    000000a0     (.common:__TI_tmpnams)
                  200007e8    00000028     main.obj (.bss:g_MainScheduler)
                  20000810    00000008     (.common:parmbuf)
                  20000818    00000004     Mailbox.obj (.bss)
                  2000081c    00000004     main.obj (.bss)
                  20000820    00000004     (.common:_ZSt16__dummy_typeinfo)
                  20000824    00000004     (.common:__dso_handle)

.stack     0    2000fe00    00000200     UNINITIALIZED
                  2000fe00    00000200     --HOLE--

MODULE SUMMARY

       Module                        code    ro data   rw data
       ------                        ----    -------   -------
    ./
       Scheduler.obj                 5002    26        0      
       Timer32.obj                   832     0         52     
       system_msp432p401r.obj        812     0         8      
       main.obj                      456     4         104    
       Mailbox.obj                   354     4         8      
       startup_msp432p401r_ccs.obj   14      228       0      
       Task.obj                      136     16        2      
       LED.obj                       104     47        0      
    +--+-----------------------------+-------+---------+---------+
       Total:                        7710    325       174    
                                                              
    /home/david/ti/ccsv7/tools/compiler/ti-cgt-arm_16.9.6.LTS/lib/rtsv7M4_T_le_v4SPD16_eabi.lib
       memory.obj                    976     0         24     
       defs.obj                      0       0         832    
       trgmsg.obj                    104     0         576    
       typeinfo_.obj                 188     356       8      
       fopen.obj                     452     0         8      
       write.obj                     40      0         400    
       fputs.obj                     308     0         0      
       dtor_list.obj                 244     0         16     
       setvbuf.obj                   220     0         0      
       fflush.obj                    200     0         0      
       open.obj                      188     0         8      
       _io_perm.obj                  172     0         0      
       memcpy_t2.obj                 156     0         0      
       fclose.obj                    152     0         0      
       fd_cmp_t2.obj                 134     0         0      
       memset_t2.obj                 122     0         0      
       autoinit.obj                  112     0         0      
       getdevice.obj                 112     0         0      
       hostopen.obj                  96      0         16     
       exit.obj                      84      0         24     
       copy_decompress_lzss.obj      104     0         0      
       hostlseek.obj                 104     0         0      
       hostrename.obj                104     0         0      
       fseek.obj                     100     0         0      
       close.obj                     92      0         0      
       hostread.obj                  88      0         0      
       hostwrite.obj                 88      0         0      
       boot.obj                      84      0         0      
       cpy_tbl.obj                   76      0         0      
       dll_main.obj                  72      0         0      
       hostclose.obj                 68      0         0      
       hostunlink.obj                68      0         0      
       fs_tod_t2.obj                 56      0         0      
       strncpy.obj                   54      0         0      
       new_.obj                      48      0         0      
       unlink.obj                    44      0         0      
       lseek.obj                     40      0         0      
       _lock.obj                     20      0         16     
       memchr.obj                    32      0         0      
       args_main.obj                 24      0         0      
       strcmp.obj                    24      0         0      
       strchr.obj                    22      0         0      
       strcpy.obj                    20      0         0      
       strlen.obj                    20      0         0      
       copy_decompress_none.obj      14      0         0      
       copy_zero_init.obj            12      0         0      
       delete.obj                    8       0         0      
       stkdepth_vars.obj             0       0         8      
       vars.obj                      0       0         8      
       placenew.obj                  4       0         0      
       pre_init.obj                  4       0         0      
       mpu_init.obj                  2       0         0      
       newhandler.obj                2       0         0      
       startup.obj                   2       0         0      
    +--+-----------------------------+-------+---------+---------+
       Total:                        5560    356       1944   
                                                              
       Heap:                         0       0         2048   
       Stack:                        0       0         1024   
       Linker Generated:             0       159       0      
    +--+-----------------------------+-------+---------+---------+
       Grand Total:                  13270   840       5190   


LINKER GENERATED COPY TABLES

__TI_cinit_table @ 00003718 records: 2, size/record: 8, table size: 16
	.data: load addr=00003688, load size=0000007b bytes, run addr=20000400, run size=00000223 bytes, compression=lzss
	.bss: load addr=00003710, load size=00000008 bytes, run addr=20000628, run size=00000200 bytes, compression=zero_init


LINKER GENERATED HANDLER TABLE

__TI_handler_table @ 00003704 records: 3, size/record: 4, table size: 12
	index: 0, handler: __TI_decompress_lzss
	index: 1, handler: __TI_decompress_none
	index: 2, handler: __TI_zero_init


GLOBAL SYMBOLS: SORTED ALPHABETICALLY BY Name 

address   name                                                                                                                                                                         
-------   ----                                                                                                                                                                         
000033dd  ADC14_IRQHandler                                                                                                                                                             
000033dd  AES256_IRQHandler                                                                                                                                                            
000033dd  BusFault_Handler                                                                                                                                                             
000025c5  C$$EXIT                                                                                                                                                                      
00002253  C$$IO$$                                                                                                                                                                      
000033dd  COMP_E0_IRQHandler                                                                                                                                                           
000033dd  COMP_E1_IRQHandler                                                                                                                                                           
000033dd  CS_IRQHandler                                                                                                                                                                
000033dd  DMA_ERR_IRQHandler                                                                                                                                                           
000033dd  DMA_INT0_IRQHandler                                                                                                                                                          
000033dd  DMA_INT1_IRQHandler                                                                                                                                                          
000033dd  DMA_INT2_IRQHandler                                                                                                                                                          
000033dd  DMA_INT3_IRQHandler                                                                                                                                                          
000033dd  DebugMon_Handler                                                                                                                                                             
000033dd  Default_Handler                                                                                                                                                              
000033dd  EUSCIA0_IRQHandler                                                                                                                                                           
000033dd  EUSCIA1_IRQHandler                                                                                                                                                           
000033dd  EUSCIA2_IRQHandler                                                                                                                                                           
000033dd  EUSCIA3_IRQHandler                                                                                                                                                           
000033dd  EUSCIB0_IRQHandler                                                                                                                                                           
000033dd  EUSCIB1_IRQHandler                                                                                                                                                           
000033dd  EUSCIB2_IRQHandler                                                                                                                                                           
000033dd  EUSCIB3_IRQHandler                                                                                                                                                           
000033dd  FLCTL_IRQHandler                                                                                                                                                             
000033dd  FPU_IRQHandler                                                                                                                                                               
000028e9  HOSTclose                                                                                                                                                                    
00002155  HOSTlseek                                                                                                                                                                    
00002355  HOSTopen                                                                                                                                                                     
000024c1  HOSTread                                                                                                                                                                     
000021bd  HOSTrename                                                                                                                                                                   
0000292d  HOSTunlink                                                                                                                                                                   
00002519  HOSTwrite                                                                                                                                                                    
000033dd  HardFault_Handler                                                                                                                                                            
000033dd  MemManage_Handler                                                                                                                                                            
000033dd  NMI_Handler                                                                                                                                                                  
000033dd  PCM_IRQHandler                                                                                                                                                               
000033dd  PORT1_IRQHandler                                                                                                                                                             
000033dd  PORT2_IRQHandler                                                                                                                                                             
000033dd  PORT3_IRQHandler                                                                                                                                                             
000033dd  PORT4_IRQHandler                                                                                                                                                             
000033dd  PORT5_IRQHandler                                                                                                                                                             
000033dd  PORT6_IRQHandler                                                                                                                                                             
000033dd  PSS_IRQHandler                                                                                                                                                               
000033dd  PendSV_Handler                                                                                                                                                               
000033dd  RTC_C_IRQHandler                                                                                                                                                             
000033d1  Reset_Handler                                                                                                                                                                
0000367c  SHT$$INIT_ARRAY$$Base                                                                                                                                                        
00003684  SHT$$INIT_ARRAY$$Limit                                                                                                                                                       
000033dd  SVC_Handler                                                                                                                                                                  
000033dd  SysTick_Handler                                                                                                                                                              
2000061c  SystemCoreClock                                                                                                                                                              
000007f5  SystemCoreClockUpdate                                                                                                                                                        
00000a69  SystemInit                                                                                                                                                                   
0000111b  T32_INT1_IRQHandler                                                                                                                                                          
0000111b  T32_INT1_IRQHandler                                                                                                                                                          
000033dd  T32_INT2_IRQHandler                                                                                                                                                          
000033dd  T32_INTC_IRQHandler                                                                                                                                                          
000033dd  TA0_0_IRQHandler                                                                                                                                                             
000033dd  TA0_N_IRQHandler                                                                                                                                                             
000033dd  TA1_0_IRQHandler                                                                                                                                                             
000033dd  TA1_N_IRQHandler                                                                                                                                                             
000033dd  TA2_0_IRQHandler                                                                                                                                                             
000033dd  TA2_N_IRQHandler                                                                                                                                                             
000033dd  TA3_0_IRQHandler                                                                                                                                                             
000033dd  TA3_N_IRQHandler                                                                                                                                                             
000033dd  UsageFault_Handler                                                                                                                                                           
4000480c  WDTCTL_SYM                                                                                                                                                                   
000033dd  WDT_A_IRQHandler                                                                                                                                                             
00000b21  _Z12IsActiveTaskRK11st_TaskInfo                                                                                                                                              
00000b2f  _Z14IsInactiveTaskRK11st_TaskInfo                                                                                                                                            
00002ca7  _Z21__default_new_handlerv                                                                                                                                                   
00000b49  _Z22SortScheduleByPriorityRK11st_TaskInfoS1_                                                                                                                                 
000010c9  _Z5Setupf                                                                                                                                                                    
00001a65  _ZN10__cxxabiv116__enum_type_infoD0Ev                                                                                                                                        
00001a63  _ZN10__cxxabiv116__enum_type_infoD1Ev                                                                                                                                        
00001a63  _ZN10__cxxabiv116__enum_type_infoD2Ev                                                                                                                                        
00001a5b  _ZN10__cxxabiv117__array_type_infoD0Ev                                                                                                                                       
00001a59  _ZN10__cxxabiv117__array_type_infoD1Ev                                                                                                                                       
00001a59  _ZN10__cxxabiv117__array_type_infoD2Ev                                                                                                                                       
00001a51  _ZN10__cxxabiv117__class_type_infoD0Ev                                                                                                                                       
00001a4f  _ZN10__cxxabiv117__class_type_infoD1Ev                                                                                                                                       
00001a4f  _ZN10__cxxabiv117__class_type_infoD2Ev                                                                                                                                       
00001a47  _ZN10__cxxabiv117__pbase_type_infoD0Ev                                                                                                                                       
00001a45  _ZN10__cxxabiv117__pbase_type_infoD1Ev                                                                                                                                       
00001a45  _ZN10__cxxabiv117__pbase_type_infoD2Ev                                                                                                                                       
00001a3d  _ZN10__cxxabiv119__pointer_type_infoD0Ev                                                                                                                                     
00001a3b  _ZN10__cxxabiv119__pointer_type_infoD1Ev                                                                                                                                     
00001a3b  _ZN10__cxxabiv119__pointer_type_infoD2Ev                                                                                                                                     
00001a33  _ZN10__cxxabiv120__function_type_infoD0Ev                                                                                                                                    
00001a31  _ZN10__cxxabiv120__function_type_infoD1Ev                                                                                                                                    
00001a31  _ZN10__cxxabiv120__function_type_infoD2Ev                                                                                                                                    
00001a29  _ZN10__cxxabiv120__si_class_type_infoD0Ev                                                                                                                                    
00001a27  _ZN10__cxxabiv120__si_class_type_infoD1Ev                                                                                                                                    
00001a27  _ZN10__cxxabiv120__si_class_type_infoD2Ev                                                                                                                                    
00001a1f  _ZN10__cxxabiv121__vmi_class_type_infoD0Ev                                                                                                                                   
00001a1d  _ZN10__cxxabiv121__vmi_class_type_infoD1Ev                                                                                                                                   
00001a1d  _ZN10__cxxabiv121__vmi_class_type_infoD2Ev                                                                                                                                   
00001a15  _ZN10__cxxabiv123__fundamental_type_infoD0Ev                                                                                                                                 
00001a13  _ZN10__cxxabiv123__fundamental_type_infoD1Ev                                                                                                                                 
00001a13  _ZN10__cxxabiv123__fundamental_type_infoD2Ev                                                                                                                                 
00001a0b  _ZN10__cxxabiv129__pointer_to_member_type_infoD0Ev                                                                                                                           
00001a09  _ZN10__cxxabiv129__pointer_to_member_type_infoD1Ev                                                                                                                           
00001a09  _ZN10__cxxabiv129__pointer_to_member_type_infoD2Ev                                                                                                                           
000020a5  _ZN3LED3runEv                                                                                                                                                                
000020bd  _ZN3LED5setupEv                                                                                                                                                              
00002085  _ZN3LEDC1Et                                                                                                                                                                  
00002085  _ZN3LEDC2Et                                                                                                                                                                  
00001f61  _ZN4Task10getMessageEh                                                                                                                                                       
00001f77  _ZN4Task11sendMessageE10st_Message                                                                                                                                           
000031e3  _ZN4Task13getTaskTimemsEv                                                                                                                                                    
20000622  _ZN4Task14m_u8NextTaskIDE                                                                                                                                                    
000032d5  _ZN4Task15GetTaskPriorityEv                                                                                                                                                  
000033df  _ZN4Task3runEv                                                                                                                                                               
000033eb  _ZN4Task5setupEv                                                                                                                                                             
00001f35  _ZN4TaskC1Ev                                                                                                                                                                 
00001f35  _ZN4TaskC2Ev                                                                                                                                                                 
00001da9  _ZN7Mailbox10getMailboxEv                                                                                                                                                    
00001de9  _ZN7Mailbox10getMessageEh                                                                                                                                                    
00001daf  _ZN7Mailbox11sendMessageE10st_Message                                                                                                                                        
20000818  _ZN7Mailbox7MailObjE                                                                                                                                                         
00002ecf  _ZN7MailboxC1Ev                                                                                                                                                              
00000751  _ZN7Timer3214calculateValueEfh                                                                                                                                               
0000060b  _ZN7Timer3214suppressBounceEP31DIO_PORT_Odd_Interruptable_Typetf                                                                                                             
0000051f  _ZN7Timer3214suppressBounceEP32DIO_PORT_Even_Interruptable_Typetf                                                                                                            
000006f7  _ZN7Timer3217calculatePrescaleEf                                                                                                                                             
20000620  _ZN7Timer3218m_bTimer1AvailableE                                                                                                                                             
20000621  _ZN7Timer3218m_bTimer2AvailableE                                                                                                                                             
200005e0  _ZN7Timer3220m_pinBounceTIMER32_1E                                                                                                                                           
200005ec  _ZN7Timer3220m_pinBounceTIMER32_2E                                                                                                                                           
000031f3  _ZN9Scheduler16getSchedulerTickEv                                                                                                                                            
00000ce5  _ZN9Scheduler18SortScheduleByTimeEv                                                                                                                                          
00000cb7  _ZN9Scheduler21CalculateNextScheduleEv                                                                                                                                       
00000c2f  _ZN9Scheduler3runEv                                                                                                                                                          
00000c4d  _ZN9Scheduler5setupEv                                                                                                                                                        
00000bcb  _ZN9Scheduler6attachEP4Task8TaskType10TaskActivey                                                                                                                            
00000b6d  _ZN9SchedulerC1Ev                                                                                                                                                            
00000b6d  _ZN9SchedulerC2Ev                                                                                                                                                            
00002fa5  _ZN9SchedulerD1Ev                                                                                                                                                            
00003205  _ZNKSaINSt4priv10_List_nodeI11st_TaskInfoEEE8max_sizeEv                                                                                                                      
00003215  _ZNKSt4listI11st_TaskInfoSaIS0_EE3endEv                                                                                                                                      
00003141  _ZNKSt4listI11st_TaskInfoSaIS0_EE5beginEv                                                                                                                                    
00003225  _ZNKSt4priv10_List_baseI11st_TaskInfoSaIS1_EE13get_allocatorEv                                                                                                               
00002fbd  _ZNKSt4priv10_List_baseI11st_TaskInfoSaIS1_EE5emptyEv                                                                                                                        
00003235  _ZNKSt4priv14_List_iteratorI11st_TaskInfoSt13_Const_traitsIS1_EEdeEv                                                                                                         
00002f23  _ZNKSt4priv14_List_iteratorI11st_TaskInfoSt13_Const_traitsIS1_EEeqES4_                                                                                                       
00002f3d  _ZNKSt4priv14_List_iteratorI11st_TaskInfoSt13_Const_traitsIS1_EEneES4_                                                                                                       
00003245  _ZNKSt4priv14_List_iteratorI11st_TaskInfoSt16_Nonconst_traitsIS1_EEdeEv                                                                                                      
00002f57  _ZNKSt4priv14_List_iteratorI11st_TaskInfoSt16_Nonconst_traitsIS1_EEeqENS0_IS1_St13_Const_traitsIS1_EEE                                                                       
00002f71  _ZNKSt4priv14_List_iteratorI11st_TaskInfoSt16_Nonconst_traitsIS1_EEneENS0_IS1_St13_Const_traitsIS1_EEE                                                                       
000033f7  _ZNKSt4priv14_List_iteratorI11st_TaskInfoSt16_Nonconst_traitsIS1_EEptEv                                                                                                      
000019cb  _ZNKSt9type_info4nameEv                                                                                                                                                      
000019fb  _ZNKSt9type_info6beforeERKS_                                                                                                                                                 
000019e5  _ZNKSt9type_infoeqERKS_                                                                                                                                                      
000019cf  _ZNKSt9type_infoneERKS_                                                                                                                                                      
000032e3  _ZNSaI10st_MessageEC1ERKS0_                                                                                                                                                  
00003403  _ZNSaI10st_MessageEC1Ev                                                                                                                                                      
00003255  _ZNSaI10st_MessageEC2ERKS0_                                                                                                                                                  
0000340f  _ZNSaI10st_MessageED1Ev                                                                                                                                                      
0000341b  _ZNSaI11st_TaskInfoEC1Ev                                                                                                                                                     
000032f1  _ZNSaI11st_TaskInfoEC1INSt4priv10_List_nodeIS_EEEERKSaIT_E                                                                                                                   
00003427  _ZNSaI11st_TaskInfoED1Ev                                                                                                                                                     
00002eeb  _ZNSaINSt4priv10_List_nodeI11st_TaskInfoEEE10deallocateEPS2_j                                                                                                                
00002745  _ZNSaINSt4priv10_List_nodeI11st_TaskInfoEEE8allocateEjPKv                                                                                                                    
000032ff  _ZNSaINSt4priv10_List_nodeI11st_TaskInfoEEEC1ERKS3_                                                                                                                          
0000330d  _ZNSaINSt4priv10_List_nodeI11st_TaskInfoEEEC1IS1_EERKSaIT_E                                                                                                                  
00003265  _ZNSaINSt4priv10_List_nodeI11st_TaskInfoEEEC2ERKS3_                                                                                                                          
00003433  _ZNSaINSt4priv10_List_nodeI11st_TaskInfoEEED1Ev                                                                                                                              
0000343f  _ZNSaINSt4priv10_List_nodeI11st_TaskInfoEEED2Ev                                                                                                                              
0000331b  _ZNSt11__new_alloc10deallocateEPvj                                                                                                                                           
0000344b  _ZNSt11__new_alloc8allocateEj                                                                                                                                                
00002b23  _ZNSt4listI11st_TaskInfoSaIS0_EE11_M_swap_auxERS2_                                                                                                                           
00002eb1  _ZNSt4listI11st_TaskInfoSaIS0_EE14_M_create_nodeERKS0_                                                                                                                       
00002971  _ZNSt4listI11st_TaskInfoSaIS0_EE18_M_insert_dispatchINSt4priv14_List_iteratorIS0_St13_Const_traitsIS0_EEEEEvNS5_IS0_St16_Nonconst_traitsIS0_EEET_SC_RKSt12__false_type       
000026b1  _ZNSt4listI11st_TaskInfoSaIS0_EE18_M_insert_dispatchINSt4priv14_List_iteratorIS0_St16_Nonconst_traitsIS0_EEEEEvS8_T_S9_RKSt12__false_type                                    
0000281d  _ZNSt4listI11st_TaskInfoSaIS0_EE25_M_splice_insert_dispatchINSt4priv14_List_iteratorIS0_St13_Const_traitsIS0_EEEEEvNS5_IS0_St16_Nonconst_traitsIS0_EEET_SC_RKSt12__false_type
00002411  _ZNSt4listI11st_TaskInfoSaIS0_EE25_M_splice_insert_dispatchINSt4priv14_List_iteratorIS0_St16_Nonconst_traitsIS0_EEEEEvS8_T_S9_RKSt12__false_type                             
00003275  _ZNSt4listI11st_TaskInfoSaIS0_EE3endEv                                                                                                                                       
00003285  _ZNSt4listI11st_TaskInfoSaIS0_EE4sortIPFbRKS0_S5_EEEvT_                                                                                                                      
00002469  _ZNSt4listI11st_TaskInfoSaIS0_EE4swapERS2_                                                                                                                                   
00003153  _ZNSt4listI11st_TaskInfoSaIS0_EE5beginEv                                                                                                                                     
00002619  _ZNSt4listI11st_TaskInfoSaIS0_EE5eraseENSt4priv14_List_iteratorIS0_St16_Nonconst_traitsIS0_EEE                                                                               
00002861  _ZNSt4listI11st_TaskInfoSaIS0_EE5eraseENSt4priv14_List_iteratorIS0_St16_Nonconst_traitsIS0_EEES7_                                                                            
0000278d  _ZNSt4listI11st_TaskInfoSaIS0_EE6insertENSt4priv14_List_iteratorIS0_St16_Nonconst_traitsIS0_EEERKS0_                                                                         
00002cd5  _ZNSt4listI11st_TaskInfoSaIS0_EE6insertINSt4priv14_List_iteratorIS0_St13_Const_traitsIS0_EEEEEvNS5_IS0_St16_Nonconst_traitsIS0_EEET_SC_                                      
000029f5  _ZNSt4listI11st_TaskInfoSaIS0_EE6insertINSt4priv14_List_iteratorIS0_St16_Nonconst_traitsIS0_EEEEEvS8_T_S9_                                                                   
00001c77  _ZNSt4listI11st_TaskInfoSaIS0_EE6spliceENSt4priv14_List_iteratorIS0_St16_Nonconst_traitsIS0_EEERS2_                                                                          
00001a75  _ZNSt4listI11st_TaskInfoSaIS0_EE6spliceENSt4priv14_List_iteratorIS0_St16_Nonconst_traitsIS0_EEERS2_S7_                                                                       
00002cff  _ZNSt4listI11st_TaskInfoSaIS0_EE9_M_insertINSt4priv14_List_iteratorIS0_St13_Const_traitsIS0_EEEEEvNS5_IS0_St16_Nonconst_traitsIS0_EEET_SC_                                   
00002a33  _ZNSt4listI11st_TaskInfoSaIS0_EE9_M_insertINSt4priv14_List_iteratorIS0_St16_Nonconst_traitsIS0_EEEEEvS8_T_S9_                                                                
00002ded  _ZNSt4listI11st_TaskInfoSaIS0_EE9push_backERKS0_                                                                                                                             
00003295  _ZNSt4listI11st_TaskInfoSaIS0_EE9remove_ifIPFbRKS0_EEEvT_                                                                                                                    
00003165  _ZNSt4listI11st_TaskInfoSaIS0_EEC1ERKS1_                                                                                                                                     
000028a5  _ZNSt4listI11st_TaskInfoSaIS0_EEC1ERKS2_                                                                                                                                     
00002b8f  _ZNSt4listI11st_TaskInfoSaIS0_EEC1INSt4priv14_List_iteratorIS0_St13_Const_traitsIS0_EEEEET_S9_RKS1_                                                                          
000029b3  _ZNSt4listI11st_TaskInfoSaIS0_EEC1INSt4priv14_List_iteratorIS0_St16_Nonconst_traitsIS0_EEEEET_S9_RKS1_                                                                       
00003329  _ZNSt4listI11st_TaskInfoSaIS0_EED1Ev                                                                                                                                         
00001839  _ZNSt4listI11st_TaskInfoSaIS0_EEaSERKS2_                                                                                                                                     
00002fd5  _ZNSt4priv10_List_baseI11st_TaskInfoSaIS1_EE19_M_empty_initializeEv                                                                                                          
00002a71  _ZNSt4priv10_List_baseI11st_TaskInfoSaIS1_EE5clearEv                                                                                                                         
00002aaf  _ZNSt4priv10_List_baseI11st_TaskInfoSaIS1_EEC1ERKS2_                                                                                                                         
000032a5  _ZNSt4priv10_List_baseI11st_TaskInfoSaIS1_EEC2ERKS2_                                                                                                                         
00003079  _ZNSt4priv10_List_baseI11st_TaskInfoSaIS1_EED1Ev                                                                                                                             
00003457  _ZNSt4priv10_List_baseI11st_TaskInfoSaIS1_EED2Ev                                                                                                                             
000026fb  _ZNSt4priv12_List_globalIbE9_TransferEPNS_15_List_node_baseES3_S3_                                                                                                           
0000228d  _ZNSt4priv12_S_remove_ifI11st_TaskInfoSaIS1_EPFbRKS1_EEEvRSt4listIT_T0_ET1_                                                                                                  
00002e0f  _ZNSt4priv12_Vector_baseI10st_MessageSaIS1_EEC1ERKS2_                                                                                                                        
000032b5  _ZNSt4priv12_Vector_baseI10st_MessageSaIS1_EEC2ERKS2_                                                                                                                        
00003177  _ZNSt4priv14_List_iteratorI11st_TaskInfoSt13_Const_traitsIS1_EEC1EPNS_15_List_node_baseE                                                                                     
0000308d  _ZNSt4priv14_List_iteratorI11st_TaskInfoSt13_Const_traitsIS1_EEC1ERKNS0_IS1_St16_Nonconst_traitsIS1_EEE                                                                      
0000304d  _ZNSt4priv14_List_iteratorI11st_TaskInfoSt13_Const_traitsIS1_EEppEi                                                                                                          
00003337  _ZNSt4priv14_List_iteratorI11st_TaskInfoSt13_Const_traitsIS1_EEppEv                                                                                                          
00003189  _ZNSt4priv14_List_iteratorI11st_TaskInfoSt16_Nonconst_traitsIS1_EEC1EPNS_15_List_node_baseE                                                                                  
000030a1  _ZNSt4priv14_List_iteratorI11st_TaskInfoSt16_Nonconst_traitsIS1_EEC1ERKS4_                                                                                                   
00002da1  _ZNSt4priv14_List_iteratorI11st_TaskInfoSt16_Nonconst_traitsIS1_EEppEi                                                                                                       
00003345  _ZNSt4priv14_List_iteratorI11st_TaskInfoSt16_Nonconst_traitsIS1_EEppEv                                                                                                       
0000319b  _ZNSt4priv17_STLP_alloc_proxyINS_15_List_node_baseENS_10_List_nodeI11st_TaskInfoEESaIS4_EE13_M_swap_allocERS6_                                                               
00003353  _ZNSt4priv17_STLP_alloc_proxyINS_15_List_node_baseENS_10_List_nodeI11st_TaskInfoEESaIS4_EE13_M_swap_allocERS6_RKSt11__true_type                                              
00002fed  _ZNSt4priv17_STLP_alloc_proxyINS_15_List_node_baseENS_10_List_nodeI11st_TaskInfoEESaIS4_EE4swapERS6_                                                                         
000031ad  _ZNSt4priv17_STLP_alloc_proxyINS_15_List_node_baseENS_10_List_nodeI11st_TaskInfoEESaIS4_EE8allocateEj                                                                        
00002c4f  _ZNSt4priv17_STLP_alloc_proxyINS_15_List_node_baseENS_10_List_nodeI11st_TaskInfoEESaIS4_EEC1ERKS5_S1_                                                                        
00003361  _ZNSt4priv17_STLP_alloc_proxyINS_15_List_node_baseENS_10_List_nodeI11st_TaskInfoEESaIS4_EED1Ev                                                                               
00002f8b  _ZNSt4priv17_STLP_alloc_proxyIP10st_MessageS1_SaIS1_EEC1ERKS3_S2_                                                                                                            
000030b5  _ZNSt4priv19_List_iterator_base7_M_incrEv                                                                                                                                    
000030c9  _ZNSt4priv19_List_iterator_baseC1EPNS_15_List_node_baseE                                                                                                                     
000032c5  _ZNSt4priv19_List_iterator_baseC2EPNS_15_List_node_baseE                                                                                                                     
00002c21  _ZNSt4priv7_CArrayISt4listI11st_TaskInfoSaIS2_EELj64EEC1ERKS4_                                                                                                               
000030dd  _ZNSt4priv7_CArrayISt4listI11st_TaskInfoSaIS2_EELj64EED1Ev                                                                                                                   
000030f1  _ZNSt4priv7_CArrayISt4listI11st_TaskInfoSaIS2_EELj64EEixEj                                                                                                                   
00001329  _ZNSt4priv7_S_sortI11st_TaskInfoSaIS1_EPFbRKS1_S4_EEEvRSt4listIT_T0_ET1_                                                                                                     
00001199  _ZNSt4priv8_S_mergeI11st_TaskInfoSaIS1_EPFbRKS1_S4_EEEvRSt4listIT_T0_ESB_T1_                                                                                                 
00003463  _ZNSt6_IsPODI11st_TaskInfoE7_AnswerEv                                                                                                                                        
0000346f  _ZNSt6_IsPODISt4listI11st_TaskInfoSaIS1_EEE7_AnswerEv                                                                                                                        
0000336f  _ZNSt6vectorI10st_MessageSaIS0_EE5beginEv                                                                                                                                    
000031bf  _ZNSt6vectorI10st_MessageSaIS0_EEC1ERKS1_                                                                                                                                    
00003005  _ZNSt6vectorI10st_MessageSaIS0_EEixEj                                                                                                                                        
000019c3  _ZNSt9type_infoD0Ev                                                                                                                                                          
000019c1  _ZNSt9type_infoD1Ev                                                                                                                                                          
000019c1  _ZNSt9type_infoD2Ev                                                                                                                                                          
0000347b  _ZSt12__stl_deletePv                                                                                                                                                         
00003487  _ZSt13__destroy_auxI11st_TaskInfoEvPT_RKSt12__false_type                                                                                                                     
0000337d  _ZSt13__destroy_auxISt4listI11st_TaskInfoSaIS1_EEEvPT_RKSt12__false_type                                                                                                     
000031d1  _ZSt14_Destroy_RangeIPSt4listI11st_TaskInfoSaIS1_EEEvT_S5_                                                                                                                   
[...]
000033dd  PendSV_Handler                                                                                                                                                               
000033dd  RTC_C_IRQHandler                                                                                                                                                             
000033dd  SVC_Handler                                                                                                                                                                  
000033dd  SysTick_Handler                                                                                                                                                              
000033dd  T32_INT2_IRQHandler                                                                                                                                                          
000033dd  T32_INTC_IRQHandler                                                                                                                                                          
000033dd  TA0_0_IRQHandler                                                                                                                                                             
000033dd  TA0_N_IRQHandler                                                                                                                                                             
000033dd  TA1_0_IRQHandler                                                                                                                                                             
000033dd  TA1_N_IRQHandler                                                                                                                                                             
000033dd  TA2_0_IRQHandler                                                                                                                                                             
000033dd  TA2_N_IRQHandler                                                                                                                                                             
000033dd  TA3_0_IRQHandler                                                                                                                                                             
000033dd  TA3_N_IRQHandler                                                                                                                                                             
000033dd  UsageFault_Handler                                                                                                                                                           
000033dd  WDT_A_IRQHandler                                                                                                                                                             
000033df  _ZN4Task3runEv                                                                                                                                                               
000033eb  _ZN4Task5setupEv                                                                                                                                                             
000033f7  _ZNKSt4priv14_List_iteratorI11st_TaskInfoSt16_Nonconst_traitsIS1_EEptEv                                                                                                      
00003403  _ZNSaI10st_MessageEC1Ev                                                                                                                                                      
0000340f  _ZNSaI10st_MessageED1Ev                                                                                                                                                      
0000341b  _ZNSaI11st_TaskInfoEC1Ev                                                                                                                                                     
00003427  _ZNSaI11st_TaskInfoED1Ev                                                                                                                                                     
00003433  _ZNSaINSt4priv10_List_nodeI11st_TaskInfoEEED1Ev                                                                                                                              
0000343f  _ZNSaINSt4priv10_List_nodeI11st_TaskInfoEEED2Ev                                                                                                                              
0000344b  _ZNSt11__new_alloc8allocateEj                                                                                                                                                
00003457  _ZNSt4priv10_List_baseI11st_TaskInfoSaIS1_EED2Ev                                                                                                                             
00003463  _ZNSt6_IsPODI11st_TaskInfoE7_AnswerEv                                                                                                                                        
0000346f  _ZNSt6_IsPODISt4listI11st_TaskInfoSaIS1_EEE7_AnswerEv                                                                                                                        
0000347b  _ZSt12__stl_deletePv                                                                                                                                                         
00003487  _ZSt13__destroy_auxI11st_TaskInfoEvPT_RKSt12__false_type                                                                                                                     
00003493  _ZSt9__stl_newj                                                                                                                                                              
0000349f  __TI_zero_init                                                                                                                                                               
000034ab  _ZdlPv                                                                                                                                                                       
000034b3  _ZnwjPv                                                                                                                                                                      
000034b7  _system_pre_init                                                                                                                                                             
000034bc  _ZTSN10__cxxabiv123__fundamental_type_infoE                                                                                                                                  
000034e4  _ZTSN10__cxxabiv120__si_class_type_infoE                                                                                                                                     
00003509  _ZTSN10__cxxabiv119__pointer_type_infoE                                                                                                                                      
0000352d  _ZTSN10__cxxabiv117__class_type_infoE                                                                                                                                        
0000354f  _ZTSN10__cxxabiv117__pbase_type_infoE                                                                                                                                        
00003571  _ZTSe                                                                                                                                                                        
00003574  _ZTIPKe                                                                                                                                                                      
00003584  _ZTV3LED                                                                                                                                                                     
00003594  _ZTV4Task                                                                                                                                                                    
000035a4  _ZTVN10__cxxabiv117__class_type_infoE                                                                                                                                        
000035b4  _ZTVN10__cxxabiv119__pointer_type_infoE                                                                                                                                      
000035c4  _ZTVN10__cxxabiv120__si_class_type_infoE                                                                                                                                     
000035d4  _ZTVN10__cxxabiv123__fundamental_type_infoE                                                                                                                                  
000035e4  _ZZNSaINSt4priv10_List_nodeI11st_TaskInfoEEE8allocateEjPKvEs                                                                                                                 
000035f3  _ZTSSt9type_info                                                                                                                                                             
00003600  _ZTI3LED                                                                                                                                                                     
0000360c  _ZTIN10__cxxabiv117__class_type_infoE                                                                                                                                        
00003618  _ZTIN10__cxxabiv117__pbase_type_infoE                                                                                                                                        
00003624  _ZTIN10__cxxabiv119__pointer_type_infoE                                                                                                                                      
00003630  _ZTIN10__cxxabiv120__si_class_type_infoE                                                                                                                                     
0000363c  _ZTIN10__cxxabiv123__fundamental_type_infoE                                                                                                                                  
00003648  _ZZNSt4priv7_S_sortI11st_TaskInfoSaIS1_EPFbRKS1_S4_EEEvRSt4listIT_T0_ET1_Es                                                                                                  
00003654  _ZTI4Task                                                                                                                                                                    
0000365c  _ZTISt9type_info                                                                                                                                                             
00003664  _ZTIe                                                                                                                                                                        
0000366c  _ZTS4Task                                                                                                                                                                    
00003672  _ZTS3LED                                                                                                                                                                     
00003677  _ZTSPKe                                                                                                                                                                      
0000367c  SHT$$INIT_ARRAY$$Base                                                                                                                                                        
00003684  SHT$$INIT_ARRAY$$Limit                                                                                                                                                       
00003704  __TI_Handler_Table_Base                                                                                                                                                      
00003710  __TI_Handler_Table_Limit                                                                                                                                                     
00003718  __TI_CINIT_Base                                                                                                                                                              
00003728  __TI_CINIT_Limit                                                                                                                                                             
20000000  _sys_memory                                                                                                                                                                  
20000400  _ftable                                                                                                                                                                      
200004f0  _device                                                                                                                                                                      
20000568  _stream                                                                                                                                                                      
200005b8  __TI_ft_end                                                                                                                                                                  
200005bc  __aeabi_stdin                                                                                                                                                                
200005c0  __aeabi_stdout                                                                                                                                                               
200005c4  __aeabi_stderr                                                                                                                                                               
200005c8  __TI_cleanup_ptr                                                                                                                                                             
200005cc  __TI_dtors_ptr                                                                                                                                                               
200005d0  __TI_enable_exit_profile_output                                                                                                                                              
200005e0  _ZN7Timer3220m_pinBounceTIMER32_1E                                                                                                                                           
200005ec  _ZN7Timer3220m_pinBounceTIMER32_2E                                                                                                                                           
200005f8  _lock                                                                                                                                                                        
200005fc  _unlock                                                                                                                                                                      
20000614  main_func_sp                                                                                                                                                                 
20000618  _new_handler                                                                                                                                                                 
2000061c  SystemCoreClock                                                                                                                                                              
20000620  _ZN7Timer3218m_bTimer1AvailableE                                                                                                                                             
20000621  _ZN7Timer3218m_bTimer2AvailableE                                                                                                                                             
20000622  _ZN4Task14m_u8NextTaskIDE                                                                                                                                                    
20000628  __CIOBUF_                                                                                                                                                                    
20000748  __TI_tmpnams                                                                                                                                                                 
200007e8  g_MainScheduler                                                                                                                                                              
20000810  parmbuf                                                                                                                                                                      
20000818  _ZN7Mailbox7MailObjE                                                                                                                                                         
2000081c  g_Mailbox                                                                                                                                                                    
20000820  _ZSt16__dummy_typeinfo                                                                                                                                                       
20000824  __dso_handle                                                                                                                                                                 
2000fe00  __stack                                                                                                                                                                      
20010000  __STACK_END                                                                                                                                                                  
4000480c  WDTCTL_SYM                                                                                                                                                                   
ffffffff  __TI_pprof_out_hndl                                                                                                                                                          
ffffffff  __TI_prof_data_size                                                                                                                                                          
ffffffff  __TI_prof_data_start                                                                                                                                                         
ffffffff  __binit__                                                                                                                                                                    
ffffffff  __c_args__                                                                                                                                                                   
ffffffff  binit                                                                                                                                                                        

[403 symbols]
