<?xml version="1.0"?>
<link_info>
   <banner>TI ARM Linker Unix v16.9.6.LTS</banner>
   <copyright>Copyright (c) 1996-2017 Texas Instruments Incorporated</copyright>
   <link_time>0x5aee6cb5</link_time>
   <link_errors>0x0</link_errors>
   <output_file>VirtualHorizon.out</output_file>
   <entry_point>
      <name>_c_int00</name>
      <address>0x2571</address>
   </entry_point>
   <input_file_list>
      <input_file id="fl-2">
         <path>./</path>
         <kind>object</kind>
         <file>LED.obj</file>
         <name>LED.obj</name>
      </input_file>
      <input_file id="fl-3">
         <path>./</path>
         <kind>object</kind>
         <file>Mailbox.obj</file>
         <name>Mailbox.obj</name>
      </input_file>
      <input_file id="fl-4">
         <path>./</path>
         <kind>object</kind>
         <file>Scheduler.obj</file>
         <name>Scheduler.obj</name>
      </input_file>
      <input_file id="fl-5">
         <path>./</path>
         <kind>object</kind>
         <file>Task.obj</file>
         <name>Task.obj</name>
      </input_file>
      <input_file id="fl-6">
         <path>./</path>
         <kind>object</kind>
         <file>Timer32.obj</file>
         <name>Timer32.obj</name>
      </input_file>
      <input_file id="fl-7">
         <path>./</path>
         <kind>object</kind>
         <file>main.obj</file>
         <name>main.obj</name>
      </input_file>
      <input_file id="fl-8">
         <path>./</path>
         <kind>object</kind>
         <file>startup_msp432p401r_ccs.obj</file>
         <name>startup_msp432p401r_ccs.obj</name>
      </input_file>
      <input_file id="fl-9">
         <path>./</path>
         <kind>object</kind>
         <file>system_msp432p401r.obj</file>
         <name>system_msp432p401r.obj</name>
      </input_file>
      <input_file id="fl-d">
         <kind>object</kind>
         <file>&lt;internal&gt;</file>
         <name>&lt;internal&gt;</name>
      </input_file>
      <input_file id="fl-c3">
         <path>/home/david/ti/ccsv7/tools/compiler/ti-cgt-arm_16.9.6.LTS/lib/</path>
         <kind>archive</kind>
         <file>rtsv7M4_T_le_v4SPD16_eabi.lib</file>
         <name>boot.obj</name>
      </input_file>
      <input_file id="fl-c4">
         <path>/home/david/ti/ccsv7/tools/compiler/ti-cgt-arm_16.9.6.LTS/lib/</path>
         <kind>archive</kind>
         <file>rtsv7M4_T_le_v4SPD16_eabi.lib</file>
         <name>copy_decompress_lzss.obj</name>
      </input_file>
      <input_file id="fl-c5">
         <path>/home/david/ti/ccsv7/tools/compiler/ti-cgt-arm_16.9.6.LTS/lib/</path>
         <kind>archive</kind>
         <file>rtsv7M4_T_le_v4SPD16_eabi.lib</file>
         <name>copy_decompress_none.obj</name>
      </input_file>
      <input_file id="fl-c6">
         <path>/home/david/ti/ccsv7/tools/compiler/ti-cgt-arm_16.9.6.LTS/lib/</path>
         <kind>archive</kind>
         <file>rtsv7M4_T_le_v4SPD16_eabi.lib</file>
         <name>copy_zero_init.obj</name>
      </input_file>
      <input_file id="fl-c7">
         <path>/home/david/ti/ccsv7/tools/compiler/ti-cgt-arm_16.9.6.LTS/lib/</path>
         <kind>archive</kind>
         <file>rtsv7M4_T_le_v4SPD16_eabi.lib</file>
         <name>delete.obj</name>
      </input_file>
      <input_file id="fl-c8">
         <path>/home/david/ti/ccsv7/tools/compiler/ti-cgt-arm_16.9.6.LTS/lib/</path>
         <kind>archive</kind>
         <file>rtsv7M4_T_le_v4SPD16_eabi.lib</file>
         <name>dll_main.obj</name>
      </input_file>
      <input_file id="fl-c9">
         <path>/home/david/ti/ccsv7/tools/compiler/ti-cgt-arm_16.9.6.LTS/lib/</path>
         <kind>archive</kind>
         <file>rtsv7M4_T_le_v4SPD16_eabi.lib</file>
         <name>dtor_list.obj</name>
      </input_file>
      <input_file id="fl-ca">
         <path>/home/david/ti/ccsv7/tools/compiler/ti-cgt-arm_16.9.6.LTS/lib/</path>
         <kind>archive</kind>
         <file>rtsv7M4_T_le_v4SPD16_eabi.lib</file>
         <name>exit.obj</name>
      </input_file>
      <input_file id="fl-cb">
         <path>/home/david/ti/ccsv7/tools/compiler/ti-cgt-arm_16.9.6.LTS/lib/</path>
         <kind>archive</kind>
         <file>rtsv7M4_T_le_v4SPD16_eabi.lib</file>
         <name>fd_cmp_t2.obj</name>
      </input_file>
      <input_file id="fl-cc">
         <path>/home/david/ti/ccsv7/tools/compiler/ti-cgt-arm_16.9.6.LTS/lib/</path>
         <kind>archive</kind>
         <file>rtsv7M4_T_le_v4SPD16_eabi.lib</file>
         <name>fputs.obj</name>
      </input_file>
      <input_file id="fl-cd">
         <path>/home/david/ti/ccsv7/tools/compiler/ti-cgt-arm_16.9.6.LTS/lib/</path>
         <kind>archive</kind>
         <file>rtsv7M4_T_le_v4SPD16_eabi.lib</file>
         <name>fs_tod_t2.obj</name>
      </input_file>
      <input_file id="fl-ce">
         <path>/home/david/ti/ccsv7/tools/compiler/ti-cgt-arm_16.9.6.LTS/lib/</path>
         <kind>archive</kind>
         <file>rtsv7M4_T_le_v4SPD16_eabi.lib</file>
         <name>memchr.obj</name>
      </input_file>
      <input_file id="fl-cf">
         <path>/home/david/ti/ccsv7/tools/compiler/ti-cgt-arm_16.9.6.LTS/lib/</path>
         <kind>archive</kind>
         <file>rtsv7M4_T_le_v4SPD16_eabi.lib</file>
         <name>memcpy_t2.obj</name>
      </input_file>
      <input_file id="fl-d0">
         <path>/home/david/ti/ccsv7/tools/compiler/ti-cgt-arm_16.9.6.LTS/lib/</path>
         <kind>archive</kind>
         <file>rtsv7M4_T_le_v4SPD16_eabi.lib</file>
         <name>memory.obj</name>
      </input_file>
      <input_file id="fl-d1">
         <path>/home/david/ti/ccsv7/tools/compiler/ti-cgt-arm_16.9.6.LTS/lib/</path>
         <kind>archive</kind>
         <file>rtsv7M4_T_le_v4SPD16_eabi.lib</file>
         <name>memset_t2.obj</name>
      </input_file>
      <input_file id="fl-d2">
         <path>/home/david/ti/ccsv7/tools/compiler/ti-cgt-arm_16.9.6.LTS/lib/</path>
         <kind>archive</kind>
         <file>rtsv7M4_T_le_v4SPD16_eabi.lib</file>
         <name>mpu_init.obj</name>
      </input_file>
      <input_file id="fl-d3">
         <path>/home/david/ti/ccsv7/tools/compiler/ti-cgt-arm_16.9.6.LTS/lib/</path>
         <kind>archive</kind>
         <file>rtsv7M4_T_le_v4SPD16_eabi.lib</file>
         <name>new_.obj</name>
      </input_file>
      <input_file id="fl-d4">
         <path>/home/david/ti/ccsv7/tools/compiler/ti-cgt-arm_16.9.6.LTS/lib/</path>
         <kind>archive</kind>
         <file>rtsv7M4_T_le_v4SPD16_eabi.lib</file>
         <name>newhandler.obj</name>
      </input_file>
      <input_file id="fl-d5">
         <path>/home/david/ti/ccsv7/tools/compiler/ti-cgt-arm_16.9.6.LTS/lib/</path>
         <kind>archive</kind>
         <file>rtsv7M4_T_le_v4SPD16_eabi.lib</file>
         <name>placenew.obj</name>
      </input_file>
      <input_file id="fl-d6">
         <path>/home/david/ti/ccsv7/tools/compiler/ti-cgt-arm_16.9.6.LTS/lib/</path>
         <kind>archive</kind>
         <file>rtsv7M4_T_le_v4SPD16_eabi.lib</file>
         <name>pre_init.obj</name>
      </input_file>
      <input_file id="fl-d7">
         <path>/home/david/ti/ccsv7/tools/compiler/ti-cgt-arm_16.9.6.LTS/lib/</path>
         <kind>archive</kind>
         <file>rtsv7M4_T_le_v4SPD16_eabi.lib</file>
         <name>stkdepth_vars.obj</name>
      </input_file>
      <input_file id="fl-d8">
         <path>/home/david/ti/ccsv7/tools/compiler/ti-cgt-arm_16.9.6.LTS/lib/</path>
         <kind>archive</kind>
         <file>rtsv7M4_T_le_v4SPD16_eabi.lib</file>
         <name>strlen.obj</name>
      </input_file>
      <input_file id="fl-d9">
         <path>/home/david/ti/ccsv7/tools/compiler/ti-cgt-arm_16.9.6.LTS/lib/</path>
         <kind>archive</kind>
         <file>rtsv7M4_T_le_v4SPD16_eabi.lib</file>
         <name>typeinfo_.obj</name>
      </input_file>
      <input_file id="fl-da">
         <path>/home/david/ti/ccsv7/tools/compiler/ti-cgt-arm_16.9.6.LTS/lib/</path>
         <kind>archive</kind>
         <file>rtsv7M4_T_le_v4SPD16_eabi.lib</file>
         <name>vars.obj</name>
      </input_file>
      <input_file id="fl-db">
         <path>/home/david/ti/ccsv7/tools/compiler/ti-cgt-arm_16.9.6.LTS/lib/</path>
         <kind>archive</kind>
         <file>rtsv7M4_T_le_v4SPD16_eabi.lib</file>
         <name>write.obj</name>
      </input_file>
      <input_file id="fl-dc">
         <path>/home/david/ti/ccsv7/tools/compiler/ti-cgt-arm_16.9.6.LTS/lib/</path>
         <kind>archive</kind>
         <file>rtsv7M4_T_le_v4SPD16_eabi.lib</file>
         <name>_io_perm.obj</name>
      </input_file>
      <input_file id="fl-dd">
         <path>/home/david/ti/ccsv7/tools/compiler/ti-cgt-arm_16.9.6.LTS/lib/</path>
         <kind>archive</kind>
         <file>rtsv7M4_T_le_v4SPD16_eabi.lib</file>
         <name>_lock.obj</name>
      </input_file>
      <input_file id="fl-de">
         <path>/home/david/ti/ccsv7/tools/compiler/ti-cgt-arm_16.9.6.LTS/lib/</path>
         <kind>archive</kind>
         <file>rtsv7M4_T_le_v4SPD16_eabi.lib</file>
         <name>args_main.obj</name>
      </input_file>
      <input_file id="fl-df">
         <path>/home/david/ti/ccsv7/tools/compiler/ti-cgt-arm_16.9.6.LTS/lib/</path>
         <kind>archive</kind>
         <file>rtsv7M4_T_le_v4SPD16_eabi.lib</file>
         <name>autoinit.obj</name>
      </input_file>
      <input_file id="fl-e0">
         <path>/home/david/ti/ccsv7/tools/compiler/ti-cgt-arm_16.9.6.LTS/lib/</path>
         <kind>archive</kind>
         <file>rtsv7M4_T_le_v4SPD16_eabi.lib</file>
         <name>cpy_tbl.obj</name>
      </input_file>
      <input_file id="fl-e1">
         <path>/home/david/ti/ccsv7/tools/compiler/ti-cgt-arm_16.9.6.LTS/lib/</path>
         <kind>archive</kind>
         <file>rtsv7M4_T_le_v4SPD16_eabi.lib</file>
         <name>defs.obj</name>
      </input_file>
      <input_file id="fl-e2">
         <path>/home/david/ti/ccsv7/tools/compiler/ti-cgt-arm_16.9.6.LTS/lib/</path>
         <kind>archive</kind>
         <file>rtsv7M4_T_le_v4SPD16_eabi.lib</file>
         <name>fflush.obj</name>
      </input_file>
      <input_file id="fl-e3">
         <path>/home/david/ti/ccsv7/tools/compiler/ti-cgt-arm_16.9.6.LTS/lib/</path>
         <kind>archive</kind>
         <file>rtsv7M4_T_le_v4SPD16_eabi.lib</file>
         <name>fseek.obj</name>
      </input_file>
      <input_file id="fl-e4">
         <path>/home/david/ti/ccsv7/tools/compiler/ti-cgt-arm_16.9.6.LTS/lib/</path>
         <kind>archive</kind>
         <file>rtsv7M4_T_le_v4SPD16_eabi.lib</file>
         <name>hostclose.obj</name>
      </input_file>
      <input_file id="fl-e5">
         <path>/home/david/ti/ccsv7/tools/compiler/ti-cgt-arm_16.9.6.LTS/lib/</path>
         <kind>archive</kind>
         <file>rtsv7M4_T_le_v4SPD16_eabi.lib</file>
         <name>hostlseek.obj</name>
      </input_file>
      <input_file id="fl-e6">
         <path>/home/david/ti/ccsv7/tools/compiler/ti-cgt-arm_16.9.6.LTS/lib/</path>
         <kind>archive</kind>
         <file>rtsv7M4_T_le_v4SPD16_eabi.lib</file>
         <name>hostopen.obj</name>
      </input_file>
      <input_file id="fl-e7">
         <path>/home/david/ti/ccsv7/tools/compiler/ti-cgt-arm_16.9.6.LTS/lib/</path>
         <kind>archive</kind>
         <file>rtsv7M4_T_le_v4SPD16_eabi.lib</file>
         <name>hostread.obj</name>
      </input_file>
      <input_file id="fl-e8">
         <path>/home/david/ti/ccsv7/tools/compiler/ti-cgt-arm_16.9.6.LTS/lib/</path>
         <kind>archive</kind>
         <file>rtsv7M4_T_le_v4SPD16_eabi.lib</file>
         <name>hostrename.obj</name>
      </input_file>
      <input_file id="fl-e9">
         <path>/home/david/ti/ccsv7/tools/compiler/ti-cgt-arm_16.9.6.LTS/lib/</path>
         <kind>archive</kind>
         <file>rtsv7M4_T_le_v4SPD16_eabi.lib</file>
         <name>hostunlink.obj</name>
      </input_file>
      <input_file id="fl-ea">
         <path>/home/david/ti/ccsv7/tools/compiler/ti-cgt-arm_16.9.6.LTS/lib/</path>
         <kind>archive</kind>
         <file>rtsv7M4_T_le_v4SPD16_eabi.lib</file>
         <name>hostwrite.obj</name>
      </input_file>
      <input_file id="fl-eb">
         <path>/home/david/ti/ccsv7/tools/compiler/ti-cgt-arm_16.9.6.LTS/lib/</path>
         <kind>archive</kind>
         <file>rtsv7M4_T_le_v4SPD16_eabi.lib</file>
         <name>lseek.obj</name>
      </input_file>
      <input_file id="fl-ec">
         <path>/home/david/ti/ccsv7/tools/compiler/ti-cgt-arm_16.9.6.LTS/lib/</path>
         <kind>archive</kind>
         <file>rtsv7M4_T_le_v4SPD16_eabi.lib</file>
         <name>setvbuf.obj</name>
      </input_file>
      <input_file id="fl-ed">
         <path>/home/david/ti/ccsv7/tools/compiler/ti-cgt-arm_16.9.6.LTS/lib/</path>
         <kind>archive</kind>
         <file>rtsv7M4_T_le_v4SPD16_eabi.lib</file>
         <name>startup.obj</name>
      </input_file>
      <input_file id="fl-ee">
         <path>/home/david/ti/ccsv7/tools/compiler/ti-cgt-arm_16.9.6.LTS/lib/</path>
         <kind>archive</kind>
         <file>rtsv7M4_T_le_v4SPD16_eabi.lib</file>
         <name>strcpy.obj</name>
      </input_file>
      <input_file id="fl-ef">
         <path>/home/david/ti/ccsv7/tools/compiler/ti-cgt-arm_16.9.6.LTS/lib/</path>
         <kind>archive</kind>
         <file>rtsv7M4_T_le_v4SPD16_eabi.lib</file>
         <name>trgmsg.obj</name>
      </input_file>
      <input_file id="fl-f0">
         <path>/home/david/ti/ccsv7/tools/compiler/ti-cgt-arm_16.9.6.LTS/lib/</path>
         <kind>archive</kind>
         <file>rtsv7M4_T_le_v4SPD16_eabi.lib</file>
         <name>fopen.obj</name>
      </input_file>
      <input_file id="fl-f1">
         <path>/home/david/ti/ccsv7/tools/compiler/ti-cgt-arm_16.9.6.LTS/lib/</path>
         <kind>archive</kind>
         <file>rtsv7M4_T_le_v4SPD16_eabi.lib</file>
         <name>open.obj</name>
      </input_file>
      <input_file id="fl-f2">
         <path>/home/david/ti/ccsv7/tools/compiler/ti-cgt-arm_16.9.6.LTS/lib/</path>
         <kind>archive</kind>
         <file>rtsv7M4_T_le_v4SPD16_eabi.lib</file>
         <name>fclose.obj</name>
      </input_file>
      <input_file id="fl-f3">
         <path>/home/david/ti/ccsv7/tools/compiler/ti-cgt-arm_16.9.6.LTS/lib/</path>
         <kind>archive</kind>
         <file>rtsv7M4_T_le_v4SPD16_eabi.lib</file>
         <name>getdevice.obj</name>
      </input_file>
      <input_file id="fl-f4">
         <path>/home/david/ti/ccsv7/tools/compiler/ti-cgt-arm_16.9.6.LTS/lib/</path>
         <kind>archive</kind>
         <file>rtsv7M4_T_le_v4SPD16_eabi.lib</file>
         <name>remove.obj</name>
      </input_file>
      <input_file id="fl-f5">
         <path>/home/david/ti/ccsv7/tools/compiler/ti-cgt-arm_16.9.6.LTS/lib/</path>
         <kind>archive</kind>
         <file>rtsv7M4_T_le_v4SPD16_eabi.lib</file>
         <name>strchr.obj</name>
      </input_file>
      <input_file id="fl-f6">
         <path>/home/david/ti/ccsv7/tools/compiler/ti-cgt-arm_16.9.6.LTS/lib/</path>
         <kind>archive</kind>
         <file>rtsv7M4_T_le_v4SPD16_eabi.lib</file>
         <name>strcmp.obj</name>
      </input_file>
      <input_file id="fl-f7">
         <path>/home/david/ti/ccsv7/tools/compiler/ti-cgt-arm_16.9.6.LTS/lib/</path>
         <kind>archive</kind>
         <file>rtsv7M4_T_le_v4SPD16_eabi.lib</file>
         <name>strncpy.obj</name>
      </input_file>
      <input_file id="fl-f8">
         <path>/home/david/ti/ccsv7/tools/compiler/ti-cgt-arm_16.9.6.LTS/lib/</path>
         <kind>archive</kind>
         <file>rtsv7M4_T_le_v4SPD16_eabi.lib</file>
         <name>unlink.obj</name>
      </input_file>
      <input_file id="fl-f9">
         <path>/home/david/ti/ccsv7/tools/compiler/ti-cgt-arm_16.9.6.LTS/lib/</path>
         <kind>archive</kind>
         <file>rtsv7M4_T_le_v4SPD16_eabi.lib</file>
         <name>close.obj</name>
      </input_file>
   </input_file_list>
   <object_component_list>
      <object_component id="oc-2e">
         <name>.intvecs:retain</name>
         <load_address>0x0</load_address>
         <run_address>0x0</run_address>
         <size>0xe4</size>
         <input_file_ref idref="fl-8"/>
      </object_component>
      <object_component id="oc-173">
         <name>.text</name>
         <load_address>0xe4</load_address>
         <run_address>0xe4</run_address>
         <size>0x3d0</size>
         <input_file_ref idref="fl-d0"/>
      </object_component>
      <object_component id="oc-fd">
         <name>.text</name>
         <load_address>0x4b4</load_address>
         <run_address>0x4b4</run_address>
         <size>0x340</size>
         <input_file_ref idref="fl-6"/>
      </object_component>
      <object_component id="oc-12c">
         <name>.text</name>
         <load_address>0x7f4</load_address>
         <run_address>0x7f4</run_address>
         <size>0x32c</size>
         <input_file_ref idref="fl-9"/>
      </object_component>
      <object_component id="oc-f7">
         <name>.text</name>
         <load_address>0xb20</load_address>
         <run_address>0xb20</run_address>
         <size>0x304</size>
         <input_file_ref idref="fl-4"/>
      </object_component>
      <object_component id="oc-6ba">
         <name>.text</name>
         <load_address>0xe24</load_address>
         <run_address>0xe24</run_address>
         <size>0x1c4</size>
         <input_file_ref idref="fl-f0"/>
      </object_component>
      <object_component id="oc-80">
         <name>.text</name>
         <load_address>0xfe8</load_address>
         <run_address>0xfe8</run_address>
         <size>0x1b0</size>
         <input_file_ref idref="fl-7"/>
      </object_component>
      <object_component id="oc-462">
         <name>.text:_ZNSt4priv8_S_mergeI11st_TaskInfoSaIS1_EPFbRKS1_S4_EEEvRSt4listIT_T0_ESB_T1_</name>
         <load_address>0x1198</load_address>
         <run_address>0x1198</run_address>
         <size>0x190</size>
         <input_file_ref idref="fl-4"/>
      </object_component>
      <object_component id="oc-39f">
         <name>.text:_ZNSt4priv7_S_sortI11st_TaskInfoSaIS1_EPFbRKS1_S4_EEEvRSt4listIT_T0_ET1_</name>
         <load_address>0x1328</load_address>
         <run_address>0x1328</run_address>
         <size>0x144</size>
         <input_file_ref idref="fl-4"/>
      </object_component>
      <object_component id="oc-52d">
         <name>.text</name>
         <load_address>0x146c</load_address>
         <run_address>0x146c</run_address>
         <size>0x134</size>
         <input_file_ref idref="fl-cc"/>
      </object_component>
      <object_component id="oc-103">
         <name>.text</name>
         <load_address>0x15a0</load_address>
         <run_address>0x15a0</run_address>
         <size>0xf4</size>
         <input_file_ref idref="fl-c9"/>
      </object_component>
      <object_component id="oc-65d">
         <name>.text</name>
         <load_address>0x1694</load_address>
         <run_address>0x1694</run_address>
         <size>0xdc</size>
         <input_file_ref idref="fl-ec"/>
      </object_component>
      <object_component id="oc-5d8">
         <name>.text</name>
         <load_address>0x1770</load_address>
         <run_address>0x1770</run_address>
         <size>0xc8</size>
         <input_file_ref idref="fl-e2"/>
      </object_component>
      <object_component id="oc-25b">
         <name>.text:_ZNSt4listI11st_TaskInfoSaIS0_EEaSERKS2_</name>
         <load_address>0x1838</load_address>
         <run_address>0x1838</run_address>
         <size>0xc4</size>
         <input_file_ref idref="fl-4"/>
      </object_component>
      <object_component id="oc-707">
         <name>.text</name>
         <load_address>0x18fc</load_address>
         <run_address>0x18fc</run_address>
         <size>0xbc</size>
         <input_file_ref idref="fl-f1"/>
      </object_component>
      <object_component id="oc-4a6">
         <name>.text</name>
         <load_address>0x19b8</load_address>
         <run_address>0x19b8</run_address>
         <size>0xbc</size>
         <input_file_ref idref="fl-d9"/>
      </object_component>
      <object_component id="oc-454">
         <name>.text:_ZNSt4listI11st_TaskInfoSaIS0_EE6spliceENSt4priv14_List_iteratorIS0_St16_Nonconst_traitsIS0_EEERS2_S7_</name>
         <load_address>0x1a74</load_address>
         <run_address>0x1a74</run_address>
         <size>0xba</size>
         <input_file_ref idref="fl-4"/>
      </object_component>
      <object_component id="oc-5c6">
         <name>.text</name>
         <load_address>0x1b2e</load_address>
         <run_address>0x1b2e</run_address>
         <size>0xac</size>
         <input_file_ref idref="fl-dc"/>
      </object_component>
      <object_component id="oc-40">
         <name>.text</name>
         <load_address>0x1bda</load_address>
         <run_address>0x1bda</run_address>
         <size>0x9c</size>
         <input_file_ref idref="fl-cf"/>
      </object_component>
      <object_component id="oc-4e7">
         <name>.text:_ZNSt4listI11st_TaskInfoSaIS0_EE6spliceENSt4priv14_List_iteratorIS0_St16_Nonconst_traitsIS0_EEERS2_</name>
         <load_address>0x1c76</load_address>
         <run_address>0x1c76</run_address>
         <size>0x9a</size>
         <input_file_ref idref="fl-4"/>
      </object_component>
      <object_component id="oc-70d">
         <name>.text</name>
         <load_address>0x1d10</load_address>
         <run_address>0x1d10</run_address>
         <size>0x98</size>
         <input_file_ref idref="fl-f2"/>
      </object_component>
      <object_component id="oc-7a">
         <name>.text</name>
         <load_address>0x1da8</load_address>
         <run_address>0x1da8</run_address>
         <size>0x8c</size>
         <input_file_ref idref="fl-3"/>
      </object_component>
      <object_component id="oc-290">
         <name>.text:__aeabi_cdcmple</name>
         <load_address>0x1e34</load_address>
         <run_address>0x1e34</run_address>
         <size>0x86</size>
         <input_file_ref idref="fl-cb"/>
      </object_component>
      <object_component id="oc-4c">
         <name>.text</name>
         <load_address>0x1eba</load_address>
         <run_address>0x1eba</run_address>
         <size>0x7a</size>
         <input_file_ref idref="fl-d1"/>
      </object_component>
      <object_component id="oc-1f4">
         <name>.text</name>
         <load_address>0x1f34</load_address>
         <run_address>0x1f34</run_address>
         <size>0x70</size>
         <input_file_ref idref="fl-5"/>
      </object_component>
      <object_component id="oc-64">
         <name>.text</name>
         <load_address>0x1fa4</load_address>
         <run_address>0x1fa4</run_address>
         <size>0x70</size>
         <input_file_ref idref="fl-df"/>
      </object_component>
      <object_component id="oc-750">
         <name>.text</name>
         <load_address>0x2014</load_address>
         <run_address>0x2014</run_address>
         <size>0x70</size>
         <input_file_ref idref="fl-f3"/>
      </object_component>
      <object_component id="oc-ea">
         <name>.text</name>
         <load_address>0x2084</load_address>
         <run_address>0x2084</run_address>
         <size>0x68</size>
         <input_file_ref idref="fl-2"/>
      </object_component>
      <object_component id="oc-14">
         <name>.text:decompress:lzss</name>
         <load_address>0x20ec</load_address>
         <run_address>0x20ec</run_address>
         <size>0x68</size>
         <input_file_ref idref="fl-c4"/>
      </object_component>
      <object_component id="oc-730">
         <name>.text</name>
         <load_address>0x2154</load_address>
         <run_address>0x2154</run_address>
         <size>0x68</size>
         <input_file_ref idref="fl-e5"/>
      </object_component>
      <object_component id="oc-73c">
         <name>.text</name>
         <load_address>0x21bc</load_address>
         <run_address>0x21bc</run_address>
         <size>0x68</size>
         <input_file_ref idref="fl-e8"/>
      </object_component>
      <object_component id="oc-76a">
         <name>.text</name>
         <load_address>0x2224</load_address>
         <run_address>0x2224</run_address>
         <size>0x68</size>
         <input_file_ref idref="fl-ef"/>
      </object_component>
      <object_component id="oc-398">
         <name>.text:_ZNSt4priv12_S_remove_ifI11st_TaskInfoSaIS1_EPFbRKS1_EEEvRSt4listIT_T0_ET1_</name>
         <load_address>0x228c</load_address>
         <run_address>0x228c</run_address>
         <size>0x64</size>
         <input_file_ref idref="fl-4"/>
      </object_component>
      <object_component id="oc-657">
         <name>.text</name>
         <load_address>0x22f0</load_address>
         <run_address>0x22f0</run_address>
         <size>0x64</size>
         <input_file_ref idref="fl-e3"/>
      </object_component>
      <object_component id="oc-718">
         <name>.text</name>
         <load_address>0x2354</load_address>
         <run_address>0x2354</run_address>
         <size>0x60</size>
         <input_file_ref idref="fl-e6"/>
      </object_component>
      <object_component id="oc-759">
         <name>.text</name>
         <load_address>0x23b4</load_address>
         <run_address>0x23b4</run_address>
         <size>0x5c</size>
         <input_file_ref idref="fl-f9"/>
      </object_component>
      <object_component id="oc-5b1">
         <name>.text:_ZNSt4listI11st_TaskInfoSaIS0_EE25_M_splice_insert_dispatchINSt4priv14_List_iteratorIS0_St16_Nonconst_traitsIS0_EEEEEvS8_T_S9_RKSt12__false_type</name>
         <load_address>0x2410</load_address>
         <run_address>0x2410</run_address>
         <size>0x58</size>
         <input_file_ref idref="fl-4"/>
      </object_component>
      <object_component id="oc-469">
         <name>.text:_ZNSt4listI11st_TaskInfoSaIS0_EE4swapERS2_</name>
         <load_address>0x2468</load_address>
         <run_address>0x2468</run_address>
         <size>0x58</size>
         <input_file_ref idref="fl-4"/>
      </object_component>
      <object_component id="oc-724">
         <name>.text</name>
         <load_address>0x24c0</load_address>
         <run_address>0x24c0</run_address>
         <size>0x58</size>
         <input_file_ref idref="fl-e7"/>
      </object_component>
      <object_component id="oc-72a">
         <name>.text</name>
         <load_address>0x2518</load_address>
         <run_address>0x2518</run_address>
         <size>0x58</size>
         <input_file_ref idref="fl-ea"/>
      </object_component>
      <object_component id="oc-26">
         <name>.text</name>
         <load_address>0x2570</load_address>
         <run_address>0x2570</run_address>
         <size>0x54</size>
         <input_file_ref idref="fl-c3"/>
      </object_component>
      <object_component id="oc-70">
         <name>.text</name>
         <load_address>0x25c4</load_address>
         <run_address>0x25c4</run_address>
         <size>0x54</size>
         <input_file_ref idref="fl-ca"/>
      </object_component>
      <object_component id="oc-27e">
         <name>.text:_ZNSt4listI11st_TaskInfoSaIS0_EE5eraseENSt4priv14_List_iteratorIS0_St16_Nonconst_traitsIS0_EEE</name>
         <load_address>0x2618</load_address>
         <run_address>0x2618</run_address>
         <size>0x4c</size>
         <input_file_ref idref="fl-4"/>
      </object_component>
      <object_component id="oc-ab">
         <name>.text</name>
         <load_address>0x2664</load_address>
         <run_address>0x2664</run_address>
         <size>0x4c</size>
         <input_file_ref idref="fl-e0"/>
      </object_component>
      <object_component id="oc-6fc">
         <name>.text:_ZNSt4listI11st_TaskInfoSaIS0_EE18_M_insert_dispatchINSt4priv14_List_iteratorIS0_St16_Nonconst_traitsIS0_EEEEEvS8_T_S9_RKSt12__false_type</name>
         <load_address>0x26b0</load_address>
         <run_address>0x26b0</run_address>
         <size>0x4a</size>
         <input_file_ref idref="fl-4"/>
      </object_component>
      <object_component id="oc-50a">
         <name>.text:_ZNSt4priv12_List_globalIbE9_TransferEPNS_15_List_node_baseES3_S3_</name>
         <load_address>0x26fa</load_address>
         <run_address>0x26fa</run_address>
         <size>0x4a</size>
         <input_file_ref idref="fl-4"/>
      </object_component>
      <object_component id="oc-579">
         <name>.text:_ZNSaINSt4priv10_List_nodeI11st_TaskInfoEEE8allocateEjPKv</name>
         <load_address>0x2744</load_address>
         <run_address>0x2744</run_address>
         <size>0x48</size>
         <input_file_ref idref="fl-4"/>
      </object_component>
      <object_component id="oc-33d">
         <name>.text:_ZNSt4listI11st_TaskInfoSaIS0_EE6insertENSt4priv14_List_iteratorIS0_St16_Nonconst_traitsIS0_EEERKS0_</name>
         <load_address>0x278c</load_address>
         <run_address>0x278c</run_address>
         <size>0x48</size>
         <input_file_ref idref="fl-4"/>
      </object_component>
      <object_component id="oc-477">
         <name>.text</name>
         <load_address>0x27d4</load_address>
         <run_address>0x27d4</run_address>
         <size>0x48</size>
         <input_file_ref idref="fl-c8"/>
      </object_component>
      <object_component id="oc-433">
         <name>.text:_ZNSt4listI11st_TaskInfoSaIS0_EE25_M_splice_insert_dispatchINSt4priv14_List_iteratorIS0_St13_Const_traitsIS0_EEEEEvNS5_IS0_St16_Nonconst_traitsIS0_EEET_SC_RKSt12__false_type</name>
         <load_address>0x281c</load_address>
         <run_address>0x281c</run_address>
         <size>0x44</size>
         <input_file_ref idref="fl-4"/>
      </object_component>
      <object_component id="oc-38a">
         <name>.text:_ZNSt4listI11st_TaskInfoSaIS0_EE5eraseENSt4priv14_List_iteratorIS0_St16_Nonconst_traitsIS0_EEES7_</name>
         <load_address>0x2860</load_address>
         <run_address>0x2860</run_address>
         <size>0x44</size>
         <input_file_ref idref="fl-4"/>
      </object_component>
      <object_component id="oc-642">
         <name>.text:_ZNSt4listI11st_TaskInfoSaIS0_EEC1ERKS2_</name>
         <load_address>0x28a4</load_address>
         <run_address>0x28a4</run_address>
         <size>0x44</size>
         <input_file_ref idref="fl-4"/>
      </object_component>
      <object_component id="oc-71e">
         <name>.text</name>
         <load_address>0x28e8</load_address>
         <run_address>0x28e8</run_address>
         <size>0x44</size>
         <input_file_ref idref="fl-e4"/>
      </object_component>
      <object_component id="oc-736">
         <name>.text</name>
         <load_address>0x292c</load_address>
         <run_address>0x292c</run_address>
         <size>0x44</size>
         <input_file_ref idref="fl-e9"/>
      </object_component>
      <object_component id="oc-63b">
         <name>.text:_ZNSt4listI11st_TaskInfoSaIS0_EE18_M_insert_dispatchINSt4priv14_List_iteratorIS0_St13_Const_traitsIS0_EEEEEvNS5_IS0_St16_Nonconst_traitsIS0_EEET_SC_RKSt12__false_type</name>
         <load_address>0x2970</load_address>
         <run_address>0x2970</run_address>
         <size>0x42</size>
         <input_file_ref idref="fl-4"/>
      </object_component>
      <object_component id="oc-649">
         <name>.text:_ZNSt4listI11st_TaskInfoSaIS0_EEC1INSt4priv14_List_iteratorIS0_St16_Nonconst_traitsIS0_EEEEET_S9_RKS1_</name>
         <load_address>0x29b2</load_address>
         <run_address>0x29b2</run_address>
         <size>0x42</size>
         <input_file_ref idref="fl-4"/>
      </object_component>
      <object_component id="oc-511">
         <name>.text:_ZNSt4listI11st_TaskInfoSaIS0_EE6insertINSt4priv14_List_iteratorIS0_St16_Nonconst_traitsIS0_EEEEEvS8_T_S9_</name>
         <load_address>0x29f4</load_address>
         <run_address>0x29f4</run_address>
         <size>0x3e</size>
         <input_file_ref idref="fl-4"/>
      </object_component>
      <object_component id="oc-6ab">
         <name>.text:_ZNSt4listI11st_TaskInfoSaIS0_EE9_M_insertINSt4priv14_List_iteratorIS0_St16_Nonconst_traitsIS0_EEEEEvS8_T_S9_</name>
         <load_address>0x2a32</load_address>
         <run_address>0x2a32</run_address>
         <size>0x3e</size>
         <input_file_ref idref="fl-4"/>
      </object_component>
      <object_component id="oc-223">
         <name>.text:_ZNSt4priv10_List_baseI11st_TaskInfoSaIS1_EE5clearEv</name>
         <load_address>0x2a70</load_address>
         <run_address>0x2a70</run_address>
         <size>0x3e</size>
         <input_file_ref idref="fl-4"/>
      </object_component>
      <object_component id="oc-404">
         <name>.text:_ZNSt4priv10_List_baseI11st_TaskInfoSaIS1_EEC1ERKS2_</name>
         <load_address>0x2aae</load_address>
         <run_address>0x2aae</run_address>
         <size>0x3c</size>
         <input_file_ref idref="fl-4"/>
      </object_component>
      <object_component id="oc-28b">
         <name>.text</name>
         <load_address>0x2aea</load_address>
         <run_address>0x2aea</run_address>
         <size>0x38</size>
         <input_file_ref idref="fl-cd"/>
      </object_component>
      <object_component id="oc-518">
         <name>.text:_ZNSt4listI11st_TaskInfoSaIS0_EE11_M_swap_auxERS2_</name>
         <load_address>0x2b22</load_address>
         <run_address>0x2b22</run_address>
         <size>0x36</size>
         <input_file_ref idref="fl-4"/>
      </object_component>
      <object_component id="oc-792">
         <name>.text</name>
         <load_address>0x2b58</load_address>
         <run_address>0x2b58</run_address>
         <size>0x36</size>
         <input_file_ref idref="fl-f7"/>
      </object_component>
      <object_component id="oc-4e0">
         <name>.text:_ZNSt4listI11st_TaskInfoSaIS0_EEC1INSt4priv14_List_iteratorIS0_St13_Const_traitsIS0_EEEEET_S9_RKS1_</name>
         <load_address>0x2b8e</load_address>
         <run_address>0x2b8e</run_address>
         <size>0x30</size>
         <input_file_ref idref="fl-4"/>
      </object_component>
      <object_component id="oc-67e">
         <name>.text:_ZSt19__destroy_range_auxIPSt4listI11st_TaskInfoSaIS1_EES3_EvT_S5_PT0_RKSt12__false_type</name>
         <load_address>0x2bbe</load_address>
         <run_address>0x2bbe</run_address>
         <size>0x30</size>
         <input_file_ref idref="fl-4"/>
      </object_component>
      <object_component id="oc-58">
         <name>.text</name>
         <load_address>0x2bee</load_address>
         <run_address>0x2bee</run_address>
         <size>0x2</size>
         <input_file_ref idref="fl-d2"/>
      </object_component>
      <object_component id="oc-cd">
         <name>.text</name>
         <load_address>0x2bf0</load_address>
         <run_address>0x2bf0</run_address>
         <size>0x30</size>
         <input_file_ref idref="fl-d3"/>
      </object_component>
      <object_component id="oc-44d">
         <name>.text:_ZNSt4priv7_CArrayISt4listI11st_TaskInfoSaIS2_EELj64EEC1ERKS4_</name>
         <load_address>0x2c20</load_address>
         <run_address>0x2c20</run_address>
         <size>0x2e</size>
         <input_file_ref idref="fl-4"/>
      </object_component>
      <object_component id="oc-4b6">
         <name>.text:_ZNSt4priv17_STLP_alloc_proxyINS_15_List_node_baseENS_10_List_nodeI11st_TaskInfoEESaIS4_EEC1ERKS5_S1_</name>
         <load_address>0x2c4e</load_address>
         <run_address>0x2c4e</run_address>
         <size>0x2c</size>
         <input_file_ref idref="fl-4"/>
      </object_component>
      <object_component id="oc-587">
         <name>.text:_ZSt19_Copy_Construct_auxI11st_TaskInfoEvPT_RKS1_RKSt12__false_type</name>
         <load_address>0x2c7a</load_address>
         <run_address>0x2c7a</run_address>
         <size>0x2c</size>
         <input_file_ref idref="fl-4"/>
      </object_component>
      <object_component id="oc-17c">
         <name>.text</name>
         <load_address>0x2ca6</load_address>
         <run_address>0x2ca6</run_address>
         <size>0x2</size>
         <input_file_ref idref="fl-d4"/>
      </object_component>
      <object_component id="oc-75f">
         <name>.text</name>
         <load_address>0x2ca8</load_address>
         <run_address>0x2ca8</run_address>
         <size>0x2c</size>
         <input_file_ref idref="fl-f8"/>
      </object_component>
      <object_component id="oc-391">
         <name>.text:_ZNSt4listI11st_TaskInfoSaIS0_EE6insertINSt4priv14_List_iteratorIS0_St13_Const_traitsIS0_EEEEEvNS5_IS0_St16_Nonconst_traitsIS0_EEET_SC_</name>
         <load_address>0x2cd4</load_address>
         <run_address>0x2cd4</run_address>
         <size>0x2a</size>
         <input_file_ref idref="fl-4"/>
      </object_component>
      <object_component id="oc-595">
         <name>.text:_ZNSt4listI11st_TaskInfoSaIS0_EE9_M_insertINSt4priv14_List_iteratorIS0_St13_Const_traitsIS0_EEEEEvNS5_IS0_St16_Nonconst_traitsIS0_EEET_SC_</name>
         <load_address>0x2cfe</load_address>
         <run_address>0x2cfe</run_address>
         <size>0x2a</size>
         <input_file_ref idref="fl-4"/>
      </object_component>
      <object_component id="oc-5bf">
         <name>.text:_ZSt4swapINSt4priv15_List_node_baseEEvRT_S3_</name>
         <load_address>0x2d28</load_address>
         <run_address>0x2d28</run_address>
         <size>0x28</size>
         <input_file_ref idref="fl-4"/>
      </object_component>
      <object_component id="oc-6b2">
         <name>.text</name>
         <load_address>0x2d50</load_address>
         <run_address>0x2d50</run_address>
         <size>0x28</size>
         <input_file_ref idref="fl-eb"/>
      </object_component>
      <object_component id="oc-5de">
         <name>.text</name>
         <load_address>0x2d78</load_address>
         <run_address>0x2d78</run_address>
         <size>0x28</size>
         <input_file_ref idref="fl-db"/>
      </object_component>
      <object_component id="oc-23f">
         <name>.text:_ZNSt4priv14_List_iteratorI11st_TaskInfoSt16_Nonconst_traitsIS1_EEppEi</name>
         <load_address>0x2da0</load_address>
         <run_address>0x2da0</run_address>
         <size>0x26</size>
         <input_file_ref idref="fl-4"/>
      </object_component>
      <object_component id="oc-5a3">
         <name>.text:_ZSt19_Copy_Construct_auxISt4listI11st_TaskInfoSaIS1_EEEvPT_RKS4_RKSt12__false_type</name>
         <load_address>0x2dc6</load_address>
         <run_address>0x2dc6</run_address>
         <size>0x26</size>
         <input_file_ref idref="fl-4"/>
      </object_component>
      <object_component id="oc-22a">
         <name>.text:_ZNSt4listI11st_TaskInfoSaIS0_EE9push_backERKS0_</name>
         <load_address>0x2dec</load_address>
         <run_address>0x2dec</run_address>
         <size>0x22</size>
         <input_file_ref idref="fl-4"/>
      </object_component>
      <object_component id="oc-3dc">
         <name>.text:_ZNSt4priv12_Vector_baseI10st_MessageSaIS1_EEC1ERKS2_</name>
         <load_address>0x2e0e</load_address>
         <run_address>0x2e0e</run_address>
         <size>0x22</size>
         <input_file_ref idref="fl-3"/>
      </object_component>
      <object_component id="oc-4d9">
         <name>.text:_ZSt15_Copy_ConstructI11st_TaskInfoEvPT_RKS1_</name>
         <load_address>0x2e30</load_address>
         <run_address>0x2e30</run_address>
         <size>0x20</size>
         <input_file_ref idref="fl-4"/>
      </object_component>
      <object_component id="oc-4f5">
         <name>.text:_ZSt15_Copy_ConstructISt4listI11st_TaskInfoSaIS1_EEEvPT_RKS4_</name>
         <load_address>0x2e50</load_address>
         <run_address>0x2e50</run_address>
         <size>0x20</size>
         <input_file_ref idref="fl-4"/>
      </object_component>
      <object_component id="oc-526">
         <name>.text:_ZSt4swapIPNSt4priv15_List_node_baseEEvRT_S4_</name>
         <load_address>0x2e70</load_address>
         <run_address>0x2e70</run_address>
         <size>0x20</size>
         <input_file_ref idref="fl-4"/>
      </object_component>
      <object_component id="oc-5d2">
         <name>.text</name>
         <load_address>0x2e90</load_address>
         <run_address>0x2e90</run_address>
         <size>0x20</size>
         <input_file_ref idref="fl-ce"/>
      </object_component>
      <object_component id="oc-41e">
         <name>.text:_ZNSt4listI11st_TaskInfoSaIS0_EE14_M_create_nodeERKS0_</name>
         <load_address>0x2eb0</load_address>
         <run_address>0x2eb0</run_address>
         <size>0x1e</size>
         <input_file_ref idref="fl-4"/>
      </object_component>
      <object_component id="oc-d3">
         <name>.text:_ZN7MailboxC1Ev</name>
         <load_address>0x2ece</load_address>
         <run_address>0x2ece</run_address>
         <size>0x1c</size>
         <input_file_ref idref="fl-3"/>
      </object_component>
      <object_component id="oc-336">
         <name>.text:_ZNSaINSt4priv10_List_nodeI11st_TaskInfoEEE10deallocateEPS2_j</name>
         <load_address>0x2eea</load_address>
         <run_address>0x2eea</run_address>
         <size>0x1c</size>
         <input_file_ref idref="fl-4"/>
      </object_component>
      <object_component id="oc-5eb">
         <name>.text:_ZSt15__destroy_rangeIPSt4listI11st_TaskInfoSaIS1_EES3_EvT_S5_PT0_</name>
         <load_address>0x2f06</load_address>
         <run_address>0x2f06</run_address>
         <size>0x1c</size>
         <input_file_ref idref="fl-4"/>
      </object_component>
      <object_component id="oc-383">
         <name>.text:_ZNKSt4priv14_List_iteratorI11st_TaskInfoSt13_Const_traitsIS1_EEeqES4_</name>
         <load_address>0x2f22</load_address>
         <run_address>0x2f22</run_address>
         <size>0x1a</size>
         <input_file_ref idref="fl-4"/>
      </object_component>
      <object_component id="oc-37c">
         <name>.text:_ZNKSt4priv14_List_iteratorI11st_TaskInfoSt13_Const_traitsIS1_EEneES4_</name>
         <load_address>0x2f3c</load_address>
         <run_address>0x2f3c</run_address>
         <size>0x1a</size>
         <input_file_ref idref="fl-4"/>
      </object_component>
      <object_component id="oc-4fc">
         <name>.text:_ZNKSt4priv14_List_iteratorI11st_TaskInfoSt16_Nonconst_traitsIS1_EEeqENS0_IS1_St13_Const_traitsIS1_EEE</name>
         <load_address>0x2f56</load_address>
         <run_address>0x2f56</run_address>
         <size>0x1a</size>
         <input_file_ref idref="fl-4"/>
      </object_component>
      <object_component id="oc-254">
         <name>.text:_ZNKSt4priv14_List_iteratorI11st_TaskInfoSt16_Nonconst_traitsIS1_EEneENS0_IS1_St13_Const_traitsIS1_EEE</name>
         <load_address>0x2f70</load_address>
         <run_address>0x2f70</run_address>
         <size>0x1a</size>
         <input_file_ref idref="fl-4"/>
      </object_component>
      <object_component id="oc-490">
         <name>.text:_ZNSt4priv17_STLP_alloc_proxyIP10st_MessageS1_SaIS1_EEC1ERKS3_S2_</name>
         <load_address>0x2f8a</load_address>
         <run_address>0x2f8a</run_address>
         <size>0x1a</size>
         <input_file_ref idref="fl-3"/>
      </object_component>
      <object_component id="oc-112">
         <name>.text:_ZN9SchedulerD1Ev</name>
         <load_address>0x2fa4</load_address>
         <run_address>0x2fa4</run_address>
         <size>0x18</size>
         <input_file_ref idref="fl-7"/>
      </object_component>
      <object_component id="oc-470">
         <name>.text:_ZNKSt4priv10_List_baseI11st_TaskInfoSaIS1_EE5emptyEv</name>
         <load_address>0x2fbc</load_address>
         <run_address>0x2fbc</run_address>
         <size>0x18</size>
         <input_file_ref idref="fl-4"/>
      </object_component>
      <object_component id="oc-4c4">
         <name>.text:_ZNSt4priv10_List_baseI11st_TaskInfoSaIS1_EE19_M_empty_initializeEv</name>
         <load_address>0x2fd4</load_address>
         <run_address>0x2fd4</run_address>
         <size>0x18</size>
         <input_file_ref idref="fl-4"/>
      </object_component>
      <object_component id="oc-51f">
         <name>.text:_ZNSt4priv17_STLP_alloc_proxyINS_15_List_node_baseENS_10_List_nodeI11st_TaskInfoEESaIS4_EE4swapERS6_</name>
         <load_address>0x2fec</load_address>
         <run_address>0x2fec</run_address>
         <size>0x18</size>
         <input_file_ref idref="fl-4"/>
      </object_component>
      <object_component id="oc-c6">
         <name>.text:_ZNSt6vectorI10st_MessageSaIS0_EEixEj</name>
         <load_address>0x3004</load_address>
         <run_address>0x3004</run_address>
         <size>0x18</size>
         <input_file_ref idref="fl-3"/>
      </object_component>
      <object_component id="oc-6a">
         <name>.text</name>
         <load_address>0x301c</load_address>
         <run_address>0x301c</run_address>
         <size>0x18</size>
         <input_file_ref idref="fl-de"/>
      </object_component>
      <object_component id="oc-786">
         <name>.text</name>
         <load_address>0x3034</load_address>
         <run_address>0x3034</run_address>
         <size>0x18</size>
         <input_file_ref idref="fl-f6"/>
      </object_component>
      <object_component id="oc-36e">
         <name>.text:_ZNSt4priv14_List_iteratorI11st_TaskInfoSt13_Const_traitsIS1_EEppEi</name>
         <load_address>0x304c</load_address>
         <run_address>0x304c</run_address>
         <size>0x16</size>
         <input_file_ref idref="fl-4"/>
      </object_component>
      <object_component id="oc-78c">
         <name>.text</name>
         <load_address>0x3062</load_address>
         <run_address>0x3062</run_address>
         <size>0x16</size>
         <input_file_ref idref="fl-f5"/>
      </object_component>
      <object_component id="oc-489">
         <name>.text:_ZNSt4priv10_List_baseI11st_TaskInfoSaIS1_EED1Ev</name>
         <load_address>0x3078</load_address>
         <run_address>0x3078</run_address>
         <size>0x14</size>
         <input_file_ref idref="fl-4"/>
      </object_component>
      <object_component id="oc-24d">
         <name>.text:_ZNSt4priv14_List_iteratorI11st_TaskInfoSt13_Const_traitsIS1_EEC1ERKNS0_IS1_St16_Nonconst_traitsIS1_EEE</name>
         <load_address>0x308c</load_address>
         <run_address>0x308c</run_address>
         <size>0x14</size>
         <input_file_ref idref="fl-4"/>
      </object_component>
      <object_component id="oc-277">
         <name>.text:_ZNSt4priv14_List_iteratorI11st_TaskInfoSt16_Nonconst_traitsIS1_EEC1ERKS4_</name>
         <load_address>0x30a0</load_address>
         <run_address>0x30a0</run_address>
         <size>0x14</size>
         <input_file_ref idref="fl-4"/>
      </object_component>
      <object_component id="oc-352">
         <name>.text:_ZNSt4priv19_List_iterator_base7_M_incrEv</name>
         <load_address>0x30b4</load_address>
         <run_address>0x30b4</run_address>
         <size>0x14</size>
         <input_file_ref idref="fl-4"/>
      </object_component>
      <object_component id="oc-425">
         <name>.text:_ZNSt4priv19_List_iterator_baseC1EPNS_15_List_node_baseE</name>
         <load_address>0x30c8</load_address>
         <run_address>0x30c8</run_address>
         <size>0x14</size>
         <input_file_ref idref="fl-4"/>
      </object_component>
      <object_component id="oc-47d">
         <name>.text:_ZNSt4priv7_CArrayISt4listI11st_TaskInfoSaIS2_EELj64EED1Ev</name>
         <load_address>0x30dc</load_address>
         <run_address>0x30dc</run_address>
         <size>0x14</size>
         <input_file_ref idref="fl-4"/>
      </object_component>
      <object_component id="oc-45b">
         <name>.text:_ZNSt4priv7_CArrayISt4listI11st_TaskInfoSaIS2_EELj64EEixEj</name>
         <load_address>0x30f0</load_address>
         <run_address>0x30f0</run_address>
         <size>0x14</size>
         <input_file_ref idref="fl-4"/>
      </object_component>
      <object_component id="oc-15b">
         <name>.text</name>
         <load_address>0x3104</load_address>
         <run_address>0x3104</run_address>
         <size>0x14</size>
         <input_file_ref idref="fl-dd"/>
      </object_component>
      <object_component id="oc-77e">
         <name>.text</name>
         <load_address>0x3118</load_address>
         <run_address>0x3118</run_address>
         <size>0x14</size>
         <input_file_ref idref="fl-ee"/>
      </object_component>
      <object_component id="oc-5cc">
         <name>.text</name>
         <load_address>0x312c</load_address>
         <run_address>0x312c</run_address>
         <size>0x14</size>
         <input_file_ref idref="fl-d8"/>
      </object_component>
      <object_component id="oc-360">
         <name>.text:_ZNKSt4listI11st_TaskInfoSaIS0_EE5beginEv</name>
         <load_address>0x3140</load_address>
         <run_address>0x3140</run_address>
         <size>0x12</size>
         <input_file_ref idref="fl-4"/>
      </object_component>
      <object_component id="oc-231">
         <name>.text:_ZNSt4listI11st_TaskInfoSaIS0_EE5beginEv</name>
         <load_address>0x3152</load_address>
         <run_address>0x3152</run_address>
         <size>0x12</size>
         <input_file_ref idref="fl-4"/>
      </object_component>
      <object_component id="oc-215">
         <name>.text:_ZNSt4listI11st_TaskInfoSaIS0_EEC1ERKS1_</name>
         <load_address>0x3164</load_address>
         <run_address>0x3164</run_address>
         <size>0x12</size>
         <input_file_ref idref="fl-4"/>
      </object_component>
      <object_component id="oc-42c">
         <name>.text:_ZNSt4priv14_List_iteratorI11st_TaskInfoSt13_Const_traitsIS1_EEC1EPNS_15_List_node_baseE</name>
         <load_address>0x3176</load_address>
         <run_address>0x3176</run_address>
         <size>0x12</size>
         <input_file_ref idref="fl-4"/>
      </object_component>
      <object_component id="oc-344">
         <name>.text:_ZNSt4priv14_List_iteratorI11st_TaskInfoSt16_Nonconst_traitsIS1_EEC1EPNS_15_List_node_baseE</name>
         <load_address>0x3188</load_address>
         <run_address>0x3188</run_address>
         <size>0x12</size>
         <input_file_ref idref="fl-4"/>
      </object_component>
      <object_component id="oc-5b8">
         <name>.text:_ZNSt4priv17_STLP_alloc_proxyINS_15_List_node_baseENS_10_List_nodeI11st_TaskInfoEESaIS4_EE13_M_swap_allocERS6_</name>
         <load_address>0x319a</load_address>
         <run_address>0x319a</run_address>
         <size>0x12</size>
         <input_file_ref idref="fl-4"/>
      </object_component>
      <object_component id="oc-4d2">
         <name>.text:_ZNSt4priv17_STLP_alloc_proxyINS_15_List_node_baseENS_10_List_nodeI11st_TaskInfoEESaIS4_EE8allocateEj</name>
         <load_address>0x31ac</load_address>
         <run_address>0x31ac</run_address>
         <size>0x12</size>
         <input_file_ref idref="fl-4"/>
      </object_component>
      <object_component id="oc-195">
         <name>.text:_ZNSt6vectorI10st_MessageSaIS0_EEC1ERKS1_</name>
         <load_address>0x31be</load_address>
         <run_address>0x31be</run_address>
         <size>0x12</size>
         <input_file_ref idref="fl-3"/>
      </object_component>
      <object_component id="oc-535">
         <name>.text:_ZSt14_Destroy_RangeIPSt4listI11st_TaskInfoSaIS1_EEEvT_S5_</name>
         <load_address>0x31d0</load_address>
         <run_address>0x31d0</run_address>
         <size>0x12</size>
         <input_file_ref idref="fl-4"/>
      </object_component>
      <object_component id="oc-270">
         <name>.text:_ZN4Task13getTaskTimemsEv</name>
         <load_address>0x31e2</load_address>
         <run_address>0x31e2</run_address>
         <size>0x10</size>
         <input_file_ref idref="fl-4"/>
      </object_component>
      <object_component id="oc-f0">
         <name>.text:_ZN9Scheduler16getSchedulerTickEv</name>
         <load_address>0x31f2</load_address>
         <run_address>0x31f2</run_address>
         <size>0x10</size>
         <input_file_ref idref="fl-4"/>
      </object_component>
      <object_component id="oc-b1">
         <name>.text</name>
         <load_address>0x3202</load_address>
         <run_address>0x3202</run_address>
         <size>0x2</size>
         <input_file_ref idref="fl-ed"/>
      </object_component>
      <object_component id="oc-622">
         <name>.text:_ZNKSaINSt4priv10_List_nodeI11st_TaskInfoEEE8max_sizeEv</name>
         <load_address>0x3204</load_address>
         <run_address>0x3204</run_address>
         <size>0x10</size>
         <input_file_ref idref="fl-4"/>
      </object_component>
      <object_component id="oc-367">
         <name>.text:_ZNKSt4listI11st_TaskInfoSaIS0_EE3endEv</name>
         <load_address>0x3214</load_address>
         <run_address>0x3214</run_address>
         <size>0x10</size>
         <input_file_ref idref="fl-4"/>
      </object_component>
      <object_component id="oc-446">
         <name>.text:_ZNKSt4priv10_List_baseI11st_TaskInfoSaIS1_EE13get_allocatorEv</name>
         <load_address>0x3224</load_address>
         <run_address>0x3224</run_address>
         <size>0x10</size>
         <input_file_ref idref="fl-4"/>
      </object_component>
      <object_component id="oc-375">
         <name>.text:_ZNKSt4priv14_List_iteratorI11st_TaskInfoSt13_Const_traitsIS1_EEdeEv</name>
         <load_address>0x3234</load_address>
         <run_address>0x3234</run_address>
         <size>0x10</size>
         <input_file_ref idref="fl-4"/>
      </object_component>
      <object_component id="oc-34b">
         <name>.text:_ZNKSt4priv14_List_iteratorI11st_TaskInfoSt16_Nonconst_traitsIS1_EEdeEv</name>
         <load_address>0x3244</load_address>
         <run_address>0x3244</run_address>
         <size>0x10</size>
         <input_file_ref idref="fl-4"/>
      </object_component>
      <object_component id="oc-543">
         <name>.text:_ZNSaI10st_MessageEC2ERKS0_</name>
         <load_address>0x3254</load_address>
         <run_address>0x3254</run_address>
         <size>0x10</size>
         <input_file_ref idref="fl-3"/>
      </object_component>
      <object_component id="oc-572">
         <name>.text:_ZNSaINSt4priv10_List_nodeI11st_TaskInfoEEEC2ERKS3_</name>
         <load_address>0x3264</load_address>
         <run_address>0x3264</run_address>
         <size>0x10</size>
         <input_file_ref idref="fl-4"/>
      </object_component>
      <object_component id="oc-246">
         <name>.text:_ZNSt4listI11st_TaskInfoSaIS0_EE3endEv</name>
         <load_address>0x3274</load_address>
         <run_address>0x3274</run_address>
         <size>0x10</size>
         <input_file_ref idref="fl-4"/>
      </object_component>
      <object_component id="oc-269">
         <name>.text:_ZNSt4listI11st_TaskInfoSaIS0_EE4sortIPFbRKS0_S5_EEEvT_</name>
         <load_address>0x3284</load_address>
         <run_address>0x3284</run_address>
         <size>0x10</size>
         <input_file_ref idref="fl-4"/>
      </object_component>
      <object_component id="oc-262">
         <name>.text:_ZNSt4listI11st_TaskInfoSaIS0_EE9remove_ifIPFbRKS0_EEEvT_</name>
         <load_address>0x3294</load_address>
         <run_address>0x3294</run_address>
         <size>0x10</size>
         <input_file_ref idref="fl-4"/>
      </object_component>
      <object_component id="oc-328">
         <name>.text:_ZNSt4priv10_List_baseI11st_TaskInfoSaIS1_EEC2ERKS2_</name>
         <load_address>0x32a4</load_address>
         <run_address>0x32a4</run_address>
         <size>0x10</size>
         <input_file_ref idref="fl-4"/>
      </object_component>
      <object_component id="oc-2f4">
         <name>.text:_ZNSt4priv12_Vector_baseI10st_MessageSaIS1_EEC2ERKS2_</name>
         <load_address>0x32b4</load_address>
         <run_address>0x32b4</run_address>
         <size>0x10</size>
         <input_file_ref idref="fl-3"/>
      </object_component>
      <object_component id="oc-359">
         <name>.text:_ZNSt4priv19_List_iterator_baseC2EPNS_15_List_node_baseE</name>
         <load_address>0x32c4</load_address>
         <run_address>0x32c4</run_address>
         <size>0x10</size>
         <input_file_ref idref="fl-4"/>
      </object_component>
      <object_component id="oc-207">
         <name>.text:_ZN4Task15GetTaskPriorityEv</name>
         <load_address>0x32d4</load_address>
         <run_address>0x32d4</run_address>
         <size>0xe</size>
         <input_file_ref idref="fl-4"/>
      </object_component>
      <object_component id="oc-5f9">
         <name>.text:_ZNSaI10st_MessageEC1ERKS0_</name>
         <load_address>0x32e2</load_address>
         <run_address>0x32e2</run_address>
         <size>0xe</size>
         <input_file_ref idref="fl-3"/>
      </object_component>
      <object_component id="oc-4ee">
         <name>.text:_ZNSaI11st_TaskInfoEC1INSt4priv10_List_nodeIS_EEEERKSaIT_E</name>
         <load_address>0x32f0</load_address>
         <run_address>0x32f0</run_address>
         <size>0xe</size>
         <input_file_ref idref="fl-4"/>
      </object_component>
      <object_component id="oc-61b">
         <name>.text:_ZNSaINSt4priv10_List_nodeI11st_TaskInfoEEEC1ERKS3_</name>
         <load_address>0x32fe</load_address>
         <run_address>0x32fe</run_address>
         <size>0xe</size>
         <input_file_ref idref="fl-4"/>
      </object_component>
      <object_component id="oc-4af">
         <name>.text:_ZNSaINSt4priv10_List_nodeI11st_TaskInfoEEEC1IS1_EERKSaIT_E</name>
         <load_address>0x330c</load_address>
         <run_address>0x330c</run_address>
         <size>0xe</size>
         <input_file_ref idref="fl-4"/>
      </object_component>
      <object_component id="oc-417">
         <name>.text:_ZNSt11__new_alloc10deallocateEPvj</name>
         <load_address>0x331a</load_address>
         <run_address>0x331a</run_address>
         <size>0xe</size>
         <input_file_ref idref="fl-4"/>
      </object_component>
      <object_component id="oc-2c1">
         <name>.text:_ZNSt4listI11st_TaskInfoSaIS0_EED1Ev</name>
         <load_address>0x3328</load_address>
         <run_address>0x3328</run_address>
         <size>0xe</size>
         <input_file_ref idref="fl-4"/>
      </object_component>
      <object_component id="oc-6a4">
         <name>.text:_ZNSt4priv14_List_iteratorI11st_TaskInfoSt13_Const_traitsIS1_EEppEv</name>
         <load_address>0x3336</load_address>
         <run_address>0x3336</run_address>
         <size>0xe</size>
         <input_file_ref idref="fl-4"/>
      </object_component>
      <object_component id="oc-43a">
         <name>.text:_ZNSt4priv14_List_iteratorI11st_TaskInfoSt16_Nonconst_traitsIS1_EEppEv</name>
         <load_address>0x3344</load_address>
         <run_address>0x3344</run_address>
         <size>0xe</size>
         <input_file_ref idref="fl-4"/>
      </object_component>
      <object_component id="oc-650">
         <name>.text:_ZNSt4priv17_STLP_alloc_proxyINS_15_List_node_baseENS_10_List_nodeI11st_TaskInfoEESaIS4_EE13_M_swap_allocERS6_RKSt11__true_type</name>
         <load_address>0x3352</load_address>
         <run_address>0x3352</run_address>
         <size>0xe</size>
         <input_file_ref idref="fl-4"/>
      </object_component>
      <object_component id="oc-53c">
         <name>.text:_ZNSt4priv17_STLP_alloc_proxyINS_15_List_node_baseENS_10_List_nodeI11st_TaskInfoEESaIS4_EED1Ev</name>
         <load_address>0x3360</load_address>
         <run_address>0x3360</run_address>
         <size>0xe</size>
         <input_file_ref idref="fl-4"/>
      </object_component>
      <object_component id="oc-167">
         <name>.text:_ZNSt6vectorI10st_MessageSaIS0_EE5beginEv</name>
         <load_address>0x336e</load_address>
         <run_address>0x336e</run_address>
         <size>0xe</size>
         <input_file_ref idref="fl-3"/>
      </object_component>
      <object_component id="oc-6e4">
         <name>.text:_ZSt13__destroy_auxISt4listI11st_TaskInfoSaIS1_EEEvPT_RKSt12__false_type</name>
         <load_address>0x337c</load_address>
         <run_address>0x337c</run_address>
         <size>0xe</size>
         <input_file_ref idref="fl-4"/>
      </object_component>
      <object_component id="oc-580">
         <name>.text:_ZSt7_Is_PODI11st_TaskInfoESt6_IsPODIT_EPS2_</name>
         <load_address>0x338a</load_address>
         <run_address>0x338a</run_address>
         <size>0xe</size>
         <input_file_ref idref="fl-4"/>
      </object_component>
      <object_component id="oc-59c">
         <name>.text:_ZSt7_Is_PODISt4listI11st_TaskInfoSaIS1_EEESt6_IsPODIT_EPS5_</name>
         <load_address>0x3398</load_address>
         <run_address>0x3398</run_address>
         <size>0xe</size>
         <input_file_ref idref="fl-4"/>
      </object_component>
      <object_component id="oc-32f">
         <name>.text:_ZSt8_DestroyI11st_TaskInfoEvPT_</name>
         <load_address>0x33a6</load_address>
         <run_address>0x33a6</run_address>
         <size>0xe</size>
         <input_file_ref idref="fl-4"/>
      </object_component>
      <object_component id="oc-503">
         <name>.text:_ZSteqI11st_TaskInfoS0_EbRKSaIT_ERKSaIT0_E</name>
         <load_address>0x33b4</load_address>
         <run_address>0x33b4</run_address>
         <size>0xe</size>
         <input_file_ref idref="fl-4"/>
      </object_component>
      <object_component id="oc-1a">
         <name>.text:decompress:none</name>
         <load_address>0x33c2</load_address>
         <run_address>0x33c2</run_address>
         <size>0xe</size>
         <input_file_ref idref="fl-c5"/>
      </object_component>
      <object_component id="oc-86">
         <name>.text</name>
         <load_address>0x33d0</load_address>
         <run_address>0x33d0</run_address>
         <size>0xe</size>
         <input_file_ref idref="fl-8"/>
      </object_component>
      <object_component id="oc-3e8">
         <name>.text:_ZN4Task3runEv</name>
         <load_address>0x33de</load_address>
         <run_address>0x33de</run_address>
         <size>0xc</size>
         <input_file_ref idref="fl-5"/>
      </object_component>
      <object_component id="oc-3ef">
         <name>.text:_ZN4Task5setupEv</name>
         <load_address>0x33ea</load_address>
         <run_address>0x33ea</run_address>
         <size>0xc</size>
         <input_file_ref idref="fl-5"/>
      </object_component>
      <object_component id="oc-238">
         <name>.text:_ZNKSt4priv14_List_iteratorI11st_TaskInfoSt16_Nonconst_traitsIS1_EEptEv</name>
         <load_address>0x33f6</load_address>
         <run_address>0x33f6</run_address>
         <size>0xc</size>
         <input_file_ref idref="fl-4"/>
      </object_component>
      <object_component id="oc-18e">
         <name>.text:_ZNSaI10st_MessageEC1Ev</name>
         <load_address>0x3402</load_address>
         <run_address>0x3402</run_address>
         <size>0xc</size>
         <input_file_ref idref="fl-3"/>
      </object_component>
      <object_component id="oc-19c">
         <name>.text:_ZNSaI10st_MessageED1Ev</name>
         <load_address>0x340e</load_address>
         <run_address>0x340e</run_address>
         <size>0xc</size>
         <input_file_ref idref="fl-3"/>
      </object_component>
      <object_component id="oc-20e">
         <name>.text:_ZNSaI11st_TaskInfoEC1Ev</name>
         <load_address>0x341a</load_address>
         <run_address>0x341a</run_address>
         <size>0xc</size>
         <input_file_ref idref="fl-4"/>
      </object_component>
      <object_component id="oc-21c">
         <name>.text:_ZNSaI11st_TaskInfoED1Ev</name>
         <load_address>0x3426</load_address>
         <run_address>0x3426</run_address>
         <size>0xc</size>
         <input_file_ref idref="fl-4"/>
      </object_component>
      <object_component id="oc-4bd">
         <name>.text:_ZNSaINSt4priv10_List_nodeI11st_TaskInfoEEED1Ev</name>
         <load_address>0x3432</load_address>
         <run_address>0x3432</run_address>
         <size>0xc</size>
         <input_file_ref idref="fl-4"/>
      </object_component>
      <object_component id="oc-5f2">
         <name>.text:_ZNSaINSt4priv10_List_nodeI11st_TaskInfoEEED2Ev</name>
         <load_address>0x343e</load_address>
         <run_address>0x343e</run_address>
         <size>0xc</size>
         <input_file_ref idref="fl-4"/>
      </object_component>
      <object_component id="oc-629">
         <name>.text:_ZNSt11__new_alloc8allocateEj</name>
         <load_address>0x344a</load_address>
         <run_address>0x344a</run_address>
         <size>0xc</size>
         <input_file_ref idref="fl-4"/>
      </object_component>
      <object_component id="oc-3d1">
         <name>.text:_ZNSt4priv10_List_baseI11st_TaskInfoSaIS1_EED2Ev</name>
         <load_address>0x3456</load_address>
         <run_address>0x3456</run_address>
         <size>0xc</size>
         <input_file_ref idref="fl-4"/>
      </object_component>
      <object_component id="oc-58e">
         <name>.text:_ZNSt6_IsPODI11st_TaskInfoE7_AnswerEv</name>
         <load_address>0x3462</load_address>
         <run_address>0x3462</run_address>
         <size>0xc</size>
         <input_file_ref idref="fl-4"/>
      </object_component>
      <object_component id="oc-5aa">
         <name>.text:_ZNSt6_IsPODISt4listI11st_TaskInfoSaIS1_EEE7_AnswerEv</name>
         <load_address>0x346e</load_address>
         <run_address>0x346e</run_address>
         <size>0xc</size>
         <input_file_ref idref="fl-4"/>
      </object_component>
      <object_component id="oc-4cb">
         <name>.text:_ZSt12__stl_deletePv</name>
         <load_address>0x347a</load_address>
         <run_address>0x347a</run_address>
         <size>0xc</size>
         <input_file_ref idref="fl-4"/>
      </object_component>
      <object_component id="oc-40b">
         <name>.text:_ZSt13__destroy_auxI11st_TaskInfoEvPT_RKSt12__false_type</name>
         <load_address>0x3486</load_address>
         <run_address>0x3486</run_address>
         <size>0xc</size>
         <input_file_ref idref="fl-4"/>
      </object_component>
      <object_component id="oc-69b">
         <name>.text:_ZSt9__stl_newj</name>
         <load_address>0x3492</load_address>
         <run_address>0x3492</run_address>
         <size>0xc</size>
         <input_file_ref idref="fl-4"/>
      </object_component>
      <object_component id="oc-20">
         <name>.text:decompress:ZI</name>
         <load_address>0x349e</load_address>
         <run_address>0x349e</run_address>
         <size>0xc</size>
         <input_file_ref idref="fl-c6"/>
      </object_component>
      <object_component id="oc-554">
         <name>.text</name>
         <load_address>0x34aa</load_address>
         <run_address>0x34aa</run_address>
         <size>0x8</size>
         <input_file_ref idref="fl-c7"/>
      </object_component>
      <object_component id="oc-635">
         <name>.text</name>
         <load_address>0x34b2</load_address>
         <run_address>0x34b2</run_address>
         <size>0x4</size>
         <input_file_ref idref="fl-d5"/>
      </object_component>
      <object_component id="oc-5e">
         <name>.text</name>
         <load_address>0x34b6</load_address>
         <run_address>0x34b6</run_address>
         <size>0x4</size>
         <input_file_ref idref="fl-d6"/>
      </object_component>
      <object_component id="oc-749">
         <name>.const:.typeinfo:_ZTSN10__cxxabiv123__fundamental_type_infoE</name>
         <load_address>0x34bc</load_address>
         <run_address>0x34bc</run_address>
         <size>0x28</size>
         <input_file_ref idref="fl-d9"/>
      </object_component>
      <object_component id="oc-54f">
         <name>.const:.typeinfo:_ZTSN10__cxxabiv120__si_class_type_infoE</name>
         <load_address>0x34e4</load_address>
         <run_address>0x34e4</run_address>
         <size>0x25</size>
         <input_file_ref idref="fl-d9"/>
      </object_component>
      <object_component id="oc-6eb">
         <name>.const:.typeinfo:_ZTSN10__cxxabiv119__pointer_type_infoE</name>
         <load_address>0x3509</load_address>
         <run_address>0x3509</run_address>
         <size>0x24</size>
         <input_file_ref idref="fl-d9"/>
      </object_component>
      <object_component id="oc-600">
         <name>.const:.typeinfo:_ZTSN10__cxxabiv117__class_type_infoE</name>
         <load_address>0x352d</load_address>
         <run_address>0x352d</run_address>
         <size>0x22</size>
         <input_file_ref idref="fl-d9"/>
      </object_component>
      <object_component id="oc-744">
         <name>.const:.typeinfo:_ZTSN10__cxxabiv117__pbase_type_infoE</name>
         <load_address>0x354f</load_address>
         <run_address>0x354f</run_address>
         <size>0x22</size>
         <input_file_ref idref="fl-d9"/>
      </object_component>
      <object_component id="oc-696">
         <name>.const:.typeinfo:_ZTSe</name>
         <load_address>0x3571</load_address>
         <run_address>0x3571</run_address>
         <size>0x2</size>
         <input_file_ref idref="fl-d9"/>
      </object_component>
      <object_component id="oc-55b">
         <name>.const:.typeinfo:_ZTIPKe</name>
         <load_address>0x3574</load_address>
         <run_address>0x3574</run_address>
         <size>0x10</size>
         <input_file_ref idref="fl-d9"/>
      </object_component>
      <object_component id="oc-1fa">
         <name>.const:_ZTV3LED</name>
         <load_address>0x3584</load_address>
         <run_address>0x3584</run_address>
         <size>0x10</size>
         <input_file_ref idref="fl-2"/>
      </object_component>
      <object_component id="oc-2fd">
         <name>.const:_ZTV4Task</name>
         <load_address>0x3594</load_address>
         <run_address>0x3594</run_address>
         <size>0x10</size>
         <input_file_ref idref="fl-5"/>
      </object_component>
      <object_component id="oc-497">
         <name>.const:_ZTVN10__cxxabiv117__class_type_infoE</name>
         <load_address>0x35a4</load_address>
         <run_address>0x35a4</run_address>
         <size>0x10</size>
         <input_file_ref idref="fl-d9"/>
      </object_component>
      <object_component id="oc-60c">
         <name>.const:_ZTVN10__cxxabiv119__pointer_type_infoE</name>
         <load_address>0x35b4</load_address>
         <run_address>0x35b4</run_address>
         <size>0x10</size>
         <input_file_ref idref="fl-d9"/>
      </object_component>
      <object_component id="oc-3fa">
         <name>.const:_ZTVN10__cxxabiv120__si_class_type_infoE</name>
         <load_address>0x35c4</load_address>
         <run_address>0x35c4</run_address>
         <size>0x10</size>
         <input_file_ref idref="fl-d9"/>
      </object_component>
      <object_component id="oc-691">
         <name>.const:_ZTVN10__cxxabiv123__fundamental_type_infoE</name>
         <load_address>0x35d4</load_address>
         <run_address>0x35d4</run_address>
         <size>0x10</size>
         <input_file_ref idref="fl-d9"/>
      </object_component>
      <object_component id="oc-630">
         <name>.const:.string:_ZZNSaINSt4priv10_List_nodeI11st_TaskInfoEEE8allocateEjPKvEs</name>
         <load_address>0x35e4</load_address>
         <run_address>0x35e4</run_address>
         <size>0xf</size>
         <input_file_ref idref="fl-4"/>
      </object_component>
      <object_component id="oc-685">
         <name>.const:.typeinfo:_ZTSSt9type_info</name>
         <load_address>0x35f3</load_address>
         <run_address>0x35f3</run_address>
         <size>0xd</size>
         <input_file_ref idref="fl-d9"/>
      </object_component>
      <object_component id="oc-308">
         <name>.const:.typeinfo:_ZTI3LED</name>
         <load_address>0x3600</load_address>
         <run_address>0x3600</run_address>
         <size>0xc</size>
         <input_file_ref idref="fl-2"/>
      </object_component>
      <object_component id="oc-54a">
         <name>.const:.typeinfo:_ZTIN10__cxxabiv117__class_type_infoE</name>
         <load_address>0x360c</load_address>
         <run_address>0x360c</run_address>
         <size>0xc</size>
         <input_file_ref idref="fl-d9"/>
      </object_component>
      <object_component id="oc-6f0">
         <name>.const:.typeinfo:_ZTIN10__cxxabiv117__pbase_type_infoE</name>
         <load_address>0x3618</load_address>
         <run_address>0x3618</run_address>
         <size>0xc</size>
         <input_file_ref idref="fl-d9"/>
      </object_component>
      <object_component id="oc-68c">
         <name>.const:.typeinfo:_ZTIN10__cxxabiv119__pointer_type_infoE</name>
         <load_address>0x3624</load_address>
         <run_address>0x3624</run_address>
         <size>0xc</size>
         <input_file_ref idref="fl-d9"/>
      </object_component>
      <object_component id="oc-4a1">
         <name>.const:.typeinfo:_ZTIN10__cxxabiv120__si_class_type_infoE</name>
         <load_address>0x3630</load_address>
         <run_address>0x3630</run_address>
         <size>0xc</size>
         <input_file_ref idref="fl-d9"/>
      </object_component>
      <object_component id="oc-6f5">
         <name>.const:.typeinfo:_ZTIN10__cxxabiv123__fundamental_type_infoE</name>
         <load_address>0x363c</load_address>
         <run_address>0x363c</run_address>
         <size>0xc</size>
         <input_file_ref idref="fl-d9"/>
      </object_component>
      <object_component id="oc-484">
         <name>.const:.string:_ZZNSt4priv7_S_sortI11st_TaskInfoSaIS1_EPFbRKS1_S4_EEEvRSt4listIT_T0_ET1_Es</name>
         <load_address>0x3648</load_address>
         <run_address>0x3648</run_address>
         <size>0xb</size>
         <input_file_ref idref="fl-4"/>
      </object_component>
      <object_component id="oc-3e3">
         <name>.const:.typeinfo:_ZTI4Task</name>
         <load_address>0x3654</load_address>
         <run_address>0x3654</run_address>
         <size>0x8</size>
         <input_file_ref idref="fl-2"/>
      </object_component>
      <object_component id="oc-605">
         <name>.const:.typeinfo:_ZTISt9type_info</name>
         <load_address>0x365c</load_address>
         <run_address>0x365c</run_address>
         <size>0x8</size>
         <input_file_ref idref="fl-d9"/>
      </object_component>
      <object_component id="oc-616">
         <name>.const:.typeinfo:_ZTIe</name>
         <load_address>0x3664</load_address>
         <run_address>0x3664</run_address>
         <size>0x8</size>
         <input_file_ref idref="fl-d9"/>
      </object_component>
      <object_component id="oc-49c">
         <name>.const:.typeinfo:_ZTS4Task</name>
         <load_address>0x366c</load_address>
         <run_address>0x366c</run_address>
         <size>0x6</size>
         <input_file_ref idref="fl-2"/>
      </object_component>
      <object_component id="oc-3ff">
         <name>.const:.typeinfo:_ZTS3LED</name>
         <load_address>0x3672</load_address>
         <run_address>0x3672</run_address>
         <size>0x5</size>
         <input_file_ref idref="fl-2"/>
      </object_component>
      <object_component id="oc-611">
         <name>.const:.typeinfo:_ZTSPKe</name>
         <load_address>0x3677</load_address>
         <run_address>0x3677</run_address>
         <size>0x4</size>
         <input_file_ref idref="fl-d9"/>
      </object_component>
      <object_component id="oc-800">
         <name>.cinit..data.load</name>
         <load_address>0x3688</load_address>
         <run_address>0x3688</run_address>
         <size>0x7b</size>
      </object_component>
      <object_component id="oc-7fe">
         <name>__TI_handler_table</name>
         <load_address>0x3704</load_address>
         <run_address>0x3704</run_address>
         <size>0xc</size>
      </object_component>
      <object_component id="oc-801">
         <name>.cinit..bss.load</name>
         <load_address>0x3710</load_address>
         <run_address>0x3710</run_address>
         <size>0x8</size>
      </object_component>
      <object_component id="oc-7ff">
         <name>__TI_cinit_table</name>
         <load_address>0x3718</load_address>
         <run_address>0x3718</run_address>
         <size>0x10</size>
      </object_component>
      <object_component id="oc-2c">
         <name>.init_array</name>
         <load_address>0x367c</load_address>
         <run_address>0x367c</run_address>
         <size>0x4</size>
         <input_file_ref idref="fl-3"/>
      </object_component>
      <object_component id="oc-2d">
         <name>.init_array</name>
         <load_address>0x3680</load_address>
         <run_address>0x3680</run_address>
         <size>0x4</size>
         <input_file_ref idref="fl-7"/>
      </object_component>
      <object_component id="oc-802">
         <name>SHT$$INIT_ARRAY$$Limit</name>
         <load_address>0x3684</load_address>
         <run_address>0x3684</run_address>
         <size>0x0</size>
      </object_component>
      <object_component id="oc-7db">
         <name>.binit</name>
         <load_address>0x0</load_address>
         <run_address>0x0</run_address>
         <size>0x0</size>
      </object_component>
      <object_component id="oc-302">
         <name>.data</name>
         <load_address>0x20000622</load_address>
         <run_address>0x20000622</run_address>
         <size>0x1</size>
         <input_file_ref idref="fl-5"/>
      </object_component>
      <object_component id="oc-298">
         <name>.data:_ZN7Timer3220m_pinBounceTIMER32_1E</name>
         <load_address>0x200005e0</load_address>
         <run_address>0x200005e0</run_address>
         <size>0xc</size>
         <input_file_ref idref="fl-6"/>
      </object_component>
      <object_component id="oc-29b">
         <name>.data:_ZN7Timer3220m_pinBounceTIMER32_2E</name>
         <load_address>0x200005ec</load_address>
         <run_address>0x200005ec</run_address>
         <size>0xc</size>
         <input_file_ref idref="fl-6"/>
      </object_component>
      <object_component id="oc-295">
         <name>.data</name>
         <load_address>0x20000620</load_address>
         <run_address>0x20000620</run_address>
         <size>0x2</size>
         <input_file_ref idref="fl-6"/>
      </object_component>
      <object_component id="oc-10c">
         <name>.data</name>
         <load_address>0x20000600</load_address>
         <run_address>0x20000600</run_address>
         <size>0x8</size>
         <input_file_ref idref="fl-7"/>
      </object_component>
      <object_component id="oc-2cf">
         <name>.data</name>
         <load_address>0x2000061c</load_address>
         <run_address>0x2000061c</run_address>
         <size>0x4</size>
         <input_file_ref idref="fl-9"/>
      </object_component>
      <object_component id="oc-2a6">
         <name>.data</name>
         <load_address>0x20000608</load_address>
         <run_address>0x20000608</run_address>
         <size>0x4</size>
         <input_file_ref idref="fl-c9"/>
      </object_component>
      <object_component id="oc-bb">
         <name>.data:$O1$$</name>
         <load_address>0x200005c8</load_address>
         <run_address>0x200005c8</run_address>
         <size>0xc</size>
         <input_file_ref idref="fl-ca"/>
      </object_component>
      <object_component id="oc-2eb">
         <name>.data:$O1$$</name>
         <load_address>0x200005d4</load_address>
         <run_address>0x200005d4</run_address>
         <size>0xc</size>
         <input_file_ref idref="fl-d0"/>
      </object_component>
      <object_component id="oc-76">
         <name>.data</name>
         <load_address>0x20000614</load_address>
         <run_address>0x20000614</run_address>
         <size>0x4</size>
         <input_file_ref idref="fl-d7"/>
      </object_component>
      <object_component id="oc-179">
         <name>.data</name>
         <load_address>0x20000618</load_address>
         <run_address>0x20000618</run_address>
         <size>0x4</size>
         <input_file_ref idref="fl-da"/>
      </object_component>
      <object_component id="oc-6d1">
         <name>.data:_device</name>
         <load_address>0x200004f0</load_address>
         <run_address>0x200004f0</run_address>
         <size>0x78</size>
         <input_file_ref idref="fl-db"/>
      </object_component>
      <object_component id="oc-66e">
         <name>.data:_stream</name>
         <load_address>0x20000568</load_address>
[...]
      <symbol id="sm-a2c">
         <name>_ZN10__cxxabiv117__class_type_infoD2Ev</name>
         <value>0x1a4f</value>
         <object_component_ref idref="oc-4a6"/>
      </symbol>
      <symbol id="sm-a2d">
         <name>_ZN10__cxxabiv116__enum_type_infoD2Ev</name>
         <value>0x1a63</value>
         <object_component_ref idref="oc-4a6"/>
      </symbol>
      <symbol id="sm-a2e">
         <name>_ZN10__cxxabiv119__pointer_type_infoD2Ev</name>
         <value>0x1a3b</value>
         <object_component_ref idref="oc-4a6"/>
      </symbol>
      <symbol id="sm-a2f">
         <name>_ZN10__cxxabiv120__si_class_type_infoD2Ev</name>
         <value>0x1a27</value>
         <object_component_ref idref="oc-4a6"/>
      </symbol>
      <symbol id="sm-a30">
         <name>_ZN10__cxxabiv117__pbase_type_infoD2Ev</name>
         <value>0x1a45</value>
         <object_component_ref idref="oc-4a6"/>
      </symbol>
      <symbol id="sm-a31">
         <name>_ZTVN10__cxxabiv117__class_type_infoE</name>
         <value>0x35a4</value>
         <object_component_ref idref="oc-497"/>
      </symbol>
      <symbol id="sm-a32">
         <name>_ZN10__cxxabiv117__array_type_infoD2Ev</name>
         <value>0x1a59</value>
         <object_component_ref idref="oc-4a6"/>
      </symbol>
      <symbol id="sm-a33">
         <name>_ZNSt9type_infoD1Ev</name>
         <value>0x19c1</value>
         <object_component_ref idref="oc-4a6"/>
      </symbol>
      <symbol id="sm-a34">
         <name>_ZTIN10__cxxabiv123__fundamental_type_infoE</name>
         <value>0x363c</value>
         <object_component_ref idref="oc-6f5"/>
      </symbol>
      <symbol id="sm-a35">
         <name>_ZTISt9type_info</name>
         <value>0x365c</value>
         <object_component_ref idref="oc-605"/>
      </symbol>
      <symbol id="sm-a36">
         <name>_ZN10__cxxabiv123__fundamental_type_infoD0Ev</name>
         <value>0x1a15</value>
         <object_component_ref idref="oc-4a6"/>
      </symbol>
      <symbol id="sm-a37">
         <name>_ZTIN10__cxxabiv117__pbase_type_infoE</name>
         <value>0x3618</value>
         <object_component_ref idref="oc-6f0"/>
      </symbol>
      <symbol id="sm-a38">
         <name>_ZTSe</name>
         <value>0x3571</value>
         <object_component_ref idref="oc-696"/>
      </symbol>
      <symbol id="sm-a39">
         <name>_ZNKSt9type_info4nameEv</name>
         <value>0x19cb</value>
         <object_component_ref idref="oc-4a6"/>
      </symbol>
      <symbol id="sm-a3a">
         <name>_ZTIN10__cxxabiv117__class_type_infoE</name>
         <value>0x360c</value>
         <object_component_ref idref="oc-54a"/>
      </symbol>
      <symbol id="sm-a3b">
         <name>_ZN10__cxxabiv129__pointer_to_member_type_infoD0Ev</name>
         <value>0x1a0b</value>
         <object_component_ref idref="oc-4a6"/>
      </symbol>
      <symbol id="sm-a3c">
         <name>_ZN10__cxxabiv120__si_class_type_infoD1Ev</name>
         <value>0x1a27</value>
         <object_component_ref idref="oc-4a6"/>
      </symbol>
      <symbol id="sm-a3d">
         <name>_ZTIN10__cxxabiv120__si_class_type_infoE</name>
         <value>0x3630</value>
         <object_component_ref idref="oc-4a1"/>
      </symbol>
      <symbol id="sm-a3e">
         <name>_ZNSt9type_infoD0Ev</name>
         <value>0x19c3</value>
         <object_component_ref idref="oc-4a6"/>
      </symbol>
      <symbol id="sm-a3f">
         <name>_ZN10__cxxabiv120__function_type_infoD0Ev</name>
         <value>0x1a33</value>
         <object_component_ref idref="oc-4a6"/>
      </symbol>
      <symbol id="sm-a40">
         <name>_ZN10__cxxabiv117__class_type_infoD0Ev</name>
         <value>0x1a51</value>
         <object_component_ref idref="oc-4a6"/>
      </symbol>
      <symbol id="sm-a41">
         <name>_ZTSN10__cxxabiv117__pbase_type_infoE</name>
         <value>0x354f</value>
         <object_component_ref idref="oc-744"/>
      </symbol>
      <symbol id="sm-a42">
         <name>_ZN10__cxxabiv116__enum_type_infoD0Ev</name>
         <value>0x1a65</value>
         <object_component_ref idref="oc-4a6"/>
      </symbol>
      <symbol id="sm-a43">
         <name>_ZTIe</name>
         <value>0x3664</value>
         <object_component_ref idref="oc-616"/>
      </symbol>
      <symbol id="sm-a44">
         <name>_ZN10__cxxabiv121__vmi_class_type_infoD0Ev</name>
         <value>0x1a1f</value>
         <object_component_ref idref="oc-4a6"/>
      </symbol>
      <symbol id="sm-a45">
         <name>_ZTVN10__cxxabiv120__si_class_type_infoE</name>
         <value>0x35c4</value>
         <object_component_ref idref="oc-3fa"/>
      </symbol>
      <symbol id="sm-a46">
         <name>_ZN10__cxxabiv117__pbase_type_infoD0Ev</name>
         <value>0x1a47</value>
         <object_component_ref idref="oc-4a6"/>
      </symbol>
      <symbol id="sm-a47">
         <name>_ZN10__cxxabiv117__array_type_infoD0Ev</name>
         <value>0x1a5b</value>
         <object_component_ref idref="oc-4a6"/>
      </symbol>
      <symbol id="sm-a48">
         <name>_ZSt21__gen_dummy_typeinfosv</name>
         <value>0x19b9</value>
         <object_component_ref idref="oc-4a6"/>
      </symbol>
      <symbol id="sm-a49">
         <name>_ZN10__cxxabiv129__pointer_to_member_type_infoD1Ev</name>
         <value>0x1a09</value>
         <object_component_ref idref="oc-4a6"/>
      </symbol>
      <symbol id="sm-a4a">
         <name>_ZN10__cxxabiv119__pointer_type_infoD0Ev</name>
         <value>0x1a3d</value>
         <object_component_ref idref="oc-4a6"/>
      </symbol>
      <symbol id="sm-a4b">
         <name>_ZN10__cxxabiv120__si_class_type_infoD0Ev</name>
         <value>0x1a29</value>
         <object_component_ref idref="oc-4a6"/>
      </symbol>
      <symbol id="sm-a4c">
         <name>_ZTIPKe</name>
         <value>0x3574</value>
         <object_component_ref idref="oc-55b"/>
      </symbol>
      <symbol id="sm-a4d">
         <name>_ZNKSt9type_infoeqERKS_</name>
         <value>0x19e5</value>
         <object_component_ref idref="oc-4a6"/>
      </symbol>
      <symbol id="sm-a55">
         <name>_new_handler</name>
         <value>0x20000618</value>
         <object_component_ref idref="oc-179"/>
      </symbol>
      <symbol id="sm-a7b">
         <name>_stream</name>
         <value>0x20000568</value>
         <object_component_ref idref="oc-66e"/>
      </symbol>
      <symbol id="sm-a7c">
         <name>_device</name>
         <value>0x200004f0</value>
         <object_component_ref idref="oc-6d1"/>
      </symbol>
      <symbol id="sm-a7d">
         <name>write</name>
         <value>0x2d79</value>
         <object_component_ref idref="oc-5de"/>
      </symbol>
      <symbol id="sm-a9b">
         <name>__TI_wrt_ok</name>
         <value>0x1b2f</value>
         <object_component_ref idref="oc-5c6"/>
      </symbol>
      <symbol id="sm-a9c">
         <name>__TI_rd_ok</name>
         <value>0x1b91</value>
         <object_component_ref idref="oc-5c6"/>
      </symbol>
      <symbol id="sm-ab5">
         <name>_nop</name>
         <value>0x3113</value>
         <object_component_ref idref="oc-15b"/>
      </symbol>
      <symbol id="sm-ab6">
         <name>_lock</name>
         <value>0x200005f8</value>
         <object_component_ref idref="oc-be"/>
      </symbol>
      <symbol id="sm-ab7">
         <name>_unlock</name>
         <value>0x200005fc</value>
         <object_component_ref idref="oc-be"/>
      </symbol>
      <symbol id="sm-ab8">
         <name>_register_lock</name>
         <value>0x310b</value>
         <object_component_ref idref="oc-15b"/>
      </symbol>
      <symbol id="sm-ab9">
         <name>_register_unlock</name>
         <value>0x3105</value>
         <object_component_ref idref="oc-15b"/>
      </symbol>
      <symbol id="sm-acd">
         <name>_args_main</name>
         <value>0x301d</value>
         <object_component_ref idref="oc-6a"/>
      </symbol>
      <symbol id="sm-af7">
         <name>__TI_auto_init</name>
         <value>0x1fa5</value>
         <object_component_ref idref="oc-64"/>
      </symbol>
      <symbol id="sm-b11">
         <name>copy_in</name>
         <value>0x2665</value>
         <object_component_ref idref="oc-ab"/>
      </symbol>
      <symbol id="sm-b26">
         <name>__TI_tmpnams</name>
         <value>0x20000748</value>
      </symbol>
      <symbol id="sm-b27">
         <name>__aeabi_stdout</name>
         <value>0x200005c0</value>
         <object_component_ref idref="oc-669"/>
      </symbol>
      <symbol id="sm-b28">
         <name>__aeabi_stderr</name>
         <value>0x200005c4</value>
         <object_component_ref idref="oc-669"/>
      </symbol>
      <symbol id="sm-b29">
         <name>__aeabi_stdin</name>
         <value>0x200005bc</value>
         <object_component_ref idref="oc-669"/>
      </symbol>
      <symbol id="sm-b2a">
         <name>_ftable</name>
         <value>0x20000400</value>
         <object_component_ref idref="oc-5e4"/>
      </symbol>
      <symbol id="sm-b2b">
         <name>__TI_ft_end</name>
         <value>0x200005b8</value>
         <object_component_ref idref="oc-669"/>
      </symbol>
      <symbol id="sm-b45">
         <name>__TI_doflush</name>
         <value>0x1771</value>
         <object_component_ref idref="oc-5d8"/>
      </symbol>
      <symbol id="sm-b46">
         <name>fflush</name>
         <value>0x17bd</value>
         <object_component_ref idref="oc-5d8"/>
      </symbol>
      <symbol id="sm-b58">
         <name>fseek</name>
         <value>0x22f1</value>
         <object_component_ref idref="oc-657"/>
      </symbol>
      <symbol id="sm-b69">
         <name>HOSTclose</name>
         <value>0x28e9</value>
         <object_component_ref idref="oc-71e"/>
      </symbol>
      <symbol id="sm-b7a">
         <name>HOSTlseek</name>
         <value>0x2155</value>
         <object_component_ref idref="oc-730"/>
      </symbol>
      <symbol id="sm-b8c">
         <name>parmbuf</name>
         <value>0x20000810</value>
      </symbol>
      <symbol id="sm-b8d">
         <name>HOSTopen</name>
         <value>0x2355</value>
         <object_component_ref idref="oc-718"/>
      </symbol>
      <symbol id="sm-b9e">
         <name>HOSTread</name>
         <value>0x24c1</value>
         <object_component_ref idref="oc-724"/>
      </symbol>
      <symbol id="sm-baf">
         <name>HOSTrename</name>
         <value>0x21bd</value>
         <object_component_ref idref="oc-73c"/>
      </symbol>
      <symbol id="sm-bc0">
         <name>HOSTunlink</name>
         <value>0x292d</value>
         <object_component_ref idref="oc-736"/>
      </symbol>
      <symbol id="sm-bd1">
         <name>HOSTwrite</name>
         <value>0x2519</value>
         <object_component_ref idref="oc-72a"/>
      </symbol>
      <symbol id="sm-be1">
         <name>lseek</name>
         <value>0x2d51</value>
         <object_component_ref idref="oc-6b2"/>
      </symbol>
      <symbol id="sm-bfd">
         <name>setvbuf</name>
         <value>0x1695</value>
         <object_component_ref idref="oc-65d"/>
      </symbol>
      <symbol id="sm-c07">
         <name>_system_post_cinit</name>
         <value>0x3203</value>
         <object_component_ref idref="oc-b1"/>
      </symbol>
      <symbol id="sm-c15">
         <name>strcpy</name>
         <value>0x3119</value>
         <object_component_ref idref="oc-77e"/>
      </symbol>
      <symbol id="sm-c30">
         <name>__TI_readmsg</name>
         <value>0x2257</value>
         <object_component_ref idref="oc-76a"/>
      </symbol>
      <symbol id="sm-c31">
         <name>C$$IO$$</name>
         <value>0x2253</value>
         <object_component_ref idref="oc-76a"/>
      </symbol>
      <symbol id="sm-c32">
         <name>__CIOBUF_</name>
         <value>0x20000628</value>
         <object_component_ref idref="oc-7a2"/>
      </symbol>
      <symbol id="sm-c33">
         <name>__TI_writemsg</name>
         <value>0x2225</value>
         <object_component_ref idref="oc-76a"/>
      </symbol>
      <symbol id="sm-c65">
         <name>__TI_cleanup</name>
         <value>0xeed</value>
         <object_component_ref idref="oc-6ba"/>
      </symbol>
      <symbol id="sm-c66">
         <name>freopen</name>
         <value>0xf19</value>
         <object_component_ref idref="oc-6ba"/>
      </symbol>
      <symbol id="sm-c67">
         <name>fopen</name>
         <value>0xf43</value>
         <object_component_ref idref="oc-6ba"/>
      </symbol>
      <symbol id="sm-c84">
         <name>open</name>
         <value>0x18fd</value>
         <object_component_ref idref="oc-707"/>
      </symbol>
      <symbol id="sm-c9a">
         <name>__TI_closefile</name>
         <value>0x1d11</value>
         <object_component_ref idref="oc-70d"/>
      </symbol>
      <symbol id="sm-c9b">
         <name>fclose</name>
         <value>0x1d77</value>
         <object_component_ref idref="oc-70d"/>
      </symbol>
      <symbol id="sm-cba">
         <name>finddevice</name>
         <value>0x2015</value>
         <object_component_ref idref="oc-750"/>
      </symbol>
      <symbol id="sm-cbb">
         <name>getdevice</name>
         <value>0x203f</value>
         <object_component_ref idref="oc-750"/>
      </symbol>
      <symbol id="sm-ccc">
         <name>strchr</name>
         <value>0x3063</value>
         <object_component_ref idref="oc-78c"/>
      </symbol>
      <symbol id="sm-cdb">
         <name>strcmp</name>
         <value>0x3035</value>
         <object_component_ref idref="oc-786"/>
      </symbol>
      <symbol id="sm-ceb">
         <name>strncpy</name>
         <value>0x2b59</value>
         <object_component_ref idref="oc-792"/>
      </symbol>
      <symbol id="sm-cfb">
         <name>unlink</name>
         <value>0x2ca9</value>
         <object_component_ref idref="oc-75f"/>
      </symbol>
      <symbol id="sm-d0f">
         <name>close</name>
         <value>0x23b5</value>
         <object_component_ref idref="oc-759"/>
      </symbol>
      <symbol id="sm-d10">
         <name>__TI_static_base__</name>
         <value>0x0</value>
      </symbol>
      <symbol id="sm-d13">
         <name>NMI_Handler</name>
         <value>0x33dd</value>
      </symbol>
      <symbol id="sm-d14">
         <name>HardFault_Handler</name>
         <value>0x33dd</value>
      </symbol>
      <symbol id="sm-d15">
         <name>MemManage_Handler</name>
         <value>0x33dd</value>
      </symbol>
      <symbol id="sm-d16">
         <name>BusFault_Handler</name>
         <value>0x33dd</value>
      </symbol>
      <symbol id="sm-d17">
         <name>UsageFault_Handler</name>
         <value>0x33dd</value>
      </symbol>
      <symbol id="sm-d18">
         <name>SVC_Handler</name>
         <value>0x33dd</value>
      </symbol>
      <symbol id="sm-d19">
         <name>DebugMon_Handler</name>
         <value>0x33dd</value>
      </symbol>
      <symbol id="sm-d1a">
         <name>PendSV_Handler</name>
         <value>0x33dd</value>
      </symbol>
      <symbol id="sm-d1b">
         <name>SysTick_Handler</name>
         <value>0x33dd</value>
      </symbol>
      <symbol id="sm-d1c">
         <name>PSS_IRQHandler</name>
         <value>0x33dd</value>
      </symbol>
      <symbol id="sm-d1d">
         <name>CS_IRQHandler</name>
         <value>0x33dd</value>
      </symbol>
      <symbol id="sm-d1e">
         <name>PCM_IRQHandler</name>
         <value>0x33dd</value>
      </symbol>
      <symbol id="sm-d1f">
         <name>WDT_A_IRQHandler</name>
         <value>0x33dd</value>
      </symbol>
      <symbol id="sm-d20">
         <name>FPU_IRQHandler</name>
         <value>0x33dd</value>
      </symbol>
      <symbol id="sm-d21">
         <name>FLCTL_IRQHandler</name>
         <value>0x33dd</value>
      </symbol>
      <symbol id="sm-d22">
         <name>COMP_E0_IRQHandler</name>
         <value>0x33dd</value>
      </symbol>
      <symbol id="sm-d23">
         <name>COMP_E1_IRQHandler</name>
         <value>0x33dd</value>
      </symbol>
      <symbol id="sm-d24">
         <name>TA0_0_IRQHandler</name>
         <value>0x33dd</value>
      </symbol>
      <symbol id="sm-d25">
         <name>TA0_N_IRQHandler</name>
         <value>0x33dd</value>
      </symbol>
      <symbol id="sm-d26">
         <name>TA1_0_IRQHandler</name>
         <value>0x33dd</value>
      </symbol>
      <symbol id="sm-d27">
         <name>TA1_N_IRQHandler</name>
         <value>0x33dd</value>
      </symbol>
      <symbol id="sm-d28">
         <name>TA2_0_IRQHandler</name>
         <value>0x33dd</value>
      </symbol>
      <symbol id="sm-d29">
         <name>TA2_N_IRQHandler</name>
         <value>0x33dd</value>
      </symbol>
      <symbol id="sm-d2a">
         <name>TA3_0_IRQHandler</name>
         <value>0x33dd</value>
      </symbol>
      <symbol id="sm-d2b">
         <name>TA3_N_IRQHandler</name>
         <value>0x33dd</value>
      </symbol>
      <symbol id="sm-d2c">
         <name>EUSCIA0_IRQHandler</name>
         <value>0x33dd</value>
      </symbol>
      <symbol id="sm-d2d">
         <name>EUSCIA1_IRQHandler</name>
         <value>0x33dd</value>
      </symbol>
      <symbol id="sm-d2e">
         <name>EUSCIA2_IRQHandler</name>
         <value>0x33dd</value>
      </symbol>
      <symbol id="sm-d2f">
         <name>EUSCIA3_IRQHandler</name>
         <value>0x33dd</value>
      </symbol>
      <symbol id="sm-d30">
         <name>EUSCIB0_IRQHandler</name>
         <value>0x33dd</value>
      </symbol>
      <symbol id="sm-d31">
         <name>EUSCIB1_IRQHandler</name>
         <value>0x33dd</value>
      </symbol>
      <symbol id="sm-d32">
         <name>EUSCIB2_IRQHandler</name>
         <value>0x33dd</value>
      </symbol>
      <symbol id="sm-d33">
         <name>EUSCIB3_IRQHandler</name>
         <value>0x33dd</value>
      </symbol>
      <symbol id="sm-d34">
         <name>ADC14_IRQHandler</name>
         <value>0x33dd</value>
      </symbol>
      <symbol id="sm-d35">
         <name>T32_INT1_IRQHandler</name>
         <value>0x111b</value>
      </symbol>
      <symbol id="sm-d36">
         <name>T32_INT2_IRQHandler</name>
         <value>0x33dd</value>
      </symbol>
      <symbol id="sm-d37">
         <name>T32_INTC_IRQHandler</name>
         <value>0x33dd</value>
      </symbol>
      <symbol id="sm-d38">
         <name>AES256_IRQHandler</name>
         <value>0x33dd</value>
      </symbol>
      <symbol id="sm-d39">
         <name>RTC_C_IRQHandler</name>
         <value>0x33dd</value>
      </symbol>
      <symbol id="sm-d3a">
         <name>DMA_ERR_IRQHandler</name>
         <value>0x33dd</value>
      </symbol>
      <symbol id="sm-d3b">
         <name>DMA_INT3_IRQHandler</name>
         <value>0x33dd</value>
      </symbol>
      <symbol id="sm-d3c">
         <name>DMA_INT2_IRQHandler</name>
         <value>0x33dd</value>
      </symbol>
      <symbol id="sm-d3d">
         <name>DMA_INT1_IRQHandler</name>
         <value>0x33dd</value>
      </symbol>
      <symbol id="sm-d3e">
         <name>DMA_INT0_IRQHandler</name>
         <value>0x33dd</value>
      </symbol>
      <symbol id="sm-d3f">
         <name>PORT1_IRQHandler</name>
         <value>0x33dd</value>
      </symbol>
      <symbol id="sm-d40">
         <name>PORT2_IRQHandler</name>
         <value>0x33dd</value>
      </symbol>
      <symbol id="sm-d41">
         <name>PORT3_IRQHandler</name>
         <value>0x33dd</value>
      </symbol>
      <symbol id="sm-d42">
         <name>PORT4_IRQHandler</name>
         <value>0x33dd</value>
      </symbol>
      <symbol id="sm-d43">
         <name>PORT5_IRQHandler</name>
         <value>0x33dd</value>
      </symbol>
      <symbol id="sm-d44">
         <name>PORT6_IRQHandler</name>
         <value>0x33dd</value>
      </symbol>
      <symbol id="sm-d45">
         <name>remove</name>
         <value>0x2ca9</value>
      </symbol>
   </symbol_table>
   <title>Link successful</title>
</link_info>
